Archive member included because of file (symbol)

contiki-sky.a(rimeaddr.o)     obj_sky/contiki-sky-main.o (rimeaddr_copy)
contiki-sky.a(csma.o)         obj_sky/contiki-sky-main.o (csma_driver)
contiki-sky.a(contikimac.o)   obj_sky/contiki-sky-main.o (contikimac_driver)
contiki-sky.a(phase.o)        contiki-sky.a(contikimac.o) (phase_update)
contiki-sky.a(process.o)      obj_sky/contiki-sky-main.o (process_init)
contiki-sky.a(autostart.o)    obj_sky/contiki-sky-main.o (autostart_start)
contiki-sky.a(compower.o)     contiki-sky.a(contikimac.o) (compower_accumulate)
contiki-sky.a(memb.o)         contiki-sky.a(csma.o) (memb_init)
contiki-sky.a(timer.o)        obj_sky/contiki-sky-main.o (timer_set)
contiki-sky.a(list.o)         contiki-sky.a(csma.o) (list_init)
contiki-sky.a(etimer.o)       obj_sky/contiki-sky-main.o (etimer_process)
contiki-sky.a(ctimer.o)       obj_sky/contiki-sky-main.o (ctimer_init)
contiki-sky.a(energest.o)     obj_sky/contiki-sky-main.o (energest_init)
contiki-sky.a(rtimer.o)       obj_sky/contiki-sky-main.o (rtimer_init)
contiki-sky.a(random.o)       obj_sky/contiki-sky-main.o (random_init)
contiki-sky.a(nbr-table.o)    contiki-sky.a(phase.o) (nbr_table_register)
contiki-sky.a(packetbuf.o)    contiki-sky.a(contikimac.o) (packetbuf_hdr_remove)
contiki-sky.a(queuebuf.o)     obj_sky/contiki-sky-main.o (queuebuf_init)
contiki-sky.a(sicslowpan.o)   obj_sky/contiki-sky-main.o (sicslowpan_driver)
contiki-sky.a(tcpip.o)        contiki-sky.a(sicslowpan.o) (tcpip_set_outputfunc)
contiki-sky.a(uip-ds6-route.o)
                              contiki-sky.a(tcpip.o) (uip_ds6_route_nexthop)
contiki-sky.a(uip-ds6-nbr.o)  contiki-sky.a(tcpip.o) (uip_ds6_nbr_add)
contiki-sky.a(uip-ds6.o)      contiki-sky.a(tcpip.o) (uip_ds6_is_addr_onlink)
contiki-sky.a(uip-nd6.o)      contiki-sky.a(tcpip.o) (uip_nd6_ns_output)
contiki-sky.a(uip-udp-packet.)
                              obj_sky/networking.o (uip_udp_packet_send)
contiki-sky.a(uip6.o)         contiki-sky.a(sicslowpan.o) (uip_aligned_buf)
contiki-sky.a(contiki-sky-pla)
                              obj_sky/contiki-sky-main.o (init_platform)
contiki-sky.a(sht11-sensor.o)
                              obj_sky/sky.o (sht11_sensor)
contiki-sky.a(button-sensor.o)
                              contiki-sky.a(contiki-sky-pla) (button_sensor)
contiki-sky.a(ds2411.o)       obj_sky/contiki-sky-main.o (ds2411_init)
contiki-sky.a(xmem.o)         obj_sky/contiki-sky-main.o (xmem_init)
contiki-sky.a(node-id.o)      obj_sky/contiki-sky-main.o (node_id_restore)
contiki-sky.a(sensors.o)      contiki-sky.a(button-sensor.o) (sensors_changed)
contiki-sky.a(cc2420.o)       obj_sky/contiki-sky-main.o (cc2420_set_channel)
contiki-sky.a(cc2420-arch.o)  contiki-sky.a(cc2420.o) (cc2420_arch_init)
contiki-sky.a(uart1.o)        obj_sky/contiki-sky-main.o (uart1_active)
contiki-sky.a(uart1-putchar.o)
                              obj_sky/contiki-sky-main.o (putchar)
contiki-sky.a(msp430.o)       contiki-sky.a(uart1.o) (msp430_add_lpm_req)
contiki-sky.a(clock.o)        contiki-sky.a(timer.o) (clock_time)
contiki-sky.a(leds.o)         obj_sky/contiki-sky-main.o (leds_init)
contiki-sky.a(leds-arch.o)    contiki-sky.a(leds.o) (leds_arch_init)
contiki-sky.a(watchdog.o)     obj_sky/contiki-sky-main.o (watchdog_start)
contiki-sky.a(rtimer-arch.o)  contiki-sky.a(rtimer.o) (rtimer_arch_init)
contiki-sky.a(mac.o)          contiki-sky.a(csma.o) (mac_call_sent_callback)
contiki-sky.a(framer-802154.o)
                              contiki-sky.a(contikimac.o) (framer_802154)
contiki-sky.a(rpl.o)          contiki-sky.a(uip-ds6-nbr.o) (rpl_link_neighbor_callback)
contiki-sky.a(rpl-dag.o)      contiki-sky.a(rpl.o) (rpl_dag_init)
contiki-sky.a(rpl-icmp6.o)    contiki-sky.a(rpl.o) (dao_output_target)
contiki-sky.a(rpl-timers.o)   contiki-sky.a(rpl.o) (rpl_reset_periodic_timer)
contiki-sky.a(rpl-mrhof.o)    contiki-sky.a(rpl-dag.o) (rpl_mrhof)
contiki-sky.a(rpl-ext-header.)
                              contiki-sky.a(uip6.o) (rpl_verify_header)
contiki-sky.a(stimer.o)       contiki-sky.a(tcpip.o) (stimer_set)
contiki-sky.a(uip-icmp6.o)    contiki-sky.a(uip6.o) (uip_icmp6_echo_request_input)
contiki-sky.a(sht11.o)        contiki-sky.a(sht11-sensor.o) (sht11_init)
contiki-sky.a(spi.o)          contiki-sky.a(xmem.o) (spi_init)
contiki-sky.a(frame802154.o)  contiki-sky.a(framer-802154.o) (frame802154_hdrlen)
/usr/lib/gcc/msp430/4.6.3/mmpy-16/libgcc.a(_mulsi3.o)
                              contiki-sky.a(csma.o) (__mulsi3)
/usr/lib/gcc/msp430/4.6.3/mmpy-16/libgcc.a(_udivmod16.o)
                              contiki-sky.a(rpl-dag.o) (__udivhi3)
/usr/lib/gcc/msp430/4.6.3/mmpy-16/libgcc.a(_divmod16.o)
                              contiki-sky.a(nbr-table.o) (__divhi3)
/usr/lib/gcc/msp430/4.6.3/mmpy-16/libgcc.a(_udivmod32.o)
                              obj_sky/contiki-sky-main.o (__udivsi3)
/usr/lib/gcc/msp430/4.6.3/../../../../msp430/lib/mmpy-16/libc.a(strncmp.o)
[...]
Memory Configuration

Name             Origin             Length             Attributes
sfr              0x0000000000000000 0x0000000000000010
peripheral_8bit  0x0000000000000010 0x00000000000000f0
peripheral_16bit 0x0000000000000100 0x0000000000000100
ram_mirror       0x0000000000000200 0x0000000000000800 xw
infomem          0x0000000000001000 0x0000000000000100
infob            0x0000000000001000 0x0000000000000080
infoa            0x0000000000001080 0x0000000000000080
ram              0x0000000000001100 0x0000000000002800 xw
rom              0x0000000000004000 0x000000000000bfe0 xr
vectors          0x000000000000ffe0 0x0000000000000020
bsl              0x0000000000000000 0x0000000000000000
infoc            0x0000000000000000 0x0000000000000000
infod            0x0000000000000000 0x0000000000000000
ram2             0x0000000000000000 0x0000000000000000 xw
usbram           0x0000000000000000 0x0000000000000000 xw
far_rom          0x0000000000000000 0x0000000000000000
*default*        0x0000000000000000 0xffffffffffffffff

Linker script and memory map

LOAD /usr/lib/gcc/msp430/4.6.3/mmpy-16/crt0ivtbl16.o
LOAD node.co
LOAD obj_sky/networking.o
LOAD obj_sky/sky.o
LOAD obj_sky/contiki-sky-main.o
LOAD contiki-sky.a
LOAD /usr/lib/gcc/msp430/4.6.3/mmpy-16/libgcc.a
LOAD /usr/lib/gcc/msp430/4.6.3/../../../../msp430/lib/mmpy-16/libc.a
LOAD /usr/lib/gcc/msp430/4.6.3/mmpy-16/libgcc.a
LOAD /usr/lib/gcc/msp430/4.6.3/mmpy-16/libcrt0.a
                0x0000000000000080                PROVIDE (__info_segment_size, 0x80)
                0x0000000000001000                PROVIDE (__infob, 0x1000)
                0x0000000000001080                PROVIDE (__infoa, 0x1080)
                0x0000000000000000                __IE1 = 0x0
                0x0000000000000002                __IFG1 = 0x2
                0x0000000000000004                __ME1 = 0x4
                0x0000000000000001                __IE2 = 0x1
                0x0000000000000003                __IFG2 = 0x3
                0x0000000000000005                __ME2 = 0x5
                0x0000000000000120                __WDTCTL = 0x120
                0x0000000000000130                __MPY = 0x130
                0x0000000000000132                __MPYS = 0x132
                0x0000000000000134                __MAC = 0x134
                0x0000000000000136                __MACS = 0x136
                0x0000000000000138                __OP2 = 0x138
                0x000000000000013a                __RESLO = 0x13a
                0x000000000000013c                __RESHI = 0x13c
                0x000000000000013e                __SUMEXT = 0x13e
                0x0000000000000020                __P1IN = 0x20
                0x0000000000000021                __P1OUT = 0x21
                0x0000000000000022                __P1DIR = 0x22
                0x0000000000000023                __P1IFG = 0x23
                0x0000000000000024                __P1IES = 0x24
                0x0000000000000025                __P1IE = 0x25
                0x0000000000000026                __P1SEL = 0x26
                0x0000000000000028                __P2IN = 0x28
                0x0000000000000029                __P2OUT = 0x29
                0x000000000000002a                __P2DIR = 0x2a
                0x000000000000002b                __P2IFG = 0x2b
                0x000000000000002c                __P2IES = 0x2c
                0x000000000000002d                __P2IE = 0x2d
                0x000000000000002e                __P2SEL = 0x2e
                0x0000000000000018                __P3IN = 0x18
                0x0000000000000019                __P3OUT = 0x19
                0x000000000000001a                __P3DIR = 0x1a
                0x000000000000001b                __P3SEL = 0x1b
                0x000000000000001c                __P4IN = 0x1c
                0x000000000000001d                __P4OUT = 0x1d
                0x000000000000001e                __P4DIR = 0x1e
                0x000000000000001f                __P4SEL = 0x1f
                0x0000000000000030                __P5IN = 0x30
                0x0000000000000031                __P5OUT = 0x31
                0x0000000000000032                __P5DIR = 0x32
                0x0000000000000033                __P5SEL = 0x33
                0x0000000000000034                __P6IN = 0x34
                0x0000000000000035                __P6OUT = 0x35
                0x0000000000000036                __P6DIR = 0x36
                0x0000000000000037                __P6SEL = 0x37
                0x0000000000000070                __U0CTL = 0x70
                0x0000000000000071                __U0TCTL = 0x71
                0x0000000000000072                __U0RCTL = 0x72
                0x0000000000000073                __U0MCTL = 0x73
                0x0000000000000074                __U0BR0 = 0x74
                0x0000000000000075                __U0BR1 = 0x75
                0x0000000000000076                __U0RXBUF = 0x76
                0x0000000000000077                __U0TXBUF = 0x77
                0x0000000000000078                __U1CTL = 0x78
                0x0000000000000079                __U1TCTL = 0x79
                0x000000000000007a                __U1RCTL = 0x7a
                0x000000000000007b                __U1MCTL = 0x7b
                0x000000000000007c                __U1BR0 = 0x7c
                0x000000000000007d                __U1BR1 = 0x7d
                0x000000000000007e                __U1RXBUF = 0x7e
                0x000000000000007f                __U1TXBUF = 0x7f
                0x0000000000000050                __I2CIE = 0x50
                0x0000000000000051                __I2CIFG = 0x51
                0x0000000000000052                __I2CNDAT = 0x52
                0x0000000000000071                __I2CTCTL = 0x71
                0x0000000000000072                __I2CDCTL = 0x72
                0x0000000000000073                __I2CPSC = 0x73
                0x0000000000000074                __I2CSCLH = 0x74
                0x0000000000000075                __I2CSCLL = 0x75
                0x0000000000000076                __I2CDRB = 0x76
                0x0000000000000076                __I2CDRW = 0x76
                0x0000000000000118                __I2COA = 0x118
                0x000000000000011a                __I2CSA = 0x11a
                0x000000000000011c                __I2CIV = 0x11c
                0x000000000000012e                __TAIV = 0x12e
                0x0000000000000160                __TACTL = 0x160
                0x0000000000000162                __TACCTL0 = 0x162
                0x0000000000000164                __TACCTL1 = 0x164
                0x0000000000000166                __TACCTL2 = 0x166
                0x0000000000000170                __TAR = 0x170
                0x0000000000000172                __TACCR0 = 0x172
                0x0000000000000174                __TACCR1 = 0x174
                0x0000000000000176                __TACCR2 = 0x176
                0x000000000000011e                __TBIV = 0x11e
                0x0000000000000180                __TBCTL = 0x180
                0x0000000000000182                __TBCCTL0 = 0x182
                0x0000000000000184                __TBCCTL1 = 0x184
                0x0000000000000186                __TBCCTL2 = 0x186
                0x0000000000000188                __TBCCTL3 = 0x188
                0x000000000000018a                __TBCCTL4 = 0x18a
                0x000000000000018c                __TBCCTL5 = 0x18c
                0x000000000000018e                __TBCCTL6 = 0x18e
                0x0000000000000190                __TBR = 0x190
                0x0000000000000192                __TBCCR0 = 0x192
                0x0000000000000194                __TBCCR1 = 0x194
                0x0000000000000196                __TBCCR2 = 0x196
                0x0000000000000198                __TBCCR3 = 0x198
                0x000000000000019a                __TBCCR4 = 0x19a
                0x000000000000019c                __TBCCR5 = 0x19c
                0x000000000000019e                __TBCCR6 = 0x19e
                0x0000000000000056                __DCOCTL = 0x56
                0x0000000000000057                __BCSCTL1 = 0x57
                0x0000000000000058                __BCSCTL2 = 0x58
                0x0000000000000055                __SVSCTL = 0x55
                0x0000000000000128                __FCTL1 = 0x128
                0x000000000000012a                __FCTL2 = 0x12a
                0x000000000000012c                __FCTL3 = 0x12c
                0x0000000000000059                __CACTL1 = 0x59
                0x000000000000005a                __CACTL2 = 0x5a
                0x000000000000005b                __CAPD = 0x5b
                0x00000000000001a0                __ADC12CTL0 = 0x1a0
                0x00000000000001a2                __ADC12CTL1 = 0x1a2
                0x00000000000001a4                __ADC12IFG = 0x1a4
                0x00000000000001a6                __ADC12IE = 0x1a6
                0x00000000000001a8                __ADC12IV = 0x1a8
                0x0000000000000140                __ADC12MEM0 = 0x140
                0x0000000000000142                __ADC12MEM1 = 0x142
                0x0000000000000144                __ADC12MEM2 = 0x144
                0x0000000000000146                __ADC12MEM3 = 0x146
                0x0000000000000148                __ADC12MEM4 = 0x148
                0x000000000000014a                __ADC12MEM5 = 0x14a
                0x000000000000014c                __ADC12MEM6 = 0x14c
                0x000000000000014e                __ADC12MEM7 = 0x14e
                0x0000000000000150                __ADC12MEM8 = 0x150
                0x0000000000000152                __ADC12MEM9 = 0x152
                0x0000000000000154                __ADC12MEM10 = 0x154
                0x0000000000000156                __ADC12MEM11 = 0x156
                0x0000000000000158                __ADC12MEM12 = 0x158
                0x000000000000015a                __ADC12MEM13 = 0x15a
                0x000000000000015c                __ADC12MEM14 = 0x15c
                0x000000000000015e                __ADC12MEM15 = 0x15e
                0x0000000000000080                __ADC12MCTL0 = 0x80
                0x0000000000000081                __ADC12MCTL1 = 0x81
                0x0000000000000082                __ADC12MCTL2 = 0x82
                0x0000000000000083                __ADC12MCTL3 = 0x83
                0x0000000000000084                __ADC12MCTL4 = 0x84
                0x0000000000000085                __ADC12MCTL5 = 0x85
                0x0000000000000086                __ADC12MCTL6 = 0x86
                0x0000000000000087                __ADC12MCTL7 = 0x87
                0x0000000000000088                __ADC12MCTL8 = 0x88
                0x0000000000000089                __ADC12MCTL9 = 0x89
                0x000000000000008a                __ADC12MCTL10 = 0x8a
                0x000000000000008b                __ADC12MCTL11 = 0x8b
                0x000000000000008c                __ADC12MCTL12 = 0x8c
                0x000000000000008d                __ADC12MCTL13 = 0x8d
                0x000000000000008e                __ADC12MCTL14 = 0x8e
                0x000000000000008f                __ADC12MCTL15 = 0x8f
                0x00000000000001c0                __DAC12_0CTL = 0x1c0
                0x00000000000001c2                __DAC12_1CTL = 0x1c2
                0x00000000000001c8                __DAC12_0DAT = 0x1c8
                0x00000000000001ca                __DAC12_1DAT = 0x1ca
                0x0000000000000122                __DMACTL0 = 0x122
                0x0000000000000124                __DMACTL1 = 0x124
                0x00000000000001e0                __DMA0CTL = 0x1e0
                0x00000000000001e8                __DMA1CTL = 0x1e8
                0x00000000000001f0                __DMA2CTL = 0x1f0
                0x00000000000001e2                __DMA0SA = 0x1e2
                0x00000000000001e4                __DMA0DA = 0x1e4
                0x00000000000001e6                __DMA0SZ = 0x1e6
                0x00000000000001ea                __DMA1SA = 0x1ea
                0x00000000000001ec                __DMA1DA = 0x1ec
                0x00000000000001ee                __DMA1SZ = 0x1ee
                0x00000000000001f2                __DMA2SA = 0x1f2
                0x00000000000001f4                __DMA2DA = 0x1f4
                0x00000000000001f6                __DMA2SZ = 0x1f6

.hash
 *(.hash)

.dynsym
 *(.dynsym)

.dynstr
 *(.dynstr)

.gnu.version
 *(.gnu.version)

.gnu.version_d
 *(.gnu.version_d)

.gnu.version_r
 *(.gnu.version_r)

.rel.init
 *(.rel.init)

.rela.init
 *(.rela.init)

.rel.fini
 *(.rel.fini)

.rela.fini
 *(.rela.fini)

.rel.text
 *(.rel.text .rel.text.* .rel.gnu.linkonce.t.*)

.rela.text
 *(.rela.text .rela.text.* .rela.gnu.linkonce.t.*)

.rel.rodata
 *(.rel.rodata .rel.rodata.* .rel.gnu.linkonce.r.*)

.rela.rodata
 *(.rela.rodata .rela.rodata.* .rela.gnu.linkonce.r.*)

.rel.data
 *(.rel.data .rel.data.* .rel.gnu.linkonce.d.*)

.rela.data
 *(.rela.data .rela.data.* .rela.gnu.linkonce.d.*)

.rel.bss
 *(.rel.bss .rel.bss.* .rel.gnu.linkonce.b.*)

.rela.bss
 *(.rela.bss .rela.bss.* .rela.gnu.linkonce.b.*)

.rel.ctors
 *(.rel.ctors)

.rela.ctors
 *(.rela.ctors)

.rel.dtors
 *(.rel.dtors)

.rela.dtors
 *(.rela.dtors)

.rel.got
 *(.rel.got)

.rela.got
 *(.rela.got)

.rel.plt
 *(.rel.plt)

.rela.plt
 *(.rela.plt)

.text           0x0000000000004000     0x9ffa
                0x0000000000004000                . = ALIGN (0x2)
 *(.init .init.*)
 *(.init0)
 .init0         0x0000000000004000        0x0 /usr/lib/gcc/msp430/4.6.3/mmpy-16/libcrt0.a(_reset_vector__.o)
                0x0000000000004000                _reset_vector__
 *(.init1)
 .init1         0x0000000000004000        0xc /usr/lib/gcc/msp430/4.6.3/mmpy-16/libcrt0.a(__watchdog_support.o)
                0x0000000000004000                __watchdog_support
 *(.init2)
 .init2         0x000000000000400c        0x4 /usr/lib/gcc/msp430/4.6.3/mmpy-16/libcrt0.a(__init_stack.o)
                0x000000000000400c                __init_stack
 *(.init3)
 .init3         0x0000000000004010        0x0 /usr/lib/gcc/msp430/4.6.3/mmpy-16/libcrt0.a(__low_level_init.o)
                0x0000000000004010                __low_level_init
 *(.init4)
 .init4         0x0000000000004010       0x18 /usr/lib/gcc/msp430/4.6.3/mmpy-16/libcrt0.a(_copy_data.o)
                0x0000000000004010                __do_copy_data
 .init4         0x0000000000004028       0x16 /usr/lib/gcc/msp430/4.6.3/mmpy-16/libcrt0.a(_clear_bss.o)
                0x0000000000004028                __do_clear_bss
 *(.init5)
 *(.init6)
 *(.init7)
 *(.init8)
 *(.init9)
 .init9         0x000000000000403e      0x33e obj_sky/contiki-sky-main.o
                0x000000000000403e                main
 *(.fini9)
 .fini9         0x000000000000437c        0x0 /usr/lib/gcc/msp430/4.6.3/mmpy-16/libcrt0.a(__stop_progExec__.o)
                0x000000000000437c                __stop_progExec__
 *(.fini8)
 *(.fini7)
 *(.fini6)
 *(.fini5)
 *(.fini4)
 *(.fini3)
 *(.fini2)
 *(.fini1)
 *(.fini0)
 .fini0         0x000000000000437c        0x6 /usr/lib/gcc/msp430/4.6.3/mmpy-16/libcrt0.a(_endless_loop__.o)
                0x000000000000437c                _endless_loop__
 *(.fini .fini.*)
                0x0000000000004382                . = ALIGN (0x2)
                0x0000000000004382                __ctors_start = .
 *(.ctors)
                0x0000000000004382                __ctors_end = .
                0x0000000000004382                __dtors_start = .
 *(.dtors)
                0x0000000000004382                __dtors_end = .
                0x0000000000004382                . = ALIGN (0x2)
 *(.text .text.* .gnu.linkonce.t.*)
 .text          0x0000000000004382        0x4 /usr/lib/gcc/msp430/4.6.3/mmpy-16/crt0ivtbl16.o
                0x0000000000004382                __isr_14
                0x0000000000004382                __isr_11
                0x0000000000004382                __isr_2
                0x0000000000004382                __isr_7
                0x0000000000004382                __isr_0
                0x0000000000004382                __isr_8
                0x0000000000004382                __isr_3
                0x0000000000004382                __isr_12
                0x0000000000004382                __isr_13
                0x0000000000004382                __isr_9
 .text.process_thread_main_proc
                0x0000000000004386       0x86 node.co
 .text.conn_set_up
                0x000000000000440c       0x46 obj_sky/networking.o
                0x000000000000440c                conn_set_up
 .text.send_data
                0x0000000000004452       0x16 obj_sky/networking.o
                0x0000000000004452                send_data
 .text.read_temp
                0x0000000000004468       0x30 obj_sky/sky.o
                0x0000000000004468                read_temp
 .text.init_template
                0x0000000000004498       0x32 obj_sky/sky.o
                0x0000000000004498                init_template
 .text.rimeaddr_copy
                0x00000000000044ca        0x8 contiki-sky.a(rimeaddr.o)
                0x00000000000044ca                rimeaddr_copy
 .text.rimeaddr_cmp
                0x00000000000044d2       0x12 contiki-sky.a(rimeaddr.o)
                0x00000000000044d2                rimeaddr_cmp
 .text.rimeaddr_set_node_addr
                0x00000000000044e4        0xc contiki-sky.a(rimeaddr.o)
                0x00000000000044e4                rimeaddr_set_node_addr
 .text.input_packet
                0x00000000000044f0        0x6 contiki-sky.a(csma.o)
 .text.on       0x00000000000044f6        0x6 contiki-sky.a(csma.o)
 .text.off      0x00000000000044fc        0x6 contiki-sky.a(csma.o)
 .text.channel_check_interval
                0x0000000000004502       0x10 contiki-sky.a(csma.o)
 .text.transmit_packet_list
                0x0000000000004512       0x24 contiki-sky.a(csma.o)
 .text.send_packet
                0x0000000000004536      0x164 contiki-sky.a(csma.o)
 .text.init     0x000000000000469a       0x1a contiki-sky.a(csma.o)
 .text.free_packet
                0x00000000000046b4       0x9c contiki-sky.a(csma.o)
 .text.packet_sent
                0x0000000000004750      0x130 contiki-sky.a(csma.o)
 .text.duty_cycle
                0x0000000000004880        0x6 contiki-sky.a(contikimac.o)
 .text.init     0x0000000000004886       0x2e contiki-sky.a(contikimac.o)
 .text.on       0x00000000000048b4       0x1a contiki-sky.a(contikimac.o)
 .text.off      0x00000000000048ce       0x22 contiki-sky.a(contikimac.o)
 .text.recv_burst_off
                0x00000000000048f0        0xa contiki-sky.a(contikimac.o)
 .text.turn_off
                0x00000000000048fa       0x20 contiki-sky.a(contikimac.o)
 .text.turn_on  0x000000000000491a       0x30 contiki-sky.a(contikimac.o)
 .text.schedule_powercycle_fixed.part.4
                0x000000000000494a       0x36 contiki-sky.a(contikimac.o)
 .text.powercycle_turn_radio_off
                0x0000000000004980       0x30 contiki-sky.a(contikimac.o)
 .text.powercycle
                0x00000000000049b0      0x1da contiki-sky.a(contikimac.o)
 .text.input_packet
                0x0000000000004b8a      0x122 contiki-sky.a(contikimac.o)
 .text.send_packet
                0x0000000000004cac      0x29c contiki-sky.a(contikimac.o)
 .text.qsend_packet
                0x0000000000004f48       0x28 contiki-sky.a(contikimac.o)
 .text.qsend_list
                0x0000000000004f70       0x84 contiki-sky.a(contikimac.o)
 .text.send_packet
                0x0000000000004ff4       0x44 contiki-sky.a(phase.o)
 .text.phase_update
                0x0000000000005038       0x90 contiki-sky.a(phase.o)
                0x0000000000005038                phase_update
 .text.phase_wait
                0x00000000000050c8       0xf6 contiki-sky.a(phase.o)
                0x00000000000050c8                phase_wait
 .text.phase_init
                0x00000000000051be       0x14 contiki-sky.a(phase.o)
                0x00000000000051be                phase_init
 .text.call_process
                0x00000000000051d2       0x48 contiki-sky.a(process.o)
 .text.exit_process
                0x000000000000521a       0x94 contiki-sky.a(process.o)
 .text.do_poll  0x00000000000052ae       0x30 contiki-sky.a(process.o)
 .text.process_alloc_event
                0x00000000000052de        0xe contiki-sky.a(process.o)
                0x00000000000052de                process_alloc_event
 .text.process_init
                0x00000000000052ec       0x1c contiki-sky.a(process.o)
                0x00000000000052ec                process_init
 .text.process_run
                0x0000000000005308       0xa2 contiki-sky.a(process.o)
                0x0000000000005308                process_run
 .text.process_nevents
                0x00000000000053aa        0xe contiki-sky.a(process.o)
                0x00000000000053aa                process_nevents
 .text.process_post
                0x00000000000053b8       0x54 contiki-sky.a(process.o)
                0x00000000000053b8                process_post
 .text.process_post_synch
                0x000000000000540c       0x12 contiki-sky.a(process.o)
                0x000000000000540c                process_post_synch
 .text.process_start
                0x000000000000541e       0x32 contiki-sky.a(process.o)
                0x000000000000541e                process_start
 .text.process_poll
                0x0000000000005450       0x18 contiki-sky.a(process.o)
                0x0000000000005450                process_poll
 .text.autostart_start
                0x0000000000005468       0x16 contiki-sky.a(autostart.o)
                0x0000000000005468                autostart_start
 .text.compower_accumulate
                0x000000000000547e       0x72 contiki-sky.a(compower.o)
                0x000000000000547e                compower_accumulate
 .text.compower_clear
                0x00000000000054f0       0x12 contiki-sky.a(compower.o)
                0x00000000000054f0                compower_clear
 .text.compower_attrconv
                0x0000000000005502       0x10 contiki-sky.a(compower.o)
                0x0000000000005502                compower_attrconv
 .text.memb_init
                0x0000000000005512       0x36 contiki-sky.a(memb.o)
                0x0000000000005512                memb_init
 .text.memb_alloc
                0x0000000000005548       0x3e contiki-sky.a(memb.o)
                0x0000000000005548                memb_alloc
 .text.memb_free
                0x0000000000005586       0x3a contiki-sky.a(memb.o)
                0x0000000000005586                memb_free
 .text.memb_inmemb
                0x00000000000055c0       0x2e contiki-sky.a(memb.o)
                0x00000000000055c0                memb_inmemb
 .text.timer_set
                0x00000000000055ee       0x1c contiki-sky.a(timer.o)
                0x00000000000055ee                timer_set
 .text.timer_reset
                0x000000000000560a        0xe contiki-sky.a(timer.o)
                0x000000000000560a                timer_reset
 .text.timer_expired
                0x0000000000005618       0x2a contiki-sky.a(timer.o)
                0x0000000000005618                timer_expired
 .text.list_init
                0x0000000000005642        0x6 contiki-sky.a(list.o)
                0x0000000000005642                list_init
 .text.list_head
                0x0000000000005648        0x4 contiki-sky.a(list.o)
                0x0000000000005648                list_head
 .text.list_tail
                0x000000000000564c       0x12 contiki-sky.a(list.o)
                0x000000000000564c                list_tail
 .text.list_remove
                0x000000000000565e       0x34 contiki-sky.a(list.o)
                0x000000000000565e                list_remove
 .text.list_push
                0x0000000000005692       0x1a contiki-sky.a(list.o)
                0x0000000000005692                list_push
 .text.list_add
                0x00000000000056ac       0x2a contiki-sky.a(list.o)
                0x00000000000056ac                list_add
 .text.list_length
                0x00000000000056d6       0x10 contiki-sky.a(list.o)
                0x00000000000056d6                list_length
 .text.list_item_next
                0x00000000000056e6        0xc contiki-sky.a(list.o)
                0x00000000000056e6                list_item_next
 .text.update_time
                0x00000000000056f2       0x78 contiki-sky.a(etimer.o)
 .text.etimer_request_poll
                0x000000000000576a        0xa contiki-sky.a(etimer.o)
                0x000000000000576a                etimer_request_poll
 .text.process_thread_etimer_process
                0x0000000000005774       0xc8 contiki-sky.a(etimer.o)
 .text.add_timer
                0x000000000000583c       0x40 contiki-sky.a(etimer.o)
 .text.etimer_set
                0x000000000000587c       0x12 contiki-sky.a(etimer.o)
                0x000000000000587c                etimer_set
 .text.etimer_reset
                0x000000000000588e       0x12 contiki-sky.a(etimer.o)
                0x000000000000588e                etimer_reset
 .text.etimer_expired
                0x00000000000058a0        0xe contiki-sky.a(etimer.o)
                0x00000000000058a0                etimer_expired
 .text.etimer_expiration_time
                0x00000000000058ae       0x14 contiki-sky.a(etimer.o)
                0x00000000000058ae                etimer_expiration_time
 .text.etimer_pending
                0x00000000000058c2        0xc contiki-sky.a(etimer.o)
                0x00000000000058c2                etimer_pending
 .text.etimer_next_expiration_time
                0x00000000000058ce       0x16 contiki-sky.a(etimer.o)
                0x00000000000058ce                etimer_next_expiration_time
 .text.etimer_stop
                0x00000000000058e4       0x3c contiki-sky.a(etimer.o)
                0x00000000000058e4                etimer_stop
 .text.process_thread_ctimer_process
                0x0000000000005920       0xa4 contiki-sky.a(ctimer.o)
 .text.ctimer_init
                0x00000000000059c4       0x18 contiki-sky.a(ctimer.o)
                0x00000000000059c4                ctimer_init
 .text.ctimer_set
                0x00000000000059dc       0x5a contiki-sky.a(ctimer.o)
                0x00000000000059dc                ctimer_set
 .text.ctimer_reset
                0x0000000000005a36       0x3a contiki-sky.a(ctimer.o)
                0x0000000000005a36                ctimer_reset
 .text.ctimer_stop
                0x0000000000005a70       0x28 contiki-sky.a(ctimer.o)
                0x0000000000005a70                ctimer_stop
 .text.energest_init
                0x0000000000005a98       0x28 contiki-sky.a(energest.o)
                0x0000000000005a98                energest_init
 .text.energest_type_time
                0x0000000000005ac0       0x46 contiki-sky.a(energest.o)
                0x0000000000005ac0                energest_type_time
 .text.energest_type_set
                0x0000000000005b06        0xe contiki-sky.a(energest.o)
                0x0000000000005b06                energest_type_set
 .text.energest_flush
                0x0000000000005b14       0x48 contiki-sky.a(energest.o)
                0x0000000000005b14                energest_flush
 .text.rtimer_init
                0x0000000000005b5c        0x6 contiki-sky.a(rtimer.o)
                0x0000000000005b5c                rtimer_init
 .text.rtimer_set
                0x0000000000005b62       0x24 contiki-sky.a(rtimer.o)
                0x0000000000005b62                rtimer_set
 .text.rtimer_run_next
                0x0000000000005b86       0x26 contiki-sky.a(rtimer.o)
                0x0000000000005b86                rtimer_run_next
 .text.random_init
                0x0000000000005bac        0x6 contiki-sky.a(random.o)
                0x0000000000005bac                random_init
 .text.random_rand
                0x0000000000005bb2        0x6 contiki-sky.a(random.o)
                0x0000000000005bb2                random_rand
 .text.index_from_key
                0x0000000000005bb8       0x48 contiki-sky.a(nbr-table.o)
 .text.item_from_key
                0x0000000000005c00       0x34 contiki-sky.a(nbr-table.o)
 .text.nbr_set_bit
                0x0000000000005c34       0x8e contiki-sky.a(nbr-table.o)
 .text.index_from_lladdr
                0x0000000000005cc2       0x42 contiki-sky.a(nbr-table.o)
 .text.nbr_get_bit.constprop.0
                0x0000000000005d04       0x62 contiki-sky.a(nbr-table.o)
 .text.nbr_table_register
                0x0000000000005d66       0x28 contiki-sky.a(nbr-table.o)
                0x0000000000005d66                nbr_table_register
 .text.nbr_table_next
                0x0000000000005d8e       0x90 contiki-sky.a(nbr-table.o)
                0x0000000000005d8e                nbr_table_next
 .text.nbr_table_head
                0x0000000000005e1e       0x36 contiki-sky.a(nbr-table.o)
                0x0000000000005e1e                nbr_table_head
 .text.nbr_table_add_lladdr
                0x0000000000005e54      0x144 contiki-sky.a(nbr-table.o)
                0x0000000000005e54                nbr_table_add_lladdr
 .text.nbr_table_get_from_lladdr
                0x0000000000005f98       0x48 contiki-sky.a(nbr-table.o)
                0x0000000000005f98                nbr_table_get_from_lladdr
 .text.nbr_table_remove
                0x0000000000005fe0       0x32 contiki-sky.a(nbr-table.o)
                0x0000000000005fe0                nbr_table_remove
 .text.nbr_table_lock
                0x0000000000006012       0x10 contiki-sky.a(nbr-table.o)
                0x0000000000006012                nbr_table_lock
 .text.nbr_table_unlock
                0x0000000000006022       0x10 contiki-sky.a(nbr-table.o)
                0x0000000000006022                nbr_table_unlock
 .text.nbr_table_get_lladdr
                0x0000000000006032       0x5a contiki-sky.a(nbr-table.o)
                0x0000000000006032                nbr_table_get_lladdr
 .text.packetbuf_copyto_hdr
                0x000000000000608c       0x1c contiki-sky.a(packetbuf.o)
                0x000000000000608c                packetbuf_copyto_hdr
 .text.packetbuf_copyto
                0x00000000000060a8       0x52 contiki-sky.a(packetbuf.o)
                0x00000000000060a8                packetbuf_copyto
 .text.packetbuf_hdr_remove
                0x00000000000060fa        0x6 contiki-sky.a(packetbuf.o)
                0x00000000000060fa                packetbuf_hdr_remove
 .text.packetbuf_hdrreduce
                0x0000000000006100       0x1a contiki-sky.a(packetbuf.o)
                0x0000000000006100                packetbuf_hdrreduce
 .text.packetbuf_set_datalen
                0x000000000000611a        0x6 contiki-sky.a(packetbuf.o)
                0x000000000000611a                packetbuf_set_datalen
 .text.packetbuf_dataptr
                0x0000000000006120        0xe contiki-sky.a(packetbuf.o)
                0x0000000000006120                packetbuf_dataptr
 .text.packetbuf_hdrptr
                0x000000000000612e        0xa contiki-sky.a(packetbuf.o)
                0x000000000000612e                packetbuf_hdrptr
 .text.packetbuf_is_reference
                0x0000000000006138        0xe contiki-sky.a(packetbuf.o)
                0x0000000000006138                packetbuf_is_reference
 .text.packetbuf_compact
                0x0000000000006146       0x48 contiki-sky.a(packetbuf.o)
                0x0000000000006146                packetbuf_compact
 .text.packetbuf_reference_ptr
                0x000000000000618e        0x6 contiki-sky.a(packetbuf.o)
                0x000000000000618e                packetbuf_reference_ptr
 .text.packetbuf_datalen
                0x0000000000006194        0x6 contiki-sky.a(packetbuf.o)
                0x0000000000006194                packetbuf_datalen
 .text.packetbuf_totlen
                0x000000000000619a       0x10 contiki-sky.a(packetbuf.o)
                0x000000000000619a                packetbuf_totlen
 .text.packetbuf_hdralloc
                0x00000000000061aa       0x2e contiki-sky.a(packetbuf.o)
                0x00000000000061aa                packetbuf_hdralloc
 .text.packetbuf_attr_clear
                0x00000000000061d8       0x30 contiki-sky.a(packetbuf.o)
                0x00000000000061d8                packetbuf_attr_clear
 .text.packetbuf_clear
                0x0000000000006208       0x1a contiki-sky.a(packetbuf.o)
                0x0000000000006208                packetbuf_clear
 .text.packetbuf_copyfrom
                0x0000000000006222       0x2e contiki-sky.a(packetbuf.o)
                0x0000000000006222                packetbuf_copyfrom
 .text.packetbuf_attr_copyto
                0x0000000000006250       0x22 contiki-sky.a(packetbuf.o)
                0x0000000000006250                packetbuf_attr_copyto
 .text.packetbuf_attr_copyfrom
                0x0000000000006272       0x24 contiki-sky.a(packetbuf.o)
                0x0000000000006272                packetbuf_attr_copyfrom
 .text.queuebuf_init
                0x0000000000006296       0x1a contiki-sky.a(queuebuf.o)
                0x0000000000006296                queuebuf_init
 .text.queuebuf_new_from_packetbuf
                0x00000000000062b0       0x7e contiki-sky.a(queuebuf.o)
                0x00000000000062b0                queuebuf_new_from_packetbuf
 .text.queuebuf_update_attr_from_packetbuf
                0x000000000000632e       0x12 contiki-sky.a(queuebuf.o)
                0x000000000000632e                queuebuf_update_attr_from_packetbuf
 .text.queuebuf_free
                0x0000000000006340       0x40 contiki-sky.a(queuebuf.o)
                0x0000000000006340                queuebuf_free
 .text.queuebuf_to_packetbuf
                0x0000000000006380       0x6e contiki-sky.a(queuebuf.o)
                0x0000000000006380                queuebuf_to_packetbuf
 .text.queuebuf_attr
                0x00000000000063ee        0xe contiki-sky.a(queuebuf.o)
                0x00000000000063ee                queuebuf_attr
 .text.set_packet_attrs
                0x00000000000063fc       0x44 contiki-sky.a(sicslowpan.o)
 .text.addr_context_lookup_by_number
                0x0000000000006440       0x36 contiki-sky.a(sicslowpan.o)
 .text.compress_addr_64
                0x0000000000006476       0xae contiki-sky.a(sicslowpan.o)
 .text.uncompress_addr
                0x0000000000006524       0xb4 contiki-sky.a(sicslowpan.o)
 .text.input    0x00000000000065d8      0x642 contiki-sky.a(sicslowpan.o)
 .text.sicslowpan_init
                0x0000000000006c1a       0x26 contiki-sky.a(sicslowpan.o)
                0x0000000000006c1a                sicslowpan_init
 .text.addr_context_lookup_by_prefix
                0x0000000000006c40       0x4c contiki-sky.a(sicslowpan.o)
 .text.send_packet
                0x0000000000006c8c       0x1a contiki-sky.a(sicslowpan.o)
 .text.output   0x0000000000006ca6      0x700 contiki-sky.a(sicslowpan.o)
 .text.packet_sent
                0x00000000000073a6       0x22 contiki-sky.a(sicslowpan.o)
 .text.tcpip_output
                0x00000000000073c8       0x10 contiki-sky.a(tcpip.o)
                0x00000000000073c8                tcpip_output
 .text.tcpip_set_outputfunc
                0x00000000000073d8        0x6 contiki-sky.a(tcpip.o)
                0x00000000000073d8                tcpip_set_outputfunc
 .text.udp_new  0x00000000000073de       0x1a contiki-sky.a(tcpip.o)
                0x00000000000073de                udp_new
 .text.tcpip_input
                0x00000000000073f8       0x16 contiki-sky.a(tcpip.o)
                0x00000000000073f8                tcpip_input
 .text.tcpip_ipv6_output
                0x000000000000740e      0x148 contiki-sky.a(tcpip.o)
                0x000000000000740e                tcpip_ipv6_output
 .text.process_thread_tcpip_process
                0x0000000000007556       0xd0 contiki-sky.a(tcpip.o)
 .text.tcpip_uipcall
                0x0000000000007626       0x2a contiki-sky.a(tcpip.o)
                0x0000000000007626                tcpip_uipcall
 .text.call_route_callback
                0x0000000000007650       0x4c contiki-sky.a(uip-ds6-route.o)
 .text.uip_ds6_route_init
                0x000000000000769c       0x2e contiki-sky.a(uip-ds6-route.o)
                0x000000000000769c                uip_ds6_route_init
 .text.uip_ds6_route_nexthop
                0x00000000000076ca       0x1a contiki-sky.a(uip-ds6-route.o)
                0x00000000000076ca                uip_ds6_route_nexthop
 .text.uip_ds6_route_head
                0x00000000000076e4       0x28 contiki-sky.a(uip-ds6-route.o)
                0x00000000000076e4                uip_ds6_route_head
 .text.uip_ds6_route_next
                0x000000000000770c       0x3a contiki-sky.a(uip-ds6-route.o)
                0x000000000000770c                uip_ds6_route_next
 .text.uip_ds6_route_lookup
                0x0000000000007746       0x5e contiki-sky.a(uip-ds6-route.o)
                0x0000000000007746                uip_ds6_route_lookup
 .text.uip_ds6_route_add
                0x00000000000077a4       0xb4 contiki-sky.a(uip-ds6-route.o)
                0x00000000000077a4                uip_ds6_route_add
 .text.uip_ds6_route_rm
                0x0000000000007858       0x60 contiki-sky.a(uip-ds6-route.o)
                0x0000000000007858                uip_ds6_route_rm
 .text.rm_routelist
                0x00000000000078b8       0x30 contiki-sky.a(uip-ds6-route.o)
 .text.rm_routelist_callback
                0x00000000000078e8        0x6 contiki-sky.a(uip-ds6-route.o)
 .text.uip_ds6_defrt_rm
                0x00000000000078ee       0x48 contiki-sky.a(uip-ds6-route.o)
                0x00000000000078ee                uip_ds6_defrt_rm
 .text.uip_ds6_defrt_lookup
                0x0000000000007936       0x36 contiki-sky.a(uip-ds6-route.o)
                0x0000000000007936                uip_ds6_defrt_lookup
 .text.uip_ds6_defrt_add
                0x000000000000796c       0x74 contiki-sky.a(uip-ds6-route.o)
                0x000000000000796c                uip_ds6_defrt_add
 .text.uip_ds6_defrt_choose
                0x00000000000079e0       0x3a contiki-sky.a(uip-ds6-route.o)
                0x00000000000079e0                uip_ds6_defrt_choose
 .text.uip_ds6_defrt_periodic
                0x0000000000007a1a       0x38 contiki-sky.a(uip-ds6-route.o)
                0x0000000000007a1a                uip_ds6_defrt_periodic
 .text.uip_ds6_nbr_rm
                0x0000000000007a52       0x1a contiki-sky.a(uip-ds6-nbr.o)
                0x0000000000007a52                uip_ds6_nbr_rm
 .text.uip_ds6_neighbors_init
                0x0000000000007a6c        0xe contiki-sky.a(uip-ds6-nbr.o)
                0x0000000000007a6c                uip_ds6_neighbors_init
 .text.uip_ds6_nbr_add
                0x0000000000007a7a       0x60 contiki-sky.a(uip-ds6-nbr.o)
                0x0000000000007a7a                uip_ds6_nbr_add
 .text.uip_ds6_nbr_get_ll
                0x0000000000007ada        0xc contiki-sky.a(uip-ds6-nbr.o)
                0x0000000000007ada                uip_ds6_nbr_get_ll
 .text.uip_ds6_nbr_lookup
                0x0000000000007ae6       0x42 contiki-sky.a(uip-ds6-nbr.o)
                0x0000000000007ae6                uip_ds6_nbr_lookup
 .text.uip_ds6_nbr_ll_lookup
                0x0000000000007b28        0xc contiki-sky.a(uip-ds6-nbr.o)
                0x0000000000007b28                uip_ds6_nbr_ll_lookup
 .text.uip_ds6_nbr_ipaddr_from_lladdr
                0x0000000000007b34        0x6 contiki-sky.a(uip-ds6-nbr.o)
                0x0000000000007b34                uip_ds6_nbr_ipaddr_from_lladdr
 .text.uip_ds6_nbr_lladdr_from_ipaddr
                0x0000000000007b3a       0x12 contiki-sky.a(uip-ds6-nbr.o)
                0x0000000000007b3a                uip_ds6_nbr_lladdr_from_ipaddr
 .text.uip_ds6_link_neighbor_callback
                0x0000000000007b4c       0x2a contiki-sky.a(uip-ds6-nbr.o)
                0x0000000000007b4c                uip_ds6_link_neighbor_callback
 .text.uip_ds6_neighbor_periodic
                0x0000000000007b76       0xfc contiki-sky.a(uip-ds6-nbr.o)
                0x0000000000007b76                uip_ds6_neighbor_periodic
 .text.uip_ds6_list_loop
                0x0000000000007c72       0x86 contiki-sky.a(uip-ds6.o)
                0x0000000000007c72                uip_ds6_list_loop
 .text.uip_ds6_prefix_add
                0x0000000000007cf8       0x80 contiki-sky.a(uip-ds6.o)
                0x0000000000007cf8                uip_ds6_prefix_add
 .text.uip_ds6_is_addr_onlink
                0x0000000000007d78       0x54 contiki-sky.a(uip-ds6.o)
                0x0000000000007d78                uip_ds6_is_addr_onlink
 .text.uip_ds6_addr_lookup
                0x0000000000007dcc       0x2a contiki-sky.a(uip-ds6.o)
                0x0000000000007dcc                uip_ds6_addr_lookup
 .text.uip_ds6_get_link_local
                0x0000000000007df6       0x3e contiki-sky.a(uip-ds6.o)
                0x0000000000007df6                uip_ds6_get_link_local
 .text.uip_ds6_maddr_add
                0x0000000000007e34       0x4c contiki-sky.a(uip-ds6.o)
                0x0000000000007e34                uip_ds6_maddr_add
 .text.uip_ds6_addr_add
                0x0000000000007e80       0xc4 contiki-sky.a(uip-ds6.o)
                0x0000000000007e80                uip_ds6_addr_add
 .text.uip_ds6_maddr_lookup
                0x0000000000007f44       0x2a contiki-sky.a(uip-ds6.o)
                0x0000000000007f44                uip_ds6_maddr_lookup
 .text.uip_ds6_addr_rm
                0x0000000000007f6e       0x54 contiki-sky.a(uip-ds6.o)
                0x0000000000007f6e                uip_ds6_addr_rm
 .text.uip_ds6_periodic
                0x0000000000007fc2       0x4a contiki-sky.a(uip-ds6.o)
                0x0000000000007fc2                uip_ds6_periodic
 .text.uip_ds6_set_addr_iid
                0x000000000000800c       0x14 contiki-sky.a(uip-ds6.o)
                0x000000000000800c                uip_ds6_set_addr_iid
 .text.get_match_length
                0x0000000000008020       0x3e contiki-sky.a(uip-ds6.o)
                0x0000000000008020                get_match_length
 .text.uip_ds6_select_src
                0x000000000000805e       0xaa contiki-sky.a(uip-ds6.o)
                0x000000000000805e                uip_ds6_select_src
 .text.uip_ds6_compute_reachable_time
                0x0000000000008108       0x3e contiki-sky.a(uip-ds6.o)
                0x0000000000008108                uip_ds6_compute_reachable_time
 .text.uip_ds6_init
                0x0000000000008146      0x154 contiki-sky.a(uip-ds6.o)
                0x0000000000008146                uip_ds6_init
 .text.create_llao
                0x000000000000829a       0x2c contiki-sky.a(uip-nd6.o)
 .text.uip_nd6_ns_input
                0x00000000000082c6      0x230 contiki-sky.a(uip-nd6.o)
                0x00000000000082c6                uip_nd6_ns_input
 .text.uip_nd6_ns_output
                0x00000000000084f6      0x158 contiki-sky.a(uip-nd6.o)
                0x00000000000084f6                uip_nd6_ns_output
 .text.uip_nd6_na_input
                0x000000000000864e      0x1b6 contiki-sky.a(uip-nd6.o)
                0x000000000000864e                uip_nd6_na_input
 .text.uip_udp_packet_send
                0x0000000000008804       0x2e contiki-sky.a(uip-udp-packet.)
                0x0000000000008804                uip_udp_packet_send
 .text.chksum   0x0000000000008832       0x32 contiki-sky.a(uip6.o)
 .text.upper_layer_chksum
                0x0000000000008864       0x56 contiki-sky.a(uip6.o)
 .text.ext_hdr_options_process
                0x00000000000088ba       0xda contiki-sky.a(uip6.o)
 .text.uip_icmp6chksum
                0x0000000000008994        0xa contiki-sky.a(uip6.o)
                0x0000000000008994                uip_icmp6chksum
 .text.uip_udpchksum
                0x000000000000899e        0xa contiki-sky.a(uip6.o)
                0x000000000000899e                uip_udpchksum
 .text.uip_init
                0x00000000000089a8       0x3a contiki-sky.a(uip6.o)
                0x00000000000089a8                uip_init
 .text.remove_ext_hdr
                0x00000000000089e2       0x5a contiki-sky.a(uip6.o)
                0x00000000000089e2                remove_ext_hdr
 .text.uip_udp_new
                0x0000000000008a3c       0xf4 contiki-sky.a(uip6.o)
                0x0000000000008a3c                uip_udp_new
 .text.uip_process
                0x0000000000008b30      0x4d8 contiki-sky.a(uip6.o)
                0x0000000000008b30                uip_process
 .text.uip_htonl
                0x0000000000009008       0x2e contiki-sky.a(uip6.o)
                0x0000000000009008                uip_htonl
 .text.init_platform
                0x0000000000009036        0xc contiki-sky.a(contiki-sky-pla)
                0x0000000000009036                init_platform
 .text.status   0x0000000000009042       0x18 contiki-sky.a(sht11-sensor.o)
 .text.configure
                0x000000000000905a       0x40 contiki-sky.a(sht11-sensor.o)
 .text.value    0x000000000000909a       0x2e contiki-sky.a(sht11-sensor.o)
 .text.status   0x00000000000090c8       0x16 contiki-sky.a(button-sensor.o)
 .text.configure
                0x00000000000090de       0x52 contiki-sky.a(button-sensor.o)
 .text.value    0x0000000000009130       0x22 contiki-sky.a(button-sensor.o)
 .text.irq_p2   0x0000000000009152       0x8a contiki-sky.a(button-sensor.o)
                0x0000000000009152                irq_p2
                0x0000000000009152                __isr_1
 .text.owreadb  0x00000000000091dc       0x52 contiki-sky.a(ds2411.o)
 .text.ds2411_init
                0x000000000000922e      0x122 contiki-sky.a(ds2411.o)
                0x000000000000922e                ds2411_init
 .text.wait_ready
                0x0000000000009350       0x50 contiki-sky.a(xmem.o)
 .text.xmem_init
                0x00000000000093a0       0x3e contiki-sky.a(xmem.o)
                0x00000000000093a0                xmem_init
 .text.xmem_pread
                0x00000000000093de       0xea contiki-sky.a(xmem.o)
                0x00000000000093de                xmem_pread
 .text.node_id_restore
                0x00000000000094c8       0x38 contiki-sky.a(node-id.o)
                0x00000000000094c8                node_id_restore
 .text.process_thread_sensors_process
                0x0000000000009500       0xbe contiki-sky.a(sensors.o)
 .text.sensors_changed
                0x00000000000095be       0x2a contiki-sky.a(sensors.o)
                0x00000000000095be                sensors_changed
 .text.strobe   0x00000000000095e8       0x20 contiki-sky.a(cc2420.o)
 .text.status   0x0000000000009608       0x26 contiki-sky.a(cc2420.o)
 .text.getreg   0x000000000000962e       0x54 contiki-sky.a(cc2420.o)
 .text.setreg   0x0000000000009682       0x52 contiki-sky.a(cc2420.o)
 .text.set_txpower
                0x00000000000096d4       0x26 contiki-sky.a(cc2420.o)
 .text.cc2420_receiving_packet
                0x00000000000096fa        0xe contiki-sky.a(cc2420.o)
 .text.pending_packet
                0x0000000000009708        0x8 contiki-sky.a(cc2420.o)
 .text.on       0x0000000000009710       0x40 contiki-sky.a(cc2420.o)
 .text.flushrx  0x0000000000009750       0x7a contiki-sky.a(cc2420.o)
 .text.off      0x00000000000097ca       0x72 contiki-sky.a(cc2420.o)
 .text.RELEASE_LOCK
                0x000000000000983c       0x28 contiki-sky.a(cc2420.o)
 .text.cc2420_prepare
                0x0000000000009864       0x8a contiki-sky.a(cc2420.o)
 .text.getrxdata
                0x00000000000098ee       0x56 contiki-sky.a(cc2420.o)
 .text.cc2420_on
                0x0000000000009944       0x22 contiki-sky.a(cc2420.o)
                0x0000000000009944                cc2420_on
 .text.cc2420_off
                0x0000000000009966       0x30 contiki-sky.a(cc2420.o)
                0x0000000000009966                cc2420_off
 .text.cc2420_cca
                0x0000000000009996       0x74 contiki-sky.a(cc2420.o)
 .text.cc2420_read
                0x0000000000009a0a       0xe6 contiki-sky.a(cc2420.o)
 .text.process_thread_cc2420_process
                0x0000000000009af0       0x50 contiki-sky.a(cc2420.o)
 .text.cc2420_set_channel
                0x0000000000009b40       0x78 contiki-sky.a(cc2420.o)
                0x0000000000009b40                cc2420_set_channel
 .text.cc2420_set_pan_addr
                0x0000000000009bb8      0x14a contiki-sky.a(cc2420.o)
                0x0000000000009bb8                cc2420_set_pan_addr
 .text.cc2420_init
                0x0000000000009d02       0xd0 contiki-sky.a(cc2420.o)
                0x0000000000009d02                cc2420_init
 .text.cc2420_interrupt
                0x0000000000009dd2       0x20 contiki-sky.a(cc2420.o)
                0x0000000000009dd2                cc2420_interrupt
 .text.cc2420_get_txpower
                0x0000000000009df2       0x1e contiki-sky.a(cc2420.o)
                0x0000000000009df2                cc2420_get_txpower
 .text.cc2420_transmit
                0x0000000000009e10      0x1a0 contiki-sky.a(cc2420.o)
 .text.cc2420_send
                0x0000000000009fb0       0x12 contiki-sky.a(cc2420.o)
 .text.cc2420_port1_interrupt
                0x0000000000009fc2       0x62 contiki-sky.a(cc2420-arch.o)
                0x0000000000009fc2                __isr_4
                0x0000000000009fc2                cc2420_port1_interrupt
 .text.cc2420_arch_init
                0x000000000000a024       0x1a contiki-sky.a(cc2420-arch.o)
                0x000000000000a024                cc2420_arch_init
 .text.uart1_active
                0x000000000000a03e       0x1a contiki-sky.a(uart1.o)
                0x000000000000a03e                uart1_active
 .text.uart1_writeb
                0x000000000000a058       0x1a contiki-sky.a(uart1.o)
                0x000000000000a058                uart1_writeb
 .text.uart1_init
                0x000000000000a072       0xf6 contiki-sky.a(uart1.o)
                0x000000000000a072                uart1_init
 .text.putchar  0x000000000000a168       0x10 contiki-sky.a(uart1-putchar.o)
                0x000000000000a168                putchar
 .text.msp430_init_dco
                0x000000000000a178       0x84 contiki-sky.a(msp430.o)
                0x000000000000a178                msp430_init_dco
 .text.msp430_add_lpm_req
                0x000000000000a1fc        0xc contiki-sky.a(msp430.o)
                0x000000000000a1fc                msp430_add_lpm_req
 .text.msp430_cpu_init
                0x000000000000a208       0x2a contiki-sky.a(msp430.o)
                0x000000000000a208                msp430_cpu_init
 .text.splhigh_
                0x000000000000a232        0x8 contiki-sky.a(msp430.o)
                0x000000000000a232                splhigh_
 .text.msp430_sync_dco
                0x000000000000a23a       0x68 contiki-sky.a(msp430.o)
                0x000000000000a23a                msp430_sync_dco
 .text.timera1  0x000000000000a2a2       0xfe contiki-sky.a(clock.o)
                0x000000000000a2a2                __isr_5
                0x000000000000a2a2                timera1
 .text.clock_time
                0x000000000000a3a0       0x1a contiki-sky.a(clock.o)
                0x000000000000a3a0                clock_time
 .text.clock_init
                0x000000000000a3ba       0x28 contiki-sky.a(clock.o)
                0x000000000000a3ba                clock_init
 .text.clock_delay
                0x000000000000a3e2        0xc contiki-sky.a(clock.o)
                0x000000000000a3e2                clock_delay
 .text.clock_wait
                0x000000000000a3ee       0x34 contiki-sky.a(clock.o)
                0x000000000000a3ee                clock_wait
 .text.clock_seconds
                0x000000000000a422       0x1a contiki-sky.a(clock.o)
                0x000000000000a422                clock_seconds
 .text.show_leds
                0x000000000000a43c      0x100 contiki-sky.a(leds.o)
 .text.leds_init
                0x000000000000a53c        0xe contiki-sky.a(leds.o)
                0x000000000000a53c                leds_init
 .text.leds_on  0x000000000000a54a       0x14 contiki-sky.a(leds.o)
                0x000000000000a54a                leds_on
 .text.leds_off
                0x000000000000a55e       0x14 contiki-sky.a(leds.o)
                0x000000000000a55e                leds_off
 .text.leds_arch_init
                0x000000000000a572        0xe contiki-sky.a(leds-arch.o)
                0x000000000000a572                leds_arch_init
 .text.leds_arch_set
                0x000000000000a580       0x3a contiki-sky.a(leds-arch.o)
                0x000000000000a580                leds_arch_set
 .text.watchdog_interrupt
                0x000000000000a5ba        0x6 contiki-sky.a(watchdog.o)
                0x000000000000a5ba                __isr_10
                0x000000000000a5ba                watchdog_interrupt
 .text.watchdog_start
                0x000000000000a5c0       0x14 contiki-sky.a(watchdog.o)
                0x000000000000a5c0                watchdog_start
 .text.watchdog_periodic
                0x000000000000a5d4       0x12 contiki-sky.a(watchdog.o)
                0x000000000000a5d4                watchdog_periodic
 .text.watchdog_stop
                0x000000000000a5e6       0x16 contiki-sky.a(watchdog.o)
                0x000000000000a5e6                watchdog_stop
 .text.watchdog_init
                0x000000000000a5fc       0x14 contiki-sky.a(watchdog.o)
                0x000000000000a5fc                watchdog_init
 .text.rtimer_arch_init
                0x000000000000a610        0xe contiki-sky.a(rtimer-arch.o)
                0x000000000000a610                rtimer_arch_init
 .text.rtimer_arch_now
                0x000000000000a61e        0xe contiki-sky.a(rtimer-arch.o)
                0x000000000000a61e                rtimer_arch_now
 .text.timera0  0x000000000000a62c       0x70 contiki-sky.a(rtimer-arch.o)
                0x000000000000a62c                __isr_6
                0x000000000000a62c                timera0
 .text.rtimer_arch_schedule
                0x000000000000a69c        0x6 contiki-sky.a(rtimer-arch.o)
                0x000000000000a69c                rtimer_arch_schedule
 .text.mac_call_sent_callback
                0x000000000000a6a2       0x14 contiki-sky.a(mac.o)
                0x000000000000a6a2                mac_call_sent_callback
 .text.parse    0x000000000000a6b6       0xaa contiki-sky.a(framer-802154.o)
 .text.create   0x000000000000a760      0x10e contiki-sky.a(framer-802154.o)
 .text.rpl_purge_routes
                0x000000000000a86e       0x96 contiki-sky.a(rpl.o)
                0x000000000000a86e                rpl_purge_routes
 .text.rpl_remove_routes
                0x000000000000a904       0x22 contiki-sky.a(rpl.o)
                0x000000000000a904                rpl_remove_routes
 .text.rpl_remove_routes_by_nexthop
                0x000000000000a926       0x46 contiki-sky.a(rpl.o)
                0x000000000000a926                rpl_remove_routes_by_nexthop
 .text.rpl_add_route
                0x000000000000a96c       0x44 contiki-sky.a(rpl.o)
                0x000000000000a96c                rpl_add_route
 .text.rpl_link_neighbor_callback
                0x000000000000a9b0       0x6a contiki-sky.a(rpl.o)
                0x000000000000a9b0                rpl_link_neighbor_callback
 .text.rpl_ipv6_neighbor_callback
                0x000000000000aa1a       0x1e contiki-sky.a(rpl.o)
                0x000000000000aa1a                rpl_ipv6_neighbor_callback
 .text.rpl_init
                0x000000000000aa38       0x40 contiki-sky.a(rpl.o)
                0x000000000000aa38                rpl_init
 .text.lollipop_greater_than
                0x000000000000aa78       0x44 contiki-sky.a(rpl-dag.o)
 .text.acceptable_rank
                0x000000000000aabc       0x50 contiki-sky.a(rpl-dag.o)
 .text.find_parent_any_dag_any_instance
                0x000000000000ab0c       0x14 contiki-sky.a(rpl-dag.o)
 .text.rpl_set_preferred_parent
                0x000000000000ab20       0x30 contiki-sky.a(rpl-dag.o)
 .text.set_ip_from_prefix
                0x000000000000ab50       0x38 contiki-sky.a(rpl-dag.o)
 .text.check_prefix
                0x000000000000ab88       0x80 contiki-sky.a(rpl-dag.o)
 .text.rpl_dag_init
                0x000000000000ac08        0xe contiki-sky.a(rpl-dag.o)
                0x000000000000ac08                rpl_dag_init
 .text.rpl_get_parent_ipaddr
                0x000000000000ac16       0x10 contiki-sky.a(rpl-dag.o)
                0x000000000000ac16                rpl_get_parent_ipaddr
 .text.rpl_set_prefix
                0x000000000000ac26       0x8e contiki-sky.a(rpl-dag.o)
                0x000000000000ac26                rpl_set_prefix
 .text.rpl_set_default_route
                0x000000000000acb4       0x5a contiki-sky.a(rpl-dag.o)
                0x000000000000acb4                rpl_set_default_route
 .text.rpl_alloc_instance
                0x000000000000ad0e       0x2c contiki-sky.a(rpl-dag.o)
                0x000000000000ad0e                rpl_alloc_instance
 .text.rpl_add_parent
                0x000000000000ad3a       0x3c contiki-sky.a(rpl-dag.o)
                0x000000000000ad3a                rpl_add_parent
 .text.rpl_find_parent
                0x000000000000ad76       0x1a contiki-sky.a(rpl-dag.o)
                0x000000000000ad76                rpl_find_parent
 .text.rpl_find_parent_any_dag
                0x000000000000ad90       0x22 contiki-sky.a(rpl-dag.o)
                0x000000000000ad90                rpl_find_parent_any_dag
 .text.rpl_select_parent
                0x000000000000adb2       0x5c contiki-sky.a(rpl-dag.o)
                0x000000000000adb2                rpl_select_parent
 .text.rpl_select_dag
                0x000000000000ae0e      0x182 contiki-sky.a(rpl-dag.o)
                0x000000000000ae0e                rpl_select_dag
 .text.rpl_nullify_parent
                0x000000000000af90       0x4e contiki-sky.a(rpl-dag.o)
                0x000000000000af90                rpl_nullify_parent
 .text.rpl_remove_parent
                0x000000000000afde       0x16 contiki-sky.a(rpl-dag.o)
                0x000000000000afde                rpl_remove_parent
 .text.remove_parents.constprop.2
                0x000000000000aff4       0x32 contiki-sky.a(rpl-dag.o)
 .text.rpl_free_dag
                0x000000000000b026       0x36 contiki-sky.a(rpl-dag.o)
                0x000000000000b026                rpl_free_dag
 .text.rpl_free_instance
                0x000000000000b05c       0x5c contiki-sky.a(rpl-dag.o)
                0x000000000000b05c                rpl_free_instance
 .text.rpl_move_parent
                0x000000000000b0b8       0x6e contiki-sky.a(rpl-dag.o)
                0x000000000000b0b8                rpl_move_parent
 .text.rpl_get_any_dag
                0x000000000000b126       0x18 contiki-sky.a(rpl-dag.o)
                0x000000000000b126                rpl_get_any_dag
 .text.rpl_get_instance
                0x000000000000b13e       0x1a contiki-sky.a(rpl-dag.o)
                0x000000000000b13e                rpl_get_instance
 .text.get_dag  0x000000000000b158       0x56 contiki-sky.a(rpl-dag.o)
 .text.rpl_alloc_dag
                0x000000000000b1ae       0x66 contiki-sky.a(rpl-dag.o)
                0x000000000000b1ae                rpl_alloc_dag
 .text.rpl_repair_root
                0x000000000000b214       0x50 contiki-sky.a(rpl-dag.o)
                0x000000000000b214                rpl_repair_root
 .text.rpl_find_of
                0x000000000000b264       0x10 contiki-sky.a(rpl-dag.o)
                0x000000000000b264                rpl_find_of
 .text.rpl_join_instance
                0x000000000000b274      0x13c contiki-sky.a(rpl-dag.o)
                0x000000000000b274                rpl_join_instance
 .text.rpl_local_repair
                0x000000000000b3b0       0x7c contiki-sky.a(rpl-dag.o)
                0x000000000000b3b0                rpl_local_repair
 .text.rpl_process_parent_event
                0x000000000000b42c       0x4e contiki-sky.a(rpl-dag.o)
                0x000000000000b42c                rpl_process_parent_event
 .text.rpl_recalculate_ranks
                0x000000000000b47a       0x42 contiki-sky.a(rpl-dag.o)
                0x000000000000b47a                rpl_recalculate_ranks
 .text.rpl_add_dag
                0x000000000000b4bc      0x112 contiki-sky.a(rpl-dag.o)
                0x000000000000b4bc                rpl_add_dag
 .text.rpl_process_dio
                0x000000000000b5ce      0x26c contiki-sky.a(rpl-dag.o)
                0x000000000000b5ce                rpl_process_dio
 .text.get32    0x000000000000b83a       0x46 contiki-sky.a(rpl-icmp6.o)
 .text.set32    0x000000000000b880       0x2a contiki-sky.a(rpl-icmp6.o)
 .text.get16    0x000000000000b8aa        0xe contiki-sky.a(rpl-icmp6.o)
 .text.set16    0x000000000000b8b8       0x10 contiki-sky.a(rpl-icmp6.o)
 .text.dis_output
                0x000000000000b8c8       0x50 contiki-sky.a(rpl-icmp6.o)
                0x000000000000b8c8                dis_output
 .text.dio_output
                0x000000000000b918      0x264 contiki-sky.a(rpl-icmp6.o)
                0x000000000000b918                dio_output
 .text.dao_output_target
                0x000000000000bb7c       0xe2 contiki-sky.a(rpl-icmp6.o)
                0x000000000000bb7c                dao_output_target
 .text.dao_output
                0x000000000000bc5e       0x80 contiki-sky.a(rpl-icmp6.o)
                0x000000000000bc5e                dao_output
 .text.dao_ack_output
                0x000000000000bcde       0x32 contiki-sky.a(rpl-icmp6.o)
                0x000000000000bcde                dao_ack_output
 .text.uip_rpl_input
                0x000000000000bd10      0x538 contiki-sky.a(rpl-icmp6.o)
                0x000000000000bd10                uip_rpl_input
 .text.new_dio_interval
                0x000000000000c248       0x92 contiki-sky.a(rpl-timers.o)
 .text.handle_periodic_timer
                0x000000000000c2da       0x2e contiki-sky.a(rpl-timers.o)
 .text.handle_dao_timer
                0x000000000000c308       0x50 contiki-sky.a(rpl-timers.o)
 .text.handle_dio_timer
                0x000000000000c358       0x82 contiki-sky.a(rpl-timers.o)
 .text.rpl_reset_periodic_timer
                0x000000000000c3da       0x60 contiki-sky.a(rpl-timers.o)
                0x000000000000c3da                rpl_reset_periodic_timer
 .text.rpl_reset_dio_timer
                0x000000000000c43a       0x18 contiki-sky.a(rpl-timers.o)
                0x000000000000c43a                rpl_reset_dio_timer
 .text.rpl_schedule_dao
                0x000000000000c452       0x50 contiki-sky.a(rpl-timers.o)
                0x000000000000c452                rpl_schedule_dao
 .text.reset    0x000000000000c4a2        0x2 contiki-sky.a(rpl-mrhof.o)
 .text.neighbor_link_callback
                0x000000000000c4a4       0x8a contiki-sky.a(rpl-mrhof.o)
 .text.calculate_rank
                0x000000000000c52e       0x30 contiki-sky.a(rpl-mrhof.o)
 .text.best_parent
                0x000000000000c55e       0x52 contiki-sky.a(rpl-mrhof.o)
 .text.update_metric_container
                0x000000000000c5b0        0x6 contiki-sky.a(rpl-mrhof.o)
 .text.best_dag
                0x000000000000c5b6       0x34 contiki-sky.a(rpl-mrhof.o)
 .text.rpl_verify_header
                0x000000000000c5ea       0xbc contiki-sky.a(rpl-ext-header.)
                0x000000000000c5ea                rpl_verify_header
 .text.rpl_update_header_empty
                0x000000000000c6a6       0xf0 contiki-sky.a(rpl-ext-header.)
                0x000000000000c6a6                rpl_update_header_empty
 .text.rpl_update_header_final
                0x000000000000c796       0x86 contiki-sky.a(rpl-ext-header.)
                0x000000000000c796                rpl_update_header_final
 .text.rpl_invert_header
                0x000000000000c81c       0x4c contiki-sky.a(rpl-ext-header.)
                0x000000000000c81c                rpl_invert_header
 .text.rpl_insert_header
                0x000000000000c868       0x1c contiki-sky.a(rpl-ext-header.)
                0x000000000000c868                rpl_insert_header
 .text.stimer_set
                0x000000000000c884       0x1c contiki-sky.a(stimer.o)
                0x000000000000c884                stimer_set
 .text.stimer_expired
                0x000000000000c8a0       0x30 contiki-sky.a(stimer.o)
                0x000000000000c8a0                stimer_expired
 .text.uip_icmp6_echo_request_input
                0x000000000000c8d0      0x12c contiki-sky.a(uip-icmp6.o)
                0x000000000000c8d0                uip_icmp6_echo_request_input
 .text.uip_icmp6_error_output
                0x000000000000c9fc      0x17a contiki-sky.a(uip-icmp6.o)
                0x000000000000c9fc                uip_icmp6_error_output
 .text.uip_icmp6_send
                0x000000000000cb76       0x96 contiki-sky.a(uip-icmp6.o)
                0x000000000000cb76                uip_icmp6_send
 .text.crc8_add
                0x000000000000cc0c       0x1c contiki-sky.a(sht11.o)
 .text.sstart   0x000000000000cc28       0x3e contiki-sky.a(sht11.o)
 .text.swrite   0x000000000000cc66       0x52 contiki-sky.a(sht11.o)
 .text.sread    0x000000000000ccb8       0x4e contiki-sky.a(sht11.o)
 .text.sreset   0x000000000000cd06       0x2a contiki-sky.a(sht11.o)
 .text.scmd.part.0
                0x000000000000cd30       0xb0 contiki-sky.a(sht11.o)
 .text.sht11_init
                0x000000000000cde0       0x1a contiki-sky.a(sht11.o)
                0x000000000000cde0                sht11_init
 .text.sht11_off
                0x000000000000cdfa       0x14 contiki-sky.a(sht11.o)
                0x000000000000cdfa                sht11_off
 .text.sht11_temp
                0x000000000000ce0e        0xa contiki-sky.a(sht11.o)
                0x000000000000ce0e                sht11_temp
 .text.sht11_humidity
                0x000000000000ce18        0xa contiki-sky.a(sht11.o)
                0x000000000000ce18                sht11_humidity
 .text.sht11_sreg
                0x000000000000ce22       0x7a contiki-sky.a(sht11.o)
                0x000000000000ce22                sht11_sreg
 .text.spi_init
                0x000000000000ce9c       0x32 contiki-sky.a(spi.o)
                0x000000000000ce9c                spi_init
 .text.field_len
                0x000000000000cece       0x98 contiki-sky.a(frame802154.o)
 .text.frame802154_hdrlen
                0x000000000000cf66       0x2e contiki-sky.a(frame802154.o)
                0x000000000000cf66                frame802154_hdrlen
 .text.frame802154_create
                0x000000000000cf94      0x172 contiki-sky.a(frame802154.o)
                0x000000000000cf94                frame802154_create
 .text.frame802154_parse
                0x000000000000d106      0x1e8 contiki-sky.a(frame802154.o)
                0x000000000000d106                frame802154_parse
 .text.libgcc   0x000000000000d2ee       0x2c /usr/lib/gcc/msp430/4.6.3/mmpy-16/libgcc.a(_mulsi3.o)
                0x000000000000d2ee                __mulsi3
 .text.libgcc   0x000000000000d31a       0x22 /usr/lib/gcc/msp430/4.6.3/mmpy-16/libgcc.a(_udivmod16.o)
                0x000000000000d31a                __udivhi3
                0x000000000000d31a                __ext_udivmod16
                0x000000000000d334                __umodhi3
 .text.libgcc   0x000000000000d33c       0x3a /usr/lib/gcc/msp430/4.6.3/mmpy-16/libgcc.a(_divmod16.o)
                0x000000000000d33c                __ext_divmod16
                0x000000000000d33c                __divhi3
                0x000000000000d36e                __modhi3
 .text.libgcc   0x000000000000d376       0x40 /usr/lib/gcc/msp430/4.6.3/mmpy-16/libgcc.a(_udivmod32.o)
                0x000000000000d376                __udivsi3
                0x000000000000d376                __ext_udivmod32
                0x000000000000d3ac                __umodsi3
 .text          0x000000000000d3b6       0x20 /usr/lib/gcc/msp430/4.6.3/../../../../msp430/lib/mmpy-16/libc.a(memcmp.o)
                0x000000000000d3b6                memcmp
 .text          0x000000000000d3d6       0xfa /usr/lib/gcc/msp430/4.6.3/../../../../msp430/lib/mmpy-16/libc.a(memcpy.o)
                0x000000000000d3d6                memcpy
 .text          0x000000000000d4d0       0xfa /usr/lib/gcc/msp430/4.6.3/../../../../msp430/lib/mmpy-16/libc.a(memmove.o)
                0x000000000000d4d0                memmove
 .text          0x000000000000d5ca       0x6a /usr/lib/gcc/msp430/4.6.3/../../../../msp430/lib/mmpy-16/libc.a(memset.o)
                0x000000000000d5ca                memset
 .text          0x000000000000d634       0x1e /usr/lib/gcc/msp430/4.6.3/../../../../msp430/lib/mmpy-16/libc.a(printf.o)
                0x000000000000d634                printf
                0x000000000000d644                vprintf
 .text          0x000000000000d652      0x836 /usr/lib/gcc/msp430/4.6.3/../../../../msp430/lib/mmpy-16/libc.a(vuprintf.o)
                0x000000000000d7ea                vuprintf
 .text          0x000000000000de88       0x2c /usr/lib/gcc/msp430/4.6.3/../../../../msp430/lib/mmpy-16/libc.a(puts.o)
                0x000000000000de88                puts
 .text          0x000000000000deb4       0x54 /usr/lib/gcc/msp430/4.6.3/../../../../msp430/lib/mmpy-16/libc.a(rand.o)
                0x000000000000deb4                rand_r
                0x000000000000ded8                rand
                0x000000000000defe                srand
 .text.libgcc   0x000000000000df08       0xf0 /usr/lib/gcc/msp430/4.6.3/mmpy-16/libgcc.a(_udivmod64.o)
                0x000000000000df08                __xabi_udivmod64
                0x000000000000df66                __udivdi3
                0x000000000000df8c                __umoddi3
                0x000000000000dfba                __udivmoddi4
 .text.crt0     0x000000000000dff8        0x2 /usr/lib/gcc/msp430/4.6.3/mmpy-16/libcrt0.a(_unexpected_.o)
                0x000000000000dff8                _unexpected_
                0x000000000000dffa                . = ALIGN (0x2)

.rodata         0x000000000000dffa      0x19c
                0x000000000000dffa                . = ALIGN (0x2)
 *(.rodata .rodata.* .gnu.linkonce.r.*)
 .rodata        0x000000000000dffa        0x4 node.co
                0x000000000000dffa                autostart_processes
 .rodata        0x000000000000dffe       0xfc obj_sky/contiki-sky-main.o
 .rodata        0x000000000000e0fa        0x8 contiki-sky.a(rimeaddr.o)
                0x000000000000e0fa                rimeaddr_null
 .rodata        0x000000000000e102       0x14 contiki-sky.a(csma.o)
                0x000000000000e108                csma_driver
 .rodata        0x000000000000e116       0x1c contiki-sky.a(contikimac.o)
                0x000000000000e122                contikimac_driver
 .rodata        0x000000000000e132       0x24 contiki-sky.a(sicslowpan.o)
                0x000000000000e13e                sicslowpan_driver
                0x000000000000e144                llprefix
                0x000000000000e146                unc_mxconf
                0x000000000000e14a                unc_ctxconf
                0x000000000000e14e                unc_llconf
 .rodata        0x000000000000e156        0xe contiki-sky.a(sht11-sensor.o)
                0x000000000000e15c                sht11_sensor
 .rodata        0x000000000000e164       0x10 contiki-sky.a(button-sensor.o)
                0x000000000000e16c                button_sensor
 .rodata        0x000000000000e174       0x14 contiki-sky.a(cc2420.o)
                0x000000000000e174                cc2420_driver
 .rodata        0x000000000000e188        0x4 contiki-sky.a(framer-802154.o)
                0x000000000000e188                framer_802154
 .rodata        0x000000000000e18c        0x2 contiki-sky.a(frame802154.o)
 .rodata        0x000000000000e18e        0x7 /usr/lib/gcc/msp430/4.6.3/../../../../msp430/lib/mmpy-16/libc.a(vuprintf.o)
                0x000000000000e196                . = ALIGN (0x2)
 *fill*         0x000000000000e195        0x1 00
                0x000000000000e196                _etext = .

.data           0x0000000000001100       0xbe load address 0x000000000000e196
                0x0000000000001100                . = ALIGN (0x2)
                0x0000000000001100                PROVIDE (__data_start, .)
 *(.data .data.* .gnu.linkonce.d.*)
 .data          0x0000000000001100        0x8 node.co
                0x0000000000001100                main_proc
 .data          0x0000000000001108       0x18 contiki-sky.a(csma.o)
 .data          0x0000000000001120       0x10 contiki-sky.a(phase.o)
 .data          0x0000000000001130        0x8 contiki-sky.a(etimer.o)
                0x0000000000001130                etimer_process
 .data          0x0000000000001138        0x8 contiki-sky.a(ctimer.o)
                0x0000000000001138                ctimer_process
 .data          0x0000000000001140        0x8 contiki-sky.a(nbr-table.o)
 .data          0x0000000000001148       0x18 contiki-sky.a(queuebuf.o)
 .data          0x0000000000001160        0x8 contiki-sky.a(tcpip.o)
                0x0000000000001160                tcpip_process
 .data          0x0000000000001168       0x18 contiki-sky.a(uip-ds6-route.o)
 .data          0x0000000000001180        0xa contiki-sky.a(uip-ds6-nbr.o)
                0x0000000000001180                ds6_neighbors
 .data          0x000000000000118a        0x4 contiki-sky.a(contiki-sky-pla)
                0x000000000000118a                sensors
 .data          0x000000000000118e        0x1 contiki-sky.a(sht11-sensor.o)
 *fill*         0x000000000000118f        0x1 00
 .data          0x0000000000001190        0x8 contiki-sky.a(sensors.o)
                0x0000000000001190                sensors_process
 .data          0x0000000000001198        0x8 contiki-sky.a(cc2420.o)
                0x0000000000001198                cc2420_process
 .data          0x00000000000011a0        0x2 contiki-sky.a(msp430.o)
 .data          0x00000000000011a2        0x8 contiki-sky.a(rpl-dag.o)
 .data          0x00000000000011aa        0x1 contiki-sky.a(rpl-icmp6.o)
 *fill*         0x00000000000011ab        0x1 00
 .data          0x00000000000011ac        0xe contiki-sky.a(rpl-mrhof.o)
                0x00000000000011ac                rpl_mrhof
 .data          0x00000000000011ba        0x4 /usr/lib/gcc/msp430/4.6.3/../../../../msp430/lib/mmpy-16/libc.a(rand.o)
                0x00000000000011be                . = ALIGN (0x2)
                0x00000000000011be                _edata = .
                0x000000000000e196                PROVIDE (__data_load_start, LOADADDR (.data))
                0x00000000000000be                PROVIDE (__data_size, SIZEOF (.data))

.bss            0x00000000000011be     0x1b16 load address 0x000000000000e254
                0x00000000000011be                PROVIDE (__bss_start, .)
 *(.bss .bss.*)
 .bss           0x00000000000011be        0xc node.co
 .bss           0x00000000000011ca       0x12 obj_sky/networking.o
 .bss           0x00000000000011dc        0xc obj_sky/contiki-sky-main.o
 .bss           0x00000000000011e8       0xc2 contiki-sky.a(csma.o)
 .bss           0x00000000000012aa       0xd4 contiki-sky.a(contikimac.o)
 .bss           0x000000000000137e      0x1d8 contiki-sky.a(phase.o)
 .bss           0x0000000000001556       0x42 contiki-sky.a(process.o)
                0x0000000000001556                process_current
                0x0000000000001558                process_list
 .bss           0x0000000000001598        0x8 contiki-sky.a(compower.o)
 .bss           0x00000000000015a0        0x6 contiki-sky.a(etimer.o)
 .bss           0x00000000000015a6        0x4 contiki-sky.a(ctimer.o)
 .bss           0x00000000000015aa        0x2 contiki-sky.a(rtimer.o)
 .bss           0x00000000000015ac      0x118 contiki-sky.a(nbr-table.o)
 .bss           0x00000000000016c4       0xba contiki-sky.a(packetbuf.o)
 .bss           0x000000000000177e      0x71e contiki-sky.a(queuebuf.o)
 .bss           0x0000000000001e9c      0x122 contiki-sky.a(sicslowpan.o)
 .bss           0x0000000000001fbe        0xe contiki-sky.a(tcpip.o)
 .bss           0x0000000000001fcc      0x2fc contiki-sky.a(uip-ds6-route.o)
 .bss           0x00000000000022c8      0x2d0 contiki-sky.a(uip-ds6-nbr.o)
 .bss           0x0000000000002598       0x18 contiki-sky.a(uip-ds6.o)
 .bss           0x00000000000025b0        0xa contiki-sky.a(uip-nd6.o)
 .bss           0x00000000000025ba        0xa contiki-sky.a(uip6.o)
                0x00000000000025ba                uip_ext_opt_offset
                0x00000000000025bc                uip_ext_len
                0x00000000000025be                uip_ext_bitmap
 .bss           0x00000000000025c4        0x8 contiki-sky.a(button-sensor.o)
 .bss           0x00000000000025cc        0x2 contiki-sky.a(node-id.o)
                0x00000000000025cc                node_id
 .bss           0x00000000000025ce        0x6 contiki-sky.a(sensors.o)
 .bss           0x00000000000025d4        0xa contiki-sky.a(cc2420.o)
 .bss           0x00000000000025de       0x9a contiki-sky.a(uart1.o)
 .bss           0x0000000000002678        0xa contiki-sky.a(clock.o)
 .bss           0x0000000000002682        0x2 contiki-sky.a(leds.o)
 .bss           0x0000000000002684        0x2 contiki-sky.a(watchdog.o)
 .bss           0x0000000000002686        0x2 contiki-sky.a(framer-802154.o)
 .bss           0x0000000000002688       0xc8 contiki-sky.a(rpl-dag.o)
 .bss           0x0000000000002750       0x18 contiki-sky.a(rpl-timers.o)
 .bss           0x0000000000002768       0x10 contiki-sky.a(uip-icmp6.o)
 *(COMMON)
 COMMON         0x0000000000002778       0x1e obj_sky/sky.o
                0x0000000000002778                record
 COMMON         0x0000000000002796        0x8 contiki-sky.a(rimeaddr.o)
                0x0000000000002796                rimeaddr_node_addr
 COMMON         0x000000000000279e        0x1 contiki-sky.a(process.o)
                0x000000000000279e                process_maxevents
 *fill*         0x000000000000279f        0x1 00
 COMMON         0x00000000000027a0        0x8 contiki-sky.a(compower.o)
                0x00000000000027a0                compower_idle_activity
 COMMON         0x00000000000027a8       0x56 contiki-sky.a(energest.o)
                0x00000000000027a8                energest_total_time
                0x00000000000027d8                energest_total_count
                0x00000000000027da                energest_current_mode
                0x00000000000027e6                energest_current_time
 COMMON         0x00000000000027fe       0x50 contiki-sky.a(packetbuf.o)
                0x00000000000027fe                packetbuf_addrs
                0x000000000000281e                packetbuf_attrs
 COMMON         0x000000000000284e        0x8 contiki-sky.a(sicslowpan.o)
                0x000000000000284e                frag_sender
 COMMON         0x0000000000002856        0x1 contiki-sky.a(tcpip.o)
                0x0000000000002856                tcpip_event
 *fill*         0x0000000000002857        0x1 00
 COMMON         0x0000000000002858      0x15c contiki-sky.a(uip-ds6.o)
                0x0000000000002858                uip_ds6_timer_ra
                0x0000000000002860                uip_ds6_if
                0x000000000000294c                uip_ds6_netif_addr_list_offset
                0x000000000000294d                uip_ds6_addr_size
                0x000000000000294e                uip_ds6_prefix_list
                0x00000000000029a8                uip_ds6_timer_periodic
 COMMON         0x00000000000029b4      0x240 contiki-sky.a(uip6.o)
                0x00000000000029b4                uip_len
                0x00000000000029b6                uip_sappdata
                0x00000000000029b8                uip_lladdr
                0x00000000000029c0                uip_aligned_buf
                0x0000000000002ab0                uip_flags
                0x0000000000002ab2                uip_next_hdr
                0x0000000000002ab4                uip_udp_conn
                0x0000000000002ab6                uip_appdata
                0x0000000000002ab8                uip_conn
                0x0000000000002aba                uip_slen
                0x0000000000002abc                uip_udp_conns
 COMMON         0x0000000000002bf4        0x2 contiki-sky.a(contiki-sky-pla)
                0x0000000000002bf4                sensors_flags
 COMMON         0x0000000000002bf6        0x8 contiki-sky.a(ds2411.o)
                0x0000000000002bf6                ds2411_id
 COMMON         0x0000000000002bfe        0x1 contiki-sky.a(sensors.o)
                0x0000000000002bfe                sensors_event
 *fill*         0x0000000000002bff        0x1 00
 COMMON         0x0000000000002c00       0x14 contiki-sky.a(cc2420.o)
                0x0000000000002c00                cc2420_last_rssi
                0x0000000000002c02                cc2420_packets_read
                0x0000000000002c04                cc2420_packets_seen
                0x0000000000002c06                cc2420_sfd_start_time
                0x0000000000002c08                cc2420_time_of_departure
                0x0000000000002c0a                cc2420_time_of_arrival
                0x0000000000002c0c                cc2420_last_correlation
                0x0000000000002c0e                cc2420_authority_level_of_sender
                0x0000000000002c10                cc2420_sfd_counter
                0x0000000000002c12                cc2420_sfd_end_time
 COMMON         0x0000000000002c14        0x2 contiki-sky.a(msp430.o)
                0x0000000000002c14                msp430_dco_required
 COMMON         0x0000000000002c16       0xbe contiki-sky.a(rpl-dag.o)
                0x0000000000002c16                default_instance
                0x0000000000002c18                instance_table
                0x0000000000002cd4                . = ALIGN (0x2)
                0x0000000000002cd4                PROVIDE (__bss_end, .)
                0x0000000000001b16                PROVIDE (__bss_size, SIZEOF (.bss))

.noinit         0x0000000000002cd4        0x2 load address 0x000000000000e254
                0x0000000000002cd4                PROVIDE (__noinit_start, .)
 *(.noinit .noinit.*)
 .noinit.crt0   0x0000000000002cd4        0x2 /usr/lib/gcc/msp430/4.6.3/mmpy-16/libcrt0.a(__watchdog_support.o)
                0x0000000000002cd4                __wdt_clear_value
                0x0000000000002cd6                . = ALIGN (0x2)
                0x0000000000002cd6                PROVIDE (__noinit_end, .)
                0x0000000000002cd6                . = ALIGN (0x2)
                0x0000000000002cd6                _end = .

.infomem        0x0000000000001000        0x0
 *(.infomem)
                0x0000000000001000                . = ALIGN (0x2)
 *(.infomem.*)

.infomemnobits  0x0000000000001000        0x0
 *(.infomemnobits)
                0x0000000000001000                . = ALIGN (0x2)
 *(.infomemnobits.*)

.infoa
 *(.infoa .infoa.*)

.infob
 *(.infob .infob.*)

.infoc
 *(.infoc .infoc.*)

.infod
 *(.infod .infod.*)

.vectors        0x000000000000ffe0       0x20
                0x000000000000ffe0                PROVIDE (__vectors_start, .)
 *(.vectors*)
 .vectors       0x000000000000ffe0       0x20 /usr/lib/gcc/msp430/4.6.3/mmpy-16/crt0ivtbl16.o
                0x000000000000ffe0                __ivtbl_16
                0x0000000000010000                _vectors_end = .

.fartext        0x0000000000000000        0x0
                0x0000000000000000                . = ALIGN (0x2)
 *(.fartext)
                0x0000000000000000                . = ALIGN (0x2)
 *(.fartext.*)
                0x0000000000000000                _efartext = .

.profiler
 *(.profiler)

.stab
 *(.stab)

.stabstr
 *(.stabstr)

.stab.excl
 *(.stab.excl)

.stab.exclstr
 *(.stab.exclstr)

.stab.index
 *(.stab.index)

.stab.indexstr
 *(.stab.indexstr)

.comment
 *(.comment)

.debug
 *(.debug)

.line
 *(.line)

.debug_srcinfo
 *(.debug_srcinfo)

.debug_sfnames
 *(.debug_sfnames)

.debug_aranges  0x0000000000000000      0x190
 *(.debug_aranges)
 .debug_aranges
                0x0000000000000000       0x14 /usr/lib/gcc/msp430/4.6.3/mmpy-16/libgcc.a(_mulsi3.o)
 .debug_aranges
                0x0000000000000014       0x14 /usr/lib/gcc/msp430/4.6.3/mmpy-16/libgcc.a(_udivmod16.o)
 .debug_aranges
                0x0000000000000028       0x14 /usr/lib/gcc/msp430/4.6.3/mmpy-16/libgcc.a(_divmod16.o)
 .debug_aranges
                0x000000000000003c       0x14 /usr/lib/gcc/msp430/4.6.3/mmpy-16/libgcc.a(_udivmod32.o)
 .debug_aranges
                0x0000000000000050       0x14 /usr/lib/gcc/msp430/4.6.3/../../../../msp430/lib/mmpy-16/libc.a(strncmp.o)
 .debug_aranges
                0x0000000000000064       0x14 /usr/lib/gcc/msp430/4.6.3/../../../../msp430/lib/mmpy-16/libc.a(memcmp.o)
 .debug_aranges
                0x0000000000000078       0x14 /usr/lib/gcc/msp430/4.6.3/../../../../msp430/lib/mmpy-16/libc.a(memcpy.o)
 .debug_aranges
                0x000000000000008c       0x14 /usr/lib/gcc/msp430/4.6.3/../../../../msp430/lib/mmpy-16/libc.a(memmove.o)
 .debug_aranges
                0x00000000000000a0       0x14 /usr/lib/gcc/msp430/4.6.3/../../../../msp430/lib/mmpy-16/libc.a(memset.o)
 .debug_aranges
                0x00000000000000b4       0x14 /usr/lib/gcc/msp430/4.6.3/../../../../msp430/lib/mmpy-16/libc.a(printf.o)
 .debug_aranges
                0x00000000000000c8       0x14 /usr/lib/gcc/msp430/4.6.3/../../../../msp430/lib/mmpy-16/libc.a(vuprintf.o)
 .debug_aranges
                0x00000000000000dc       0x14 /usr/lib/gcc/msp430/4.6.3/../../../../msp430/lib/mmpy-16/libc.a(puts.o)
 .debug_aranges
                0x00000000000000f0       0x14 /usr/lib/gcc/msp430/4.6.3/../../../../msp430/lib/mmpy-16/libc.a(rand.o)
 .debug_aranges
                0x0000000000000104       0x14 /usr/lib/gcc/msp430/4.6.3/mmpy-16/libgcc.a(_udivmod64.o)
 .debug_aranges
                0x0000000000000118       0x14 /usr/lib/gcc/msp430/4.6.3/mmpy-16/libcrt0.a(__watchdog_support.o)
 .debug_aranges
                0x000000000000012c       0x14 /usr/lib/gcc/msp430/4.6.3/mmpy-16/libcrt0.a(__init_stack.o)
 .debug_aranges
                0x0000000000000140       0x14 /usr/lib/gcc/msp430/4.6.3/mmpy-16/libcrt0.a(_copy_data.o)
 .debug_aranges
                0x0000000000000154       0x14 /usr/lib/gcc/msp430/4.6.3/mmpy-16/libcrt0.a(_clear_bss.o)
 .debug_aranges
                0x0000000000000168       0x14 /usr/lib/gcc/msp430/4.6.3/mmpy-16/libcrt0.a(_endless_loop__.o)
 .debug_aranges
                0x000000000000017c       0x14 /usr/lib/gcc/msp430/4.6.3/mmpy-16/libcrt0.a(_unexpected_.o)

.debug_pubnames
 *(.debug_pubnames)

.debug_info     0x0000000000000000     0x1584
 *(.debug_info)
 .debug_info    0x0000000000000000       0xd6 /usr/lib/gcc/msp430/4.6.3/mmpy-16/libgcc.a(_mulsi3.o)
 .debug_info    0x00000000000000d6       0xd6 /usr/lib/gcc/msp430/4.6.3/mmpy-16/libgcc.a(_udivmod16.o)
 .debug_info    0x00000000000001ac       0xd6 /usr/lib/gcc/msp430/4.6.3/mmpy-16/libgcc.a(_divmod16.o)
 .debug_info    0x0000000000000282       0xd6 /usr/lib/gcc/msp430/4.6.3/mmpy-16/libgcc.a(_udivmod32.o)
 .debug_info    0x0000000000000358       0xbb /usr/lib/gcc/msp430/4.6.3/../../../../msp430/lib/mmpy-16/libc.a(strncmp.o)
 .debug_info    0x0000000000000413       0xe8 /usr/lib/gcc/msp430/4.6.3/../../../../msp430/lib/mmpy-16/libc.a(memcmp.o)
 .debug_info    0x00000000000004fb      0x113 /usr/lib/gcc/msp430/4.6.3/../../../../msp430/lib/mmpy-16/libc.a(memcpy.o)
 .debug_info    0x000000000000060e      0x113 /usr/lib/gcc/msp430/4.6.3/../../../../msp430/lib/mmpy-16/libc.a(memmove.o)
 .debug_info    0x0000000000000721       0xfe /usr/lib/gcc/msp430/4.6.3/../../../../msp430/lib/mmpy-16/libc.a(memset.o)
 .debug_info    0x000000000000081f      0x105 /usr/lib/gcc/msp430/4.6.3/../../../../msp430/lib/mmpy-16/libc.a(printf.o)
 .debug_info    0x0000000000000924      0x565 /usr/lib/gcc/msp430/4.6.3/../../../../msp430/lib/mmpy-16/libc.a(vuprintf.o)
 .debug_info    0x0000000000000e89       0x96 /usr/lib/gcc/msp430/4.6.3/../../../../msp430/lib/mmpy-16/libc.a(puts.o)
 .debug_info    0x0000000000000f1f      0x13f /usr/lib/gcc/msp430/4.6.3/../../../../msp430/lib/mmpy-16/libc.a(rand.o)
 .debug_info    0x000000000000105e       0xd6 /usr/lib/gcc/msp430/4.6.3/mmpy-16/libgcc.a(_udivmod64.o)
 .debug_info    0x0000000000001134       0xb8 /usr/lib/gcc/msp430/4.6.3/mmpy-16/libcrt0.a(__watchdog_support.o)
 .debug_info    0x00000000000011ec       0xb8 /usr/lib/gcc/msp430/4.6.3/mmpy-16/libcrt0.a(__init_stack.o)
 .debug_info    0x00000000000012a4       0xb8 /usr/lib/gcc/msp430/4.6.3/mmpy-16/libcrt0.a(_copy_data.o)
 .debug_info    0x000000000000135c       0xb8 /usr/lib/gcc/msp430/4.6.3/mmpy-16/libcrt0.a(_clear_bss.o)
 .debug_info    0x0000000000001414       0xb8 /usr/lib/gcc/msp430/4.6.3/mmpy-16/libcrt0.a(_endless_loop__.o)
 .debug_info    0x00000000000014cc       0xb8 /usr/lib/gcc/msp430/4.6.3/mmpy-16/libcrt0.a(_unexpected_.o)
 *(.gnu.linkonce.wi.*)

.debug_abbrev   0x0000000000000000      0x7cc
 *(.debug_abbrev)
 .debug_abbrev  0x0000000000000000       0x14 /usr/lib/gcc/msp430/4.6.3/mmpy-16/libgcc.a(_mulsi3.o)
 .debug_abbrev  0x0000000000000014       0x14 /usr/lib/gcc/msp430/4.6.3/mmpy-16/libgcc.a(_udivmod16.o)
 .debug_abbrev  0x0000000000000028       0x14 /usr/lib/gcc/msp430/4.6.3/mmpy-16/libgcc.a(_divmod16.o)
 .debug_abbrev  0x000000000000003c       0x14 /usr/lib/gcc/msp430/4.6.3/mmpy-16/libgcc.a(_udivmod32.o)
 .debug_abbrev  0x0000000000000050       0x7c /usr/lib/gcc/msp430/4.6.3/../../../../msp430/lib/mmpy-16/libc.a(strncmp.o)
 .debug_abbrev  0x00000000000000cc       0x9b /usr/lib/gcc/msp430/4.6.3/../../../../msp430/lib/mmpy-16/libc.a(memcmp.o)
 .debug_abbrev  0x0000000000000167       0x97 /usr/lib/gcc/msp430/4.6.3/../../../../msp430/lib/mmpy-16/libc.a(memcpy.o)
 .debug_abbrev  0x00000000000001fe       0x97 /usr/lib/gcc/msp430/4.6.3/../../../../msp430/lib/mmpy-16/libc.a(memmove.o)
 .debug_abbrev  0x0000000000000295       0x9c /usr/lib/gcc/msp430/4.6.3/../../../../msp430/lib/mmpy-16/libc.a(memset.o)
 .debug_abbrev  0x0000000000000331       0xd0 /usr/lib/gcc/msp430/4.6.3/../../../../msp430/lib/mmpy-16/libc.a(printf.o)
 .debug_abbrev  0x0000000000000401      0x1ef /usr/lib/gcc/msp430/4.6.3/../../../../msp430/lib/mmpy-16/libc.a(vuprintf.o)
 .debug_abbrev  0x00000000000005f0       0x60 /usr/lib/gcc/msp430/4.6.3/../../../../msp430/lib/mmpy-16/libc.a(puts.o)
 .debug_abbrev  0x0000000000000650       0xf0 /usr/lib/gcc/msp430/4.6.3/../../../../msp430/lib/mmpy-16/libc.a(rand.o)
 .debug_abbrev  0x0000000000000740       0x14 /usr/lib/gcc/msp430/4.6.3/mmpy-16/libgcc.a(_udivmod64.o)
 .debug_abbrev  0x0000000000000754       0x14 /usr/lib/gcc/msp430/4.6.3/mmpy-16/libcrt0.a(__watchdog_support.o)
 .debug_abbrev  0x0000000000000768       0x14 /usr/lib/gcc/msp430/4.6.3/mmpy-16/libcrt0.a(__init_stack.o)
 .debug_abbrev  0x000000000000077c       0x14 /usr/lib/gcc/msp430/4.6.3/mmpy-16/libcrt0.a(_copy_data.o)
 .debug_abbrev  0x0000000000000790       0x14 /usr/lib/gcc/msp430/4.6.3/mmpy-16/libcrt0.a(_clear_bss.o)
 .debug_abbrev  0x00000000000007a4       0x14 /usr/lib/gcc/msp430/4.6.3/mmpy-16/libcrt0.a(_endless_loop__.o)
 .debug_abbrev  0x00000000000007b8       0x14 /usr/lib/gcc/msp430/4.6.3/mmpy-16/libcrt0.a(_unexpected_.o)

.debug_line     0x0000000000000000      0xdff
 *(.debug_line)
 .debug_line    0x0000000000000000       0xa3 /usr/lib/gcc/msp430/4.6.3/mmpy-16/libgcc.a(_mulsi3.o)
 .debug_line    0x00000000000000a3       0x9c /usr/lib/gcc/msp430/4.6.3/mmpy-16/libgcc.a(_udivmod16.o)
 .debug_line    0x000000000000013f       0xa7 /usr/lib/gcc/msp430/4.6.3/mmpy-16/libgcc.a(_divmod16.o)
 .debug_line    0x00000000000001e6       0xab /usr/lib/gcc/msp430/4.6.3/mmpy-16/libgcc.a(_udivmod32.o)
 .debug_line    0x0000000000000291       0x75 /usr/lib/gcc/msp430/4.6.3/../../../../msp430/lib/mmpy-16/libc.a(strncmp.o)
 .debug_line    0x0000000000000306       0x73 /usr/lib/gcc/msp430/4.6.3/../../../../msp430/lib/mmpy-16/libc.a(memcmp.o)
 .debug_line    0x0000000000000379       0xe9 /usr/lib/gcc/msp430/4.6.3/../../../../msp430/lib/mmpy-16/libc.a(memcpy.o)
 .debug_line    0x0000000000000462       0xe9 /usr/lib/gcc/msp430/4.6.3/../../../../msp430/lib/mmpy-16/libc.a(memmove.o)
 .debug_line    0x000000000000054b       0xc8 /usr/lib/gcc/msp430/4.6.3/../../../../msp430/lib/mmpy-16/libc.a(memset.o)
 .debug_line    0x0000000000000613       0x72 /usr/lib/gcc/msp430/4.6.3/../../../../msp430/lib/mmpy-16/libc.a(printf.o)
 .debug_line    0x0000000000000685      0x2d2 /usr/lib/gcc/msp430/4.6.3/../../../../msp430/lib/mmpy-16/libc.a(vuprintf.o)
 .debug_line    0x0000000000000957       0x4d /usr/lib/gcc/msp430/4.6.3/../../../../msp430/lib/mmpy-16/libc.a(puts.o)
 .debug_line    0x00000000000009a4       0x4f /usr/lib/gcc/msp430/4.6.3/../../../../msp430/lib/mmpy-16/libc.a(rand.o)
 .debug_line    0x00000000000009f3       0xf1 /usr/lib/gcc/msp430/4.6.3/mmpy-16/libgcc.a(_udivmod64.o)
 .debug_line    0x0000000000000ae4       0x84 /usr/lib/gcc/msp430/4.6.3/mmpy-16/libcrt0.a(__watchdog_support.o)
 .debug_line    0x0000000000000b68       0x82 /usr/lib/gcc/msp430/4.6.3/mmpy-16/libcrt0.a(__init_stack.o)
 .debug_line    0x0000000000000bea       0x88 /usr/lib/gcc/msp430/4.6.3/mmpy-16/libcrt0.a(_copy_data.o)
 .debug_line    0x0000000000000c72       0x88 /usr/lib/gcc/msp430/4.6.3/mmpy-16/libcrt0.a(_clear_bss.o)
 .debug_line    0x0000000000000cfa       0x83 /usr/lib/gcc/msp430/4.6.3/mmpy-16/libcrt0.a(_endless_loop__.o)
 .debug_line    0x0000000000000d7d       0x82 /usr/lib/gcc/msp430/4.6.3/mmpy-16/libcrt0.a(_unexpected_.o)

.debug_frame    0x0000000000000000      0x224
 *(.debug_frame)
 .debug_frame   0x0000000000000000       0x24 /usr/lib/gcc/msp430/4.6.3/../../../../msp430/lib/mmpy-16/libc.a(strncmp.o)
 .debug_frame   0x0000000000000024       0x24 /usr/lib/gcc/msp430/4.6.3/../../../../msp430/lib/mmpy-16/libc.a(memcmp.o)