Archive member included because of file (symbol)

contiki-sky.a(rimeaddr.o)     obj_sky/contiki-sky-main.o (rimeaddr_copy)
contiki-sky.a(csma.o)         obj_sky/contiki-sky-main.o (csma_driver)
contiki-sky.a(contikimac.o)   obj_sky/contiki-sky-main.o (contikimac_driver)
contiki-sky.a(phase.o)        contiki-sky.a(contikimac.o) (phase_update)
contiki-sky.a(process.o)      obj_sky/contiki-sky-main.o (process_init)
contiki-sky.a(autostart.o)    obj_sky/contiki-sky-main.o (autostart_start)
contiki-sky.a(compower.o)     contiki-sky.a(contikimac.o) (compower_accumulate)
contiki-sky.a(memb.o)         contiki-sky.a(csma.o) (memb_init)
contiki-sky.a(timer.o)        obj_sky/contiki-sky-main.o (timer_set)
contiki-sky.a(list.o)         contiki-sky.a(csma.o) (list_init)
contiki-sky.a(etimer.o)       obj_sky/contiki-sky-main.o (etimer_process)
contiki-sky.a(ctimer.o)       obj_sky/contiki-sky-main.o (ctimer_init)
contiki-sky.a(energest.o)     obj_sky/contiki-sky-main.o (energest_init)
contiki-sky.a(rtimer.o)       obj_sky/contiki-sky-main.o (rtimer_init)
contiki-sky.a(random.o)       obj_sky/contiki-sky-main.o (random_init)
contiki-sky.a(nbr-table.o)    contiki-sky.a(phase.o) (nbr_table_register)
contiki-sky.a(packetbuf.o)    contiki-sky.a(contikimac.o) (packetbuf_hdr_remove)
contiki-sky.a(queuebuf.o)     obj_sky/contiki-sky-main.o (queuebuf_init)
contiki-sky.a(sicslowpan.o)   obj_sky/contiki-sky-main.o (sicslowpan_driver)
contiki-sky.a(tcpip.o)        contiki-sky.a(sicslowpan.o) (tcpip_set_outputfunc)
contiki-sky.a(uip-ds6-route.o)
                              contiki-sky.a(tcpip.o) (uip_ds6_route_nexthop)
contiki-sky.a(uip-ds6-nbr.o)  contiki-sky.a(tcpip.o) (uip_ds6_nbr_add)
contiki-sky.a(uip-ds6.o)      contiki-sky.a(tcpip.o) (uip_ds6_is_addr_onlink)
contiki-sky.a(uip-nd6.o)      contiki-sky.a(tcpip.o) (uip_nd6_ns_output)
contiki-sky.a(uip-udp-packet.)
                              obj_sky/networking.o (uip_udp_packet_send)
contiki-sky.a(uip6.o)         contiki-sky.a(sicslowpan.o) (uip_aligned_buf)
contiki-sky.a(contiki-sky-pla)
                              obj_sky/contiki-sky-main.o (init_platform)
contiki-sky.a(sht11-sensor.o)
                              obj_sky/sky.o (sht11_sensor)
contiki-sky.a(button-sensor.o)
                              contiki-sky.a(contiki-sky-pla) (button_sensor)
contiki-sky.a(ds2411.o)       obj_sky/contiki-sky-main.o (ds2411_init)
contiki-sky.a(xmem.o)         obj_sky/contiki-sky-main.o (xmem_init)
contiki-sky.a(node-id.o)      obj_sky/contiki-sky-main.o (node_id_restore)
contiki-sky.a(sensors.o)      contiki-sky.a(button-sensor.o) (sensors_changed)
contiki-sky.a(cc2420.o)       obj_sky/contiki-sky-main.o (cc2420_set_channel)
contiki-sky.a(cc2420-arch.o)  contiki-sky.a(cc2420.o) (cc2420_arch_init)
contiki-sky.a(uart1.o)        obj_sky/contiki-sky-main.o (uart1_active)
contiki-sky.a(uart1-putchar.o)
                              obj_sky/contiki-sky-main.o (putchar)
contiki-sky.a(msp430.o)       contiki-sky.a(uart1.o) (msp430_add_lpm_req)
contiki-sky.a(clock.o)        contiki-sky.a(timer.o) (clock_time)
contiki-sky.a(leds.o)         obj_sky/contiki-sky-main.o (leds_init)
contiki-sky.a(leds-arch.o)    contiki-sky.a(leds.o) (leds_arch_init)
contiki-sky.a(watchdog.o)     obj_sky/contiki-sky-main.o (watchdog_start)
contiki-sky.a(rtimer-arch.o)  contiki-sky.a(rtimer.o) (rtimer_arch_init)
contiki-sky.a(mac.o)          contiki-sky.a(csma.o) (mac_call_sent_callback)
contiki-sky.a(framer-802154.o)
                              contiki-sky.a(contikimac.o) (framer_802154)
contiki-sky.a(rpl.o)          contiki-sky.a(uip-ds6-nbr.o) (rpl_link_neighbor_callback)
contiki-sky.a(rpl-dag.o)      contiki-sky.a(rpl.o) (rpl_dag_init)
contiki-sky.a(rpl-icmp6.o)    contiki-sky.a(rpl.o) (dao_output_target)
contiki-sky.a(rpl-timers.o)   contiki-sky.a(rpl.o) (rpl_reset_periodic_timer)
contiki-sky.a(rpl-mrhof.o)    contiki-sky.a(rpl-dag.o) (rpl_mrhof)
contiki-sky.a(rpl-ext-header.)
                              contiki-sky.a(uip6.o) (rpl_verify_header)
contiki-sky.a(stimer.o)       contiki-sky.a(tcpip.o) (stimer_set)
contiki-sky.a(uip-icmp6.o)    contiki-sky.a(uip6.o) (uip_icmp6_echo_request_input)
contiki-sky.a(sht11.o)        contiki-sky.a(sht11-sensor.o) (sht11_init)
contiki-sky.a(spi.o)          contiki-sky.a(xmem.o) (spi_init)
contiki-sky.a(frame802154.o)  contiki-sky.a(framer-802154.o) (frame802154_hdrlen)
/usr/lib/gcc/msp430/4.6.3/mmpy-16/libgcc.a(_mulsi3.o)
                              contiki-sky.a(csma.o) (__mulsi3)
/usr/lib/gcc/msp430/4.6.3/mmpy-16/libgcc.a(_udivmod16.o)
                              contiki-sky.a(rpl-dag.o) (__udivhi3)
/usr/lib/gcc/msp430/4.6.3/mmpy-16/libgcc.a(_divmod16.o)
                              contiki-sky.a(nbr-table.o) (__divhi3)
/usr/lib/gcc/msp430/4.6.3/mmpy-16/libgcc.a(_udivmod32.o)
                              obj_sky/contiki-sky-main.o (__udivsi3)
/usr/lib/gcc/msp430/4.6.3/../../../../msp430/lib/mmpy-16/libc.a(strncmp.o)
[...]
Memory Configuration

Name             Origin             Length             Attributes
sfr              0x0000000000000000 0x0000000000000010
peripheral_8bit  0x0000000000000010 0x00000000000000f0
peripheral_16bit 0x0000000000000100 0x0000000000000100
ram_mirror       0x0000000000000200 0x0000000000000800 xw
infomem          0x0000000000001000 0x0000000000000100
infob            0x0000000000001000 0x0000000000000080
infoa            0x0000000000001080 0x0000000000000080
ram              0x0000000000001100 0x0000000000002800 xw
rom              0x0000000000004000 0x000000000000bfe0 xr
vectors          0x000000000000ffe0 0x0000000000000020
bsl              0x0000000000000000 0x0000000000000000
infoc            0x0000000000000000 0x0000000000000000
infod            0x0000000000000000 0x0000000000000000
ram2             0x0000000000000000 0x0000000000000000 xw
usbram           0x0000000000000000 0x0000000000000000 xw
far_rom          0x0000000000000000 0x0000000000000000
*default*        0x0000000000000000 0xffffffffffffffff

Linker script and memory map

LOAD /usr/lib/gcc/msp430/4.6.3/mmpy-16/crt0ivtbl16.o
LOAD node.co
LOAD obj_sky/networking.o
LOAD obj_sky/sky.o
LOAD obj_sky/contiki-sky-main.o
LOAD contiki-sky.a
LOAD /usr/lib/gcc/msp430/4.6.3/mmpy-16/libgcc.a
LOAD /usr/lib/gcc/msp430/4.6.3/../../../../msp430/lib/mmpy-16/libc.a
LOAD /usr/lib/gcc/msp430/4.6.3/mmpy-16/libgcc.a
LOAD /usr/lib/gcc/msp430/4.6.3/mmpy-16/libcrt0.a
                0x0000000000000080                PROVIDE (__info_segment_size, 0x80)
                0x0000000000001000                PROVIDE (__infob, 0x1000)
                0x0000000000001080                PROVIDE (__infoa, 0x1080)
                0x0000000000000000                __IE1 = 0x0
                0x0000000000000002                __IFG1 = 0x2
                0x0000000000000004                __ME1 = 0x4
                0x0000000000000001                __IE2 = 0x1
                0x0000000000000003                __IFG2 = 0x3
                0x0000000000000005                __ME2 = 0x5
                0x0000000000000120                __WDTCTL = 0x120
                0x0000000000000130                __MPY = 0x130
                0x0000000000000132                __MPYS = 0x132
                0x0000000000000134                __MAC = 0x134
                0x0000000000000136                __MACS = 0x136
                0x0000000000000138                __OP2 = 0x138
                0x000000000000013a                __RESLO = 0x13a
                0x000000000000013c                __RESHI = 0x13c
                0x000000000000013e                __SUMEXT = 0x13e
                0x0000000000000020                __P1IN = 0x20
                0x0000000000000021                __P1OUT = 0x21
                0x0000000000000022                __P1DIR = 0x22
                0x0000000000000023                __P1IFG = 0x23
                0x0000000000000024                __P1IES = 0x24
                0x0000000000000025                __P1IE = 0x25
                0x0000000000000026                __P1SEL = 0x26
                0x0000000000000028                __P2IN = 0x28
                0x0000000000000029                __P2OUT = 0x29
                0x000000000000002a                __P2DIR = 0x2a
                0x000000000000002b                __P2IFG = 0x2b
                0x000000000000002c                __P2IES = 0x2c
                0x000000000000002d                __P2IE = 0x2d
                0x000000000000002e                __P2SEL = 0x2e
                0x0000000000000018                __P3IN = 0x18
                0x0000000000000019                __P3OUT = 0x19
                0x000000000000001a                __P3DIR = 0x1a
                0x000000000000001b                __P3SEL = 0x1b
                0x000000000000001c                __P4IN = 0x1c
                0x000000000000001d                __P4OUT = 0x1d
                0x000000000000001e                __P4DIR = 0x1e
                0x000000000000001f                __P4SEL = 0x1f
                0x0000000000000030                __P5IN = 0x30
                0x0000000000000031                __P5OUT = 0x31
                0x0000000000000032                __P5DIR = 0x32
                0x0000000000000033                __P5SEL = 0x33
                0x0000000000000034                __P6IN = 0x34
                0x0000000000000035                __P6OUT = 0x35
                0x0000000000000036                __P6DIR = 0x36
                0x0000000000000037                __P6SEL = 0x37
                0x0000000000000070                __U0CTL = 0x70
                0x0000000000000071                __U0TCTL = 0x71
                0x0000000000000072                __U0RCTL = 0x72
                0x0000000000000073                __U0MCTL = 0x73
                0x0000000000000074                __U0BR0 = 0x74
                0x0000000000000075                __U0BR1 = 0x75
                0x0000000000000076                __U0RXBUF = 0x76
                0x0000000000000077                __U0TXBUF = 0x77
                0x0000000000000078                __U1CTL = 0x78
                0x0000000000000079                __U1TCTL = 0x79
                0x000000000000007a                __U1RCTL = 0x7a
                0x000000000000007b                __U1MCTL = 0x7b
                0x000000000000007c                __U1BR0 = 0x7c
                0x000000000000007d                __U1BR1 = 0x7d
                0x000000000000007e                __U1RXBUF = 0x7e
                0x000000000000007f                __U1TXBUF = 0x7f
                0x0000000000000050                __I2CIE = 0x50
                0x0000000000000051                __I2CIFG = 0x51
                0x0000000000000052                __I2CNDAT = 0x52
                0x0000000000000071                __I2CTCTL = 0x71
                0x0000000000000072                __I2CDCTL = 0x72
                0x0000000000000073                __I2CPSC = 0x73
                0x0000000000000074                __I2CSCLH = 0x74
                0x0000000000000075                __I2CSCLL = 0x75
                0x0000000000000076                __I2CDRB = 0x76
                0x0000000000000076                __I2CDRW = 0x76
                0x0000000000000118                __I2COA = 0x118
                0x000000000000011a                __I2CSA = 0x11a
                0x000000000000011c                __I2CIV = 0x11c
                0x000000000000012e                __TAIV = 0x12e
                0x0000000000000160                __TACTL = 0x160
                0x0000000000000162                __TACCTL0 = 0x162
                0x0000000000000164                __TACCTL1 = 0x164
                0x0000000000000166                __TACCTL2 = 0x166
                0x0000000000000170                __TAR = 0x170
                0x0000000000000172                __TACCR0 = 0x172
                0x0000000000000174                __TACCR1 = 0x174
                0x0000000000000176                __TACCR2 = 0x176
                0x000000000000011e                __TBIV = 0x11e
                0x0000000000000180                __TBCTL = 0x180
                0x0000000000000182                __TBCCTL0 = 0x182
                0x0000000000000184                __TBCCTL1 = 0x184
                0x0000000000000186                __TBCCTL2 = 0x186
                0x0000000000000188                __TBCCTL3 = 0x188
                0x000000000000018a                __TBCCTL4 = 0x18a
                0x000000000000018c                __TBCCTL5 = 0x18c
                0x000000000000018e                __TBCCTL6 = 0x18e
                0x0000000000000190                __TBR = 0x190
                0x0000000000000192                __TBCCR0 = 0x192
                0x0000000000000194                __TBCCR1 = 0x194
                0x0000000000000196                __TBCCR2 = 0x196
                0x0000000000000198                __TBCCR3 = 0x198
                0x000000000000019a                __TBCCR4 = 0x19a
                0x000000000000019c                __TBCCR5 = 0x19c
                0x000000000000019e                __TBCCR6 = 0x19e
                0x0000000000000056                __DCOCTL = 0x56
                0x0000000000000057                __BCSCTL1 = 0x57
                0x0000000000000058                __BCSCTL2 = 0x58
                0x0000000000000055                __SVSCTL = 0x55
                0x0000000000000128                __FCTL1 = 0x128
                0x000000000000012a                __FCTL2 = 0x12a
                0x000000000000012c                __FCTL3 = 0x12c
                0x0000000000000059                __CACTL1 = 0x59
                0x000000000000005a                __CACTL2 = 0x5a
                0x000000000000005b                __CAPD = 0x5b
                0x00000000000001a0                __ADC12CTL0 = 0x1a0
                0x00000000000001a2                __ADC12CTL1 = 0x1a2
                0x00000000000001a4                __ADC12IFG = 0x1a4
                0x00000000000001a6                __ADC12IE = 0x1a6
                0x00000000000001a8                __ADC12IV = 0x1a8
                0x0000000000000140                __ADC12MEM0 = 0x140
                0x0000000000000142                __ADC12MEM1 = 0x142
                0x0000000000000144                __ADC12MEM2 = 0x144
                0x0000000000000146                __ADC12MEM3 = 0x146
                0x0000000000000148                __ADC12MEM4 = 0x148
                0x000000000000014a                __ADC12MEM5 = 0x14a
                0x000000000000014c                __ADC12MEM6 = 0x14c
                0x000000000000014e                __ADC12MEM7 = 0x14e
                0x0000000000000150                __ADC12MEM8 = 0x150
                0x0000000000000152                __ADC12MEM9 = 0x152
                0x0000000000000154                __ADC12MEM10 = 0x154
                0x0000000000000156                __ADC12MEM11 = 0x156
                0x0000000000000158                __ADC12MEM12 = 0x158
                0x000000000000015a                __ADC12MEM13 = 0x15a
                0x000000000000015c                __ADC12MEM14 = 0x15c
                0x000000000000015e                __ADC12MEM15 = 0x15e
                0x0000000000000080                __ADC12MCTL0 = 0x80
                0x0000000000000081                __ADC12MCTL1 = 0x81
                0x0000000000000082                __ADC12MCTL2 = 0x82
                0x0000000000000083                __ADC12MCTL3 = 0x83
                0x0000000000000084                __ADC12MCTL4 = 0x84
                0x0000000000000085                __ADC12MCTL5 = 0x85
                0x0000000000000086                __ADC12MCTL6 = 0x86
                0x0000000000000087                __ADC12MCTL7 = 0x87
                0x0000000000000088                __ADC12MCTL8 = 0x88
                0x0000000000000089                __ADC12MCTL9 = 0x89
                0x000000000000008a                __ADC12MCTL10 = 0x8a
                0x000000000000008b                __ADC12MCTL11 = 0x8b
                0x000000000000008c                __ADC12MCTL12 = 0x8c
                0x000000000000008d                __ADC12MCTL13 = 0x8d
                0x000000000000008e                __ADC12MCTL14 = 0x8e
                0x000000000000008f                __ADC12MCTL15 = 0x8f
                0x00000000000001c0                __DAC12_0CTL = 0x1c0
                0x00000000000001c2                __DAC12_1CTL = 0x1c2
                0x00000000000001c8                __DAC12_0DAT = 0x1c8
                0x00000000000001ca                __DAC12_1DAT = 0x1ca
                0x0000000000000122                __DMACTL0 = 0x122
                0x0000000000000124                __DMACTL1 = 0x124
                0x00000000000001e0                __DMA0CTL = 0x1e0
                0x00000000000001e8                __DMA1CTL = 0x1e8
                0x00000000000001f0                __DMA2CTL = 0x1f0
                0x00000000000001e2                __DMA0SA = 0x1e2
                0x00000000000001e4                __DMA0DA = 0x1e4
                0x00000000000001e6                __DMA0SZ = 0x1e6
                0x00000000000001ea                __DMA1SA = 0x1ea
                0x00000000000001ec                __DMA1DA = 0x1ec
                0x00000000000001ee                __DMA1SZ = 0x1ee
                0x00000000000001f2                __DMA2SA = 0x1f2
                0x00000000000001f4                __DMA2DA = 0x1f4
                0x00000000000001f6                __DMA2SZ = 0x1f6

.hash
 *(.hash)

.dynsym
 *(.dynsym)

.dynstr
 *(.dynstr)

.gnu.version
 *(.gnu.version)

.gnu.version_d
 *(.gnu.version_d)

.gnu.version_r
 *(.gnu.version_r)

.rel.init
 *(.rel.init)

.rela.init
 *(.rela.init)

.rel.fini
 *(.rel.fini)

.rela.fini
 *(.rela.fini)

.rel.text
 *(.rel.text .rel.text.* .rel.gnu.linkonce.t.*)

.rela.text
 *(.rela.text .rela.text.* .rela.gnu.linkonce.t.*)

.rel.rodata
 *(.rel.rodata .rel.rodata.* .rel.gnu.linkonce.r.*)

.rela.rodata
 *(.rela.rodata .rela.rodata.* .rela.gnu.linkonce.r.*)

.rel.data
 *(.rel.data .rel.data.* .rel.gnu.linkonce.d.*)

.rela.data
 *(.rela.data .rela.data.* .rela.gnu.linkonce.d.*)

.rel.bss
 *(.rel.bss .rel.bss.* .rel.gnu.linkonce.b.*)

.rela.bss
 *(.rela.bss .rela.bss.* .rela.gnu.linkonce.b.*)

.rel.ctors
 *(.rel.ctors)

.rela.ctors
 *(.rela.ctors)

.rel.dtors
 *(.rel.dtors)

.rela.dtors
 *(.rela.dtors)

.rel.got
 *(.rel.got)

.rela.got
 *(.rela.got)

.rel.plt
 *(.rel.plt)

.rela.plt
 *(.rela.plt)

.text           0x0000000000004000     0x9c52
                0x0000000000004000                . = ALIGN (0x2)
 *(.init .init.*)
 *(.init0)
 .init0         0x0000000000004000        0x0 /usr/lib/gcc/msp430/4.6.3/mmpy-16/libcrt0.a(_reset_vector__.o)
                0x0000000000004000                _reset_vector__
 *(.init1)
 .init1         0x0000000000004000        0xc /usr/lib/gcc/msp430/4.6.3/mmpy-16/libcrt0.a(__watchdog_support.o)
                0x0000000000004000                __watchdog_support
 *(.init2)
 .init2         0x000000000000400c        0x4 /usr/lib/gcc/msp430/4.6.3/mmpy-16/libcrt0.a(__init_stack.o)
                0x000000000000400c                __init_stack
 *(.init3)
 .init3         0x0000000000004010        0x0 /usr/lib/gcc/msp430/4.6.3/mmpy-16/libcrt0.a(__low_level_init.o)
                0x0000000000004010                __low_level_init
 *(.init4)
 .init4         0x0000000000004010       0x18 /usr/lib/gcc/msp430/4.6.3/mmpy-16/libcrt0.a(_copy_data.o)
                0x0000000000004010                __do_copy_data
 .init4         0x0000000000004028       0x16 /usr/lib/gcc/msp430/4.6.3/mmpy-16/libcrt0.a(_clear_bss.o)
                0x0000000000004028                __do_clear_bss
 *(.init5)
 *(.init6)
 *(.init7)
 *(.init8)
 *(.init9)
 .init9         0x000000000000403e      0x33e obj_sky/contiki-sky-main.o
                0x000000000000403e                main
 *(.fini9)
 .fini9         0x000000000000437c        0x0 /usr/lib/gcc/msp430/4.6.3/mmpy-16/libcrt0.a(__stop_progExec__.o)
                0x000000000000437c                __stop_progExec__
 *(.fini8)
 *(.fini7)
 *(.fini6)
 *(.fini5)
 *(.fini4)
 *(.fini3)
 *(.fini2)
 *(.fini1)
 *(.fini0)
 .fini0         0x000000000000437c        0x6 /usr/lib/gcc/msp430/4.6.3/mmpy-16/libcrt0.a(_endless_loop__.o)
                0x000000000000437c                _endless_loop__
 *(.fini .fini.*)
                0x0000000000004382                . = ALIGN (0x2)
                0x0000000000004382                __ctors_start = .
 *(.ctors)
                0x0000000000004382                __ctors_end = .
                0x0000000000004382                __dtors_start = .
 *(.dtors)
                0x0000000000004382                __dtors_end = .
                0x0000000000004382                . = ALIGN (0x2)
 *(.text .text.* .gnu.linkonce.t.*)
 .text          0x0000000000004382        0x4 /usr/lib/gcc/msp430/4.6.3/mmpy-16/crt0ivtbl16.o
                0x0000000000004382                __isr_14
                0x0000000000004382                __isr_11
                0x0000000000004382                __isr_2
                0x0000000000004382                __isr_7
                0x0000000000004382                __isr_0
                0x0000000000004382                __isr_8
                0x0000000000004382                __isr_3
                0x0000000000004382                __isr_12
                0x0000000000004382                __isr_13
                0x0000000000004382                __isr_9
 .text.process_thread_main_proc
                0x0000000000004386       0x74 node.co
 .text.conn_set_up
                0x00000000000043fa       0x46 obj_sky/networking.o
                0x00000000000043fa                conn_set_up
 .text.send_data
                0x0000000000004440       0x2c obj_sky/networking.o
                0x0000000000004440                send_data
 .text.rimeaddr_copy
                0x000000000000446c        0x8 contiki-sky.a(rimeaddr.o)
                0x000000000000446c                rimeaddr_copy
 .text.rimeaddr_cmp
                0x0000000000004474       0x12 contiki-sky.a(rimeaddr.o)
                0x0000000000004474                rimeaddr_cmp
 .text.rimeaddr_set_node_addr
                0x0000000000004486        0xc contiki-sky.a(rimeaddr.o)
                0x0000000000004486                rimeaddr_set_node_addr
 .text.input_packet
                0x0000000000004492        0x6 contiki-sky.a(csma.o)
 .text.on       0x0000000000004498        0x6 contiki-sky.a(csma.o)
 .text.off      0x000000000000449e        0x6 contiki-sky.a(csma.o)
 .text.channel_check_interval
                0x00000000000044a4       0x10 contiki-sky.a(csma.o)
 .text.transmit_packet_list
                0x00000000000044b4       0x24 contiki-sky.a(csma.o)
 .text.send_packet
                0x00000000000044d8      0x164 contiki-sky.a(csma.o)
 .text.init     0x000000000000463c       0x1a contiki-sky.a(csma.o)
 .text.free_packet
                0x0000000000004656       0x9c contiki-sky.a(csma.o)
 .text.packet_sent
                0x00000000000046f2      0x130 contiki-sky.a(csma.o)
 .text.duty_cycle
                0x0000000000004822        0x6 contiki-sky.a(contikimac.o)
 .text.init     0x0000000000004828       0x2e contiki-sky.a(contikimac.o)
 .text.on       0x0000000000004856       0x1a contiki-sky.a(contikimac.o)
 .text.off      0x0000000000004870       0x22 contiki-sky.a(contikimac.o)
 .text.recv_burst_off
                0x0000000000004892        0xa contiki-sky.a(contikimac.o)
 .text.turn_off
                0x000000000000489c       0x20 contiki-sky.a(contikimac.o)
 .text.turn_on  0x00000000000048bc       0x30 contiki-sky.a(contikimac.o)
 .text.schedule_powercycle_fixed.part.4
                0x00000000000048ec       0x36 contiki-sky.a(contikimac.o)
 .text.powercycle_turn_radio_off
                0x0000000000004922       0x30 contiki-sky.a(contikimac.o)
 .text.powercycle
                0x0000000000004952      0x1da contiki-sky.a(contikimac.o)
 .text.input_packet
                0x0000000000004b2c      0x122 contiki-sky.a(contikimac.o)
 .text.send_packet
                0x0000000000004c4e      0x29c contiki-sky.a(contikimac.o)
 .text.qsend_packet
                0x0000000000004eea       0x28 contiki-sky.a(contikimac.o)
 .text.qsend_list
                0x0000000000004f12       0x84 contiki-sky.a(contikimac.o)
 .text.send_packet
                0x0000000000004f96       0x44 contiki-sky.a(phase.o)
 .text.phase_update
                0x0000000000004fda       0x90 contiki-sky.a(phase.o)
                0x0000000000004fda                phase_update
 .text.phase_wait
                0x000000000000506a       0xf6 contiki-sky.a(phase.o)
                0x000000000000506a                phase_wait
 .text.phase_init
                0x0000000000005160       0x14 contiki-sky.a(phase.o)
                0x0000000000005160                phase_init
 .text.call_process
                0x0000000000005174       0x48 contiki-sky.a(process.o)
 .text.exit_process
                0x00000000000051bc       0x94 contiki-sky.a(process.o)
 .text.do_poll  0x0000000000005250       0x30 contiki-sky.a(process.o)
 .text.process_alloc_event
                0x0000000000005280        0xe contiki-sky.a(process.o)
                0x0000000000005280                process_alloc_event
 .text.process_init
                0x000000000000528e       0x1c contiki-sky.a(process.o)
                0x000000000000528e                process_init
 .text.process_run
                0x00000000000052aa       0xa2 contiki-sky.a(process.o)
                0x00000000000052aa                process_run
 .text.process_nevents
                0x000000000000534c        0xe contiki-sky.a(process.o)
                0x000000000000534c                process_nevents
 .text.process_post
                0x000000000000535a       0x54 contiki-sky.a(process.o)
                0x000000000000535a                process_post
 .text.process_post_synch
                0x00000000000053ae       0x12 contiki-sky.a(process.o)
                0x00000000000053ae                process_post_synch
 .text.process_start
                0x00000000000053c0       0x32 contiki-sky.a(process.o)
                0x00000000000053c0                process_start
 .text.process_poll
                0x00000000000053f2       0x18 contiki-sky.a(process.o)
                0x00000000000053f2                process_poll
 .text.autostart_start
                0x000000000000540a       0x16 contiki-sky.a(autostart.o)
                0x000000000000540a                autostart_start
 .text.compower_accumulate
                0x0000000000005420       0x72 contiki-sky.a(compower.o)
                0x0000000000005420                compower_accumulate
 .text.compower_clear
                0x0000000000005492       0x12 contiki-sky.a(compower.o)
                0x0000000000005492                compower_clear
 .text.compower_attrconv
                0x00000000000054a4       0x10 contiki-sky.a(compower.o)
                0x00000000000054a4                compower_attrconv
 .text.memb_init
                0x00000000000054b4       0x36 contiki-sky.a(memb.o)
                0x00000000000054b4                memb_init
 .text.memb_alloc
                0x00000000000054ea       0x3e contiki-sky.a(memb.o)
                0x00000000000054ea                memb_alloc
 .text.memb_free
                0x0000000000005528       0x3a contiki-sky.a(memb.o)
                0x0000000000005528                memb_free
 .text.memb_inmemb
                0x0000000000005562       0x2e contiki-sky.a(memb.o)
                0x0000000000005562                memb_inmemb
 .text.timer_set
                0x0000000000005590       0x1c contiki-sky.a(timer.o)
                0x0000000000005590                timer_set
 .text.timer_reset
                0x00000000000055ac        0xe contiki-sky.a(timer.o)
                0x00000000000055ac                timer_reset
 .text.timer_expired
                0x00000000000055ba       0x2a contiki-sky.a(timer.o)
                0x00000000000055ba                timer_expired
 .text.list_init
                0x00000000000055e4        0x6 contiki-sky.a(list.o)
                0x00000000000055e4                list_init
 .text.list_head
                0x00000000000055ea        0x4 contiki-sky.a(list.o)
                0x00000000000055ea                list_head
 .text.list_tail
                0x00000000000055ee       0x12 contiki-sky.a(list.o)
                0x00000000000055ee                list_tail
 .text.list_remove
                0x0000000000005600       0x34 contiki-sky.a(list.o)
                0x0000000000005600                list_remove
 .text.list_push
                0x0000000000005634       0x1a contiki-sky.a(list.o)
                0x0000000000005634                list_push
 .text.list_add
                0x000000000000564e       0x2a contiki-sky.a(list.o)
                0x000000000000564e                list_add
 .text.list_length
                0x0000000000005678       0x10 contiki-sky.a(list.o)
                0x0000000000005678                list_length
 .text.list_item_next
                0x0000000000005688        0xc contiki-sky.a(list.o)
                0x0000000000005688                list_item_next
 .text.update_time
                0x0000000000005694       0x78 contiki-sky.a(etimer.o)
 .text.etimer_request_poll
                0x000000000000570c        0xa contiki-sky.a(etimer.o)
                0x000000000000570c                etimer_request_poll
 .text.process_thread_etimer_process
                0x0000000000005716       0xc8 contiki-sky.a(etimer.o)
 .text.add_timer
                0x00000000000057de       0x40 contiki-sky.a(etimer.o)
 .text.etimer_set
                0x000000000000581e       0x12 contiki-sky.a(etimer.o)
                0x000000000000581e                etimer_set
 .text.etimer_reset
                0x0000000000005830       0x12 contiki-sky.a(etimer.o)
                0x0000000000005830                etimer_reset
 .text.etimer_expired
                0x0000000000005842        0xe contiki-sky.a(etimer.o)
                0x0000000000005842                etimer_expired
 .text.etimer_expiration_time
                0x0000000000005850       0x14 contiki-sky.a(etimer.o)
                0x0000000000005850                etimer_expiration_time
 .text.etimer_pending
                0x0000000000005864        0xc contiki-sky.a(etimer.o)
                0x0000000000005864                etimer_pending
 .text.etimer_next_expiration_time
                0x0000000000005870       0x16 contiki-sky.a(etimer.o)
                0x0000000000005870                etimer_next_expiration_time
 .text.etimer_stop
                0x0000000000005886       0x3c contiki-sky.a(etimer.o)
                0x0000000000005886                etimer_stop
 .text.process_thread_ctimer_process
                0x00000000000058c2       0xa4 contiki-sky.a(ctimer.o)
 .text.ctimer_init
                0x0000000000005966       0x18 contiki-sky.a(ctimer.o)
                0x0000000000005966                ctimer_init
 .text.ctimer_set
                0x000000000000597e       0x5a contiki-sky.a(ctimer.o)
                0x000000000000597e                ctimer_set
 .text.ctimer_reset
                0x00000000000059d8       0x3a contiki-sky.a(ctimer.o)
                0x00000000000059d8                ctimer_reset
 .text.ctimer_stop
                0x0000000000005a12       0x28 contiki-sky.a(ctimer.o)
                0x0000000000005a12                ctimer_stop
 .text.energest_init
                0x0000000000005a3a       0x28 contiki-sky.a(energest.o)
                0x0000000000005a3a                energest_init
 .text.energest_type_time
                0x0000000000005a62       0x46 contiki-sky.a(energest.o)
                0x0000000000005a62                energest_type_time
 .text.energest_type_set
                0x0000000000005aa8        0xe contiki-sky.a(energest.o)
                0x0000000000005aa8                energest_type_set
 .text.energest_flush
                0x0000000000005ab6       0x48 contiki-sky.a(energest.o)
                0x0000000000005ab6                energest_flush
 .text.rtimer_init
                0x0000000000005afe        0x6 contiki-sky.a(rtimer.o)
                0x0000000000005afe                rtimer_init
 .text.rtimer_set
                0x0000000000005b04       0x24 contiki-sky.a(rtimer.o)
                0x0000000000005b04                rtimer_set
 .text.rtimer_run_next
                0x0000000000005b28       0x26 contiki-sky.a(rtimer.o)
                0x0000000000005b28                rtimer_run_next
 .text.random_init
                0x0000000000005b4e        0x6 contiki-sky.a(random.o)
                0x0000000000005b4e                random_init
 .text.random_rand
                0x0000000000005b54        0x6 contiki-sky.a(random.o)
                0x0000000000005b54                random_rand
 .text.index_from_key
                0x0000000000005b5a       0x48 contiki-sky.a(nbr-table.o)
 .text.item_from_key
                0x0000000000005ba2       0x34 contiki-sky.a(nbr-table.o)
 .text.nbr_set_bit
                0x0000000000005bd6       0x8e contiki-sky.a(nbr-table.o)
 .text.index_from_lladdr
                0x0000000000005c64       0x42 contiki-sky.a(nbr-table.o)
 .text.nbr_get_bit.constprop.0
                0x0000000000005ca6       0x62 contiki-sky.a(nbr-table.o)
 .text.nbr_table_register
                0x0000000000005d08       0x28 contiki-sky.a(nbr-table.o)
                0x0000000000005d08                nbr_table_register
 .text.nbr_table_next
                0x0000000000005d30       0x90 contiki-sky.a(nbr-table.o)
                0x0000000000005d30                nbr_table_next
 .text.nbr_table_head
                0x0000000000005dc0       0x36 contiki-sky.a(nbr-table.o)
                0x0000000000005dc0                nbr_table_head
 .text.nbr_table_add_lladdr
                0x0000000000005df6      0x144 contiki-sky.a(nbr-table.o)
                0x0000000000005df6                nbr_table_add_lladdr
 .text.nbr_table_get_from_lladdr
                0x0000000000005f3a       0x48 contiki-sky.a(nbr-table.o)
                0x0000000000005f3a                nbr_table_get_from_lladdr
 .text.nbr_table_remove
                0x0000000000005f82       0x32 contiki-sky.a(nbr-table.o)
                0x0000000000005f82                nbr_table_remove
 .text.nbr_table_lock
                0x0000000000005fb4       0x10 contiki-sky.a(nbr-table.o)
                0x0000000000005fb4                nbr_table_lock
 .text.nbr_table_unlock
                0x0000000000005fc4       0x10 contiki-sky.a(nbr-table.o)
                0x0000000000005fc4                nbr_table_unlock
 .text.nbr_table_get_lladdr
                0x0000000000005fd4       0x5a contiki-sky.a(nbr-table.o)
                0x0000000000005fd4                nbr_table_get_lladdr
 .text.packetbuf_copyto_hdr
                0x000000000000602e       0x1c contiki-sky.a(packetbuf.o)
                0x000000000000602e                packetbuf_copyto_hdr
 .text.packetbuf_copyto
                0x000000000000604a       0x52 contiki-sky.a(packetbuf.o)
                0x000000000000604a                packetbuf_copyto
 .text.packetbuf_hdr_remove
                0x000000000000609c        0x6 contiki-sky.a(packetbuf.o)
                0x000000000000609c                packetbuf_hdr_remove
 .text.packetbuf_hdrreduce
                0x00000000000060a2       0x1a contiki-sky.a(packetbuf.o)
                0x00000000000060a2                packetbuf_hdrreduce
 .text.packetbuf_set_datalen
                0x00000000000060bc        0x6 contiki-sky.a(packetbuf.o)
                0x00000000000060bc                packetbuf_set_datalen
 .text.packetbuf_dataptr
                0x00000000000060c2        0xe contiki-sky.a(packetbuf.o)
                0x00000000000060c2                packetbuf_dataptr
 .text.packetbuf_hdrptr
                0x00000000000060d0        0xa contiki-sky.a(packetbuf.o)
                0x00000000000060d0                packetbuf_hdrptr
 .text.packetbuf_is_reference
                0x00000000000060da        0xe contiki-sky.a(packetbuf.o)
                0x00000000000060da                packetbuf_is_reference
 .text.packetbuf_compact
                0x00000000000060e8       0x48 contiki-sky.a(packetbuf.o)
                0x00000000000060e8                packetbuf_compact
 .text.packetbuf_reference_ptr
                0x0000000000006130        0x6 contiki-sky.a(packetbuf.o)
                0x0000000000006130                packetbuf_reference_ptr
 .text.packetbuf_datalen
                0x0000000000006136        0x6 contiki-sky.a(packetbuf.o)
                0x0000000000006136                packetbuf_datalen
 .text.packetbuf_totlen
                0x000000000000613c       0x10 contiki-sky.a(packetbuf.o)
                0x000000000000613c                packetbuf_totlen
 .text.packetbuf_hdralloc
                0x000000000000614c       0x2e contiki-sky.a(packetbuf.o)
                0x000000000000614c                packetbuf_hdralloc
 .text.packetbuf_attr_clear
                0x000000000000617a       0x30 contiki-sky.a(packetbuf.o)
                0x000000000000617a                packetbuf_attr_clear
 .text.packetbuf_clear
                0x00000000000061aa       0x1a contiki-sky.a(packetbuf.o)
                0x00000000000061aa                packetbuf_clear
 .text.packetbuf_copyfrom
                0x00000000000061c4       0x2e contiki-sky.a(packetbuf.o)
                0x00000000000061c4                packetbuf_copyfrom
 .text.packetbuf_attr_copyto
                0x00000000000061f2       0x22 contiki-sky.a(packetbuf.o)
                0x00000000000061f2                packetbuf_attr_copyto
 .text.packetbuf_attr_copyfrom
                0x0000000000006214       0x24 contiki-sky.a(packetbuf.o)
                0x0000000000006214                packetbuf_attr_copyfrom
 .text.queuebuf_init
                0x0000000000006238       0x1a contiki-sky.a(queuebuf.o)
                0x0000000000006238                queuebuf_init
 .text.queuebuf_new_from_packetbuf
                0x0000000000006252       0x7e contiki-sky.a(queuebuf.o)
                0x0000000000006252                queuebuf_new_from_packetbuf
 .text.queuebuf_update_attr_from_packetbuf
                0x00000000000062d0       0x12 contiki-sky.a(queuebuf.o)
                0x00000000000062d0                queuebuf_update_attr_from_packetbuf
 .text.queuebuf_free
                0x00000000000062e2       0x40 contiki-sky.a(queuebuf.o)
                0x00000000000062e2                queuebuf_free
 .text.queuebuf_to_packetbuf
                0x0000000000006322       0x6e contiki-sky.a(queuebuf.o)
                0x0000000000006322                queuebuf_to_packetbuf
 .text.queuebuf_attr
                0x0000000000006390        0xe contiki-sky.a(queuebuf.o)
                0x0000000000006390                queuebuf_attr
 .text.set_packet_attrs
                0x000000000000639e       0x44 contiki-sky.a(sicslowpan.o)
 .text.addr_context_lookup_by_number
                0x00000000000063e2       0x36 contiki-sky.a(sicslowpan.o)
 .text.compress_addr_64
                0x0000000000006418       0xae contiki-sky.a(sicslowpan.o)
 .text.uncompress_addr
                0x00000000000064c6       0xb4 contiki-sky.a(sicslowpan.o)
 .text.input    0x000000000000657a      0x642 contiki-sky.a(sicslowpan.o)
 .text.sicslowpan_init
                0x0000000000006bbc       0x26 contiki-sky.a(sicslowpan.o)
                0x0000000000006bbc                sicslowpan_init
 .text.addr_context_lookup_by_prefix
                0x0000000000006be2       0x4c contiki-sky.a(sicslowpan.o)
 .text.send_packet
                0x0000000000006c2e       0x1a contiki-sky.a(sicslowpan.o)
 .text.output   0x0000000000006c48      0x700 contiki-sky.a(sicslowpan.o)
 .text.packet_sent
                0x0000000000007348       0x22 contiki-sky.a(sicslowpan.o)
 .text.tcpip_output
                0x000000000000736a       0x10 contiki-sky.a(tcpip.o)
                0x000000000000736a                tcpip_output
 .text.tcpip_set_outputfunc
                0x000000000000737a        0x6 contiki-sky.a(tcpip.o)
                0x000000000000737a                tcpip_set_outputfunc
 .text.udp_new  0x0000000000007380       0x1a contiki-sky.a(tcpip.o)
                0x0000000000007380                udp_new
 .text.tcpip_input
                0x000000000000739a       0x16 contiki-sky.a(tcpip.o)
                0x000000000000739a                tcpip_input
 .text.tcpip_ipv6_output
                0x00000000000073b0      0x148 contiki-sky.a(tcpip.o)
                0x00000000000073b0                tcpip_ipv6_output
 .text.process_thread_tcpip_process
                0x00000000000074f8       0xd0 contiki-sky.a(tcpip.o)
 .text.tcpip_uipcall
                0x00000000000075c8       0x2a contiki-sky.a(tcpip.o)
                0x00000000000075c8                tcpip_uipcall
 .text.call_route_callback
                0x00000000000075f2       0x4c contiki-sky.a(uip-ds6-route.o)
 .text.uip_ds6_route_init
                0x000000000000763e       0x2e contiki-sky.a(uip-ds6-route.o)
                0x000000000000763e                uip_ds6_route_init
 .text.uip_ds6_route_nexthop
                0x000000000000766c       0x1a contiki-sky.a(uip-ds6-route.o)
                0x000000000000766c                uip_ds6_route_nexthop
 .text.uip_ds6_route_head
                0x0000000000007686       0x28 contiki-sky.a(uip-ds6-route.o)
                0x0000000000007686                uip_ds6_route_head
 .text.uip_ds6_route_next
                0x00000000000076ae       0x3a contiki-sky.a(uip-ds6-route.o)
                0x00000000000076ae                uip_ds6_route_next
 .text.uip_ds6_route_lookup
                0x00000000000076e8       0x5e contiki-sky.a(uip-ds6-route.o)
                0x00000000000076e8                uip_ds6_route_lookup
 .text.uip_ds6_route_add
                0x0000000000007746       0xb4 contiki-sky.a(uip-ds6-route.o)
                0x0000000000007746                uip_ds6_route_add
 .text.uip_ds6_route_rm
                0x00000000000077fa       0x60 contiki-sky.a(uip-ds6-route.o)
                0x00000000000077fa                uip_ds6_route_rm
 .text.rm_routelist
                0x000000000000785a       0x30 contiki-sky.a(uip-ds6-route.o)
 .text.rm_routelist_callback
                0x000000000000788a        0x6 contiki-sky.a(uip-ds6-route.o)
 .text.uip_ds6_defrt_rm
                0x0000000000007890       0x48 contiki-sky.a(uip-ds6-route.o)
                0x0000000000007890                uip_ds6_defrt_rm
 .text.uip_ds6_defrt_lookup
                0x00000000000078d8       0x36 contiki-sky.a(uip-ds6-route.o)
                0x00000000000078d8                uip_ds6_defrt_lookup
 .text.uip_ds6_defrt_add
                0x000000000000790e       0x74 contiki-sky.a(uip-ds6-route.o)
                0x000000000000790e                uip_ds6_defrt_add
 .text.uip_ds6_defrt_choose
                0x0000000000007982       0x3a contiki-sky.a(uip-ds6-route.o)
                0x0000000000007982                uip_ds6_defrt_choose
 .text.uip_ds6_defrt_periodic
                0x00000000000079bc       0x38 contiki-sky.a(uip-ds6-route.o)
                0x00000000000079bc                uip_ds6_defrt_periodic
 .text.uip_ds6_nbr_rm
                0x00000000000079f4       0x1a contiki-sky.a(uip-ds6-nbr.o)
                0x00000000000079f4                uip_ds6_nbr_rm
 .text.uip_ds6_neighbors_init
                0x0000000000007a0e        0xe contiki-sky.a(uip-ds6-nbr.o)
                0x0000000000007a0e                uip_ds6_neighbors_init
 .text.uip_ds6_nbr_add
                0x0000000000007a1c       0x60 contiki-sky.a(uip-ds6-nbr.o)
                0x0000000000007a1c                uip_ds6_nbr_add
 .text.uip_ds6_nbr_get_ll
                0x0000000000007a7c        0xc contiki-sky.a(uip-ds6-nbr.o)
                0x0000000000007a7c                uip_ds6_nbr_get_ll
 .text.uip_ds6_nbr_lookup
                0x0000000000007a88       0x42 contiki-sky.a(uip-ds6-nbr.o)
                0x0000000000007a88                uip_ds6_nbr_lookup
 .text.uip_ds6_nbr_ll_lookup
                0x0000000000007aca        0xc contiki-sky.a(uip-ds6-nbr.o)
                0x0000000000007aca                uip_ds6_nbr_ll_lookup
 .text.uip_ds6_nbr_ipaddr_from_lladdr
                0x0000000000007ad6        0x6 contiki-sky.a(uip-ds6-nbr.o)
                0x0000000000007ad6                uip_ds6_nbr_ipaddr_from_lladdr
 .text.uip_ds6_nbr_lladdr_from_ipaddr
                0x0000000000007adc       0x12 contiki-sky.a(uip-ds6-nbr.o)
                0x0000000000007adc                uip_ds6_nbr_lladdr_from_ipaddr
 .text.uip_ds6_link_neighbor_callback
                0x0000000000007aee       0x2a contiki-sky.a(uip-ds6-nbr.o)
                0x0000000000007aee                uip_ds6_link_neighbor_callback
 .text.uip_ds6_neighbor_periodic
                0x0000000000007b18       0xfc contiki-sky.a(uip-ds6-nbr.o)
                0x0000000000007b18                uip_ds6_neighbor_periodic
 .text.uip_ds6_list_loop
                0x0000000000007c14       0x86 contiki-sky.a(uip-ds6.o)
                0x0000000000007c14                uip_ds6_list_loop
 .text.uip_ds6_prefix_add
                0x0000000000007c9a       0x80 contiki-sky.a(uip-ds6.o)
                0x0000000000007c9a                uip_ds6_prefix_add
 .text.uip_ds6_is_addr_onlink
                0x0000000000007d1a       0x54 contiki-sky.a(uip-ds6.o)
                0x0000000000007d1a                uip_ds6_is_addr_onlink
 .text.uip_ds6_addr_lookup
                0x0000000000007d6e       0x2a contiki-sky.a(uip-ds6.o)
                0x0000000000007d6e                uip_ds6_addr_lookup
 .text.uip_ds6_get_link_local
                0x0000000000007d98       0x3e contiki-sky.a(uip-ds6.o)
                0x0000000000007d98                uip_ds6_get_link_local
 .text.uip_ds6_maddr_add
                0x0000000000007dd6       0x4c contiki-sky.a(uip-ds6.o)
                0x0000000000007dd6                uip_ds6_maddr_add
 .text.uip_ds6_addr_add
                0x0000000000007e22       0xc4 contiki-sky.a(uip-ds6.o)
                0x0000000000007e22                uip_ds6_addr_add
 .text.uip_ds6_maddr_lookup
                0x0000000000007ee6       0x2a contiki-sky.a(uip-ds6.o)
                0x0000000000007ee6                uip_ds6_maddr_lookup
 .text.uip_ds6_addr_rm
                0x0000000000007f10       0x54 contiki-sky.a(uip-ds6.o)
                0x0000000000007f10                uip_ds6_addr_rm
 .text.uip_ds6_periodic
                0x0000000000007f64       0x4a contiki-sky.a(uip-ds6.o)
                0x0000000000007f64                uip_ds6_periodic
 .text.uip_ds6_set_addr_iid
                0x0000000000007fae       0x14 contiki-sky.a(uip-ds6.o)
                0x0000000000007fae                uip_ds6_set_addr_iid
 .text.get_match_length
                0x0000000000007fc2       0x3e contiki-sky.a(uip-ds6.o)
                0x0000000000007fc2                get_match_length
 .text.uip_ds6_select_src
                0x0000000000008000       0xaa contiki-sky.a(uip-ds6.o)
                0x0000000000008000                uip_ds6_select_src
 .text.uip_ds6_compute_reachable_time
                0x00000000000080aa       0x3e contiki-sky.a(uip-ds6.o)
                0x00000000000080aa                uip_ds6_compute_reachable_time
 .text.uip_ds6_init
                0x00000000000080e8      0x154 contiki-sky.a(uip-ds6.o)
                0x00000000000080e8                uip_ds6_init
 .text.create_llao
                0x000000000000823c       0x2c contiki-sky.a(uip-nd6.o)
 .text.uip_nd6_ns_input
                0x0000000000008268      0x230 contiki-sky.a(uip-nd6.o)
                0x0000000000008268                uip_nd6_ns_input
 .text.uip_nd6_ns_output
                0x0000000000008498      0x158 contiki-sky.a(uip-nd6.o)
                0x0000000000008498                uip_nd6_ns_output
 .text.uip_nd6_na_input
                0x00000000000085f0      0x1b6 contiki-sky.a(uip-nd6.o)
                0x00000000000085f0                uip_nd6_na_input
 .text.uip_udp_packet_send
                0x00000000000087a6       0x2e contiki-sky.a(uip-udp-packet.)
                0x00000000000087a6                uip_udp_packet_send
 .text.chksum   0x00000000000087d4       0x32 contiki-sky.a(uip6.o)
 .text.upper_layer_chksum
                0x0000000000008806       0x56 contiki-sky.a(uip6.o)
 .text.ext_hdr_options_process
                0x000000000000885c       0xda contiki-sky.a(uip6.o)
 .text.uip_icmp6chksum
                0x0000000000008936        0xa contiki-sky.a(uip6.o)
                0x0000000000008936                uip_icmp6chksum
 .text.uip_udpchksum
                0x0000000000008940        0xa contiki-sky.a(uip6.o)
                0x0000000000008940                uip_udpchksum
 .text.uip_init
                0x000000000000894a       0x3a contiki-sky.a(uip6.o)
                0x000000000000894a                uip_init
 .text.remove_ext_hdr
                0x0000000000008984       0x5a contiki-sky.a(uip6.o)
                0x0000000000008984                remove_ext_hdr
 .text.uip_udp_new
                0x00000000000089de       0xf4 contiki-sky.a(uip6.o)
                0x00000000000089de                uip_udp_new
 .text.uip_process
                0x0000000000008ad2      0x4d8 contiki-sky.a(uip6.o)
                0x0000000000008ad2                uip_process
 .text.uip_htonl
                0x0000000000008faa       0x2e contiki-sky.a(uip6.o)
                0x0000000000008faa                uip_htonl
 .text.init_platform
                0x0000000000008fd8        0xc contiki-sky.a(contiki-sky-pla)
                0x0000000000008fd8                init_platform
 .text.status   0x0000000000008fe4       0x16 contiki-sky.a(button-sensor.o)
 .text.configure
                0x0000000000008ffa       0x52 contiki-sky.a(button-sensor.o)
 .text.value    0x000000000000904c       0x22 contiki-sky.a(button-sensor.o)
 .text.irq_p2   0x000000000000906e       0x8a contiki-sky.a(button-sensor.o)
                0x000000000000906e                irq_p2
                0x000000000000906e                __isr_1
 .text.owreadb  0x00000000000090f8       0x52 contiki-sky.a(ds2411.o)
 .text.ds2411_init
                0x000000000000914a      0x122 contiki-sky.a(ds2411.o)
                0x000000000000914a                ds2411_init
 .text.wait_ready
                0x000000000000926c       0x50 contiki-sky.a(xmem.o)
 .text.xmem_init
                0x00000000000092bc       0x3e contiki-sky.a(xmem.o)
                0x00000000000092bc                xmem_init
 .text.xmem_pread
                0x00000000000092fa       0xea contiki-sky.a(xmem.o)
                0x00000000000092fa                xmem_pread
 .text.node_id_restore
                0x00000000000093e4       0x38 contiki-sky.a(node-id.o)
                0x00000000000093e4                node_id_restore
 .text.process_thread_sensors_process
                0x000000000000941c       0xbe contiki-sky.a(sensors.o)
 .text.sensors_changed
                0x00000000000094da       0x2a contiki-sky.a(sensors.o)
                0x00000000000094da                sensors_changed
 .text.strobe   0x0000000000009504       0x20 contiki-sky.a(cc2420.o)
 .text.status   0x0000000000009524       0x26 contiki-sky.a(cc2420.o)
 .text.getreg   0x000000000000954a       0x54 contiki-sky.a(cc2420.o)
 .text.setreg   0x000000000000959e       0x52 contiki-sky.a(cc2420.o)
 .text.set_txpower
                0x00000000000095f0       0x26 contiki-sky.a(cc2420.o)
 .text.cc2420_receiving_packet
                0x0000000000009616        0xe contiki-sky.a(cc2420.o)
 .text.pending_packet
                0x0000000000009624        0x8 contiki-sky.a(cc2420.o)
 .text.on       0x000000000000962c       0x40 contiki-sky.a(cc2420.o)
 .text.flushrx  0x000000000000966c       0x7a contiki-sky.a(cc2420.o)
 .text.off      0x00000000000096e6       0x72 contiki-sky.a(cc2420.o)
 .text.RELEASE_LOCK
                0x0000000000009758       0x28 contiki-sky.a(cc2420.o)
 .text.cc2420_prepare
                0x0000000000009780       0x8a contiki-sky.a(cc2420.o)
 .text.getrxdata
                0x000000000000980a       0x56 contiki-sky.a(cc2420.o)
 .text.cc2420_on
                0x0000000000009860       0x22 contiki-sky.a(cc2420.o)
                0x0000000000009860                cc2420_on
 .text.cc2420_off
                0x0000000000009882       0x30 contiki-sky.a(cc2420.o)
                0x0000000000009882                cc2420_off
 .text.cc2420_cca
                0x00000000000098b2       0x74 contiki-sky.a(cc2420.o)
 .text.cc2420_read
                0x0000000000009926       0xe6 contiki-sky.a(cc2420.o)
 .text.process_thread_cc2420_process
                0x0000000000009a0c       0x50 contiki-sky.a(cc2420.o)
 .text.cc2420_set_channel
                0x0000000000009a5c       0x78 contiki-sky.a(cc2420.o)
                0x0000000000009a5c                cc2420_set_channel
 .text.cc2420_set_pan_addr
                0x0000000000009ad4      0x14a contiki-sky.a(cc2420.o)
                0x0000000000009ad4                cc2420_set_pan_addr
 .text.cc2420_init
                0x0000000000009c1e       0xd0 contiki-sky.a(cc2420.o)
                0x0000000000009c1e                cc2420_init
 .text.cc2420_interrupt
                0x0000000000009cee       0x20 contiki-sky.a(cc2420.o)
                0x0000000000009cee                cc2420_interrupt
 .text.cc2420_get_txpower
                0x0000000000009d0e       0x1e contiki-sky.a(cc2420.o)
                0x0000000000009d0e                cc2420_get_txpower
 .text.cc2420_transmit
                0x0000000000009d2c      0x1a0 contiki-sky.a(cc2420.o)
 .text.cc2420_send
                0x0000000000009ecc       0x12 contiki-sky.a(cc2420.o)
 .text.cc2420_port1_interrupt
                0x0000000000009ede       0x62 contiki-sky.a(cc2420-arch.o)
                0x0000000000009ede                __isr_4
                0x0000000000009ede                cc2420_port1_interrupt
 .text.cc2420_arch_init
                0x0000000000009f40       0x1a contiki-sky.a(cc2420-arch.o)
                0x0000000000009f40                cc2420_arch_init
 .text.uart1_active
                0x0000000000009f5a       0x1a contiki-sky.a(uart1.o)
                0x0000000000009f5a                uart1_active
 .text.uart1_writeb
                0x0000000000009f74       0x1a contiki-sky.a(uart1.o)
                0x0000000000009f74                uart1_writeb
 .text.uart1_init
                0x0000000000009f8e       0xf6 contiki-sky.a(uart1.o)
                0x0000000000009f8e                uart1_init
 .text.putchar  0x000000000000a084       0x10 contiki-sky.a(uart1-putchar.o)
                0x000000000000a084                putchar
 .text.msp430_init_dco
                0x000000000000a094       0x84 contiki-sky.a(msp430.o)
                0x000000000000a094                msp430_init_dco
 .text.msp430_add_lpm_req
                0x000000000000a118        0xc contiki-sky.a(msp430.o)
                0x000000000000a118                msp430_add_lpm_req
 .text.msp430_cpu_init
                0x000000000000a124       0x2a contiki-sky.a(msp430.o)
                0x000000000000a124                msp430_cpu_init
 .text.splhigh_
                0x000000000000a14e        0x8 contiki-sky.a(msp430.o)
                0x000000000000a14e                splhigh_
 .text.msp430_sync_dco
                0x000000000000a156       0x68 contiki-sky.a(msp430.o)
                0x000000000000a156                msp430_sync_dco
 .text.timera1  0x000000000000a1be       0xfe contiki-sky.a(clock.o)
                0x000000000000a1be                __isr_5
                0x000000000000a1be                timera1
 .text.clock_time
                0x000000000000a2bc       0x1a contiki-sky.a(clock.o)
                0x000000000000a2bc                clock_time
 .text.clock_init
                0x000000000000a2d6       0x28 contiki-sky.a(clock.o)
                0x000000000000a2d6                clock_init
 .text.clock_delay
                0x000000000000a2fe        0xc contiki-sky.a(clock.o)
                0x000000000000a2fe                clock_delay
 .text.clock_seconds
                0x000000000000a30a       0x1a contiki-sky.a(clock.o)
                0x000000000000a30a                clock_seconds
 .text.show_leds
                0x000000000000a324      0x100 contiki-sky.a(leds.o)
 .text.leds_init
                0x000000000000a424        0xe contiki-sky.a(leds.o)
                0x000000000000a424                leds_init
 .text.leds_on  0x000000000000a432       0x14 contiki-sky.a(leds.o)
                0x000000000000a432                leds_on
 .text.leds_off
                0x000000000000a446       0x14 contiki-sky.a(leds.o)
                0x000000000000a446                leds_off
 .text.leds_arch_init
                0x000000000000a45a        0xe contiki-sky.a(leds-arch.o)
                0x000000000000a45a                leds_arch_init
 .text.leds_arch_set
                0x000000000000a468       0x3a contiki-sky.a(leds-arch.o)
                0x000000000000a468                leds_arch_set
 .text.watchdog_interrupt
                0x000000000000a4a2        0x6 contiki-sky.a(watchdog.o)
                0x000000000000a4a2                __isr_10
                0x000000000000a4a2                watchdog_interrupt
 .text.watchdog_start
                0x000000000000a4a8       0x14 contiki-sky.a(watchdog.o)
                0x000000000000a4a8                watchdog_start
 .text.watchdog_periodic
                0x000000000000a4bc       0x12 contiki-sky.a(watchdog.o)
                0x000000000000a4bc                watchdog_periodic
 .text.watchdog_stop
                0x000000000000a4ce       0x16 contiki-sky.a(watchdog.o)
                0x000000000000a4ce                watchdog_stop
 .text.watchdog_init
                0x000000000000a4e4       0x14 contiki-sky.a(watchdog.o)
                0x000000000000a4e4                watchdog_init
 .text.rtimer_arch_init
                0x000000000000a4f8        0xe contiki-sky.a(rtimer-arch.o)
                0x000000000000a4f8                rtimer_arch_init
 .text.rtimer_arch_now
                0x000000000000a506        0xe contiki-sky.a(rtimer-arch.o)
                0x000000000000a506                rtimer_arch_now
 .text.timera0  0x000000000000a514       0x70 contiki-sky.a(rtimer-arch.o)
                0x000000000000a514                __isr_6
                0x000000000000a514                timera0
 .text.rtimer_arch_schedule
                0x000000000000a584        0x6 contiki-sky.a(rtimer-arch.o)
                0x000000000000a584                rtimer_arch_schedule
 .text.mac_call_sent_callback
                0x000000000000a58a       0x14 contiki-sky.a(mac.o)
                0x000000000000a58a                mac_call_sent_callback
 .text.parse    0x000000000000a59e       0xaa contiki-sky.a(framer-802154.o)
 .text.create   0x000000000000a648      0x10e contiki-sky.a(framer-802154.o)
 .text.rpl_purge_routes
                0x000000000000a756       0x96 contiki-sky.a(rpl.o)
                0x000000000000a756                rpl_purge_routes
 .text.rpl_remove_routes
                0x000000000000a7ec       0x22 contiki-sky.a(rpl.o)
                0x000000000000a7ec                rpl_remove_routes
 .text.rpl_remove_routes_by_nexthop
                0x000000000000a80e       0x46 contiki-sky.a(rpl.o)
                0x000000000000a80e                rpl_remove_routes_by_nexthop
 .text.rpl_add_route
                0x000000000000a854       0x44 contiki-sky.a(rpl.o)
                0x000000000000a854                rpl_add_route
 .text.rpl_link_neighbor_callback
                0x000000000000a898       0x6a contiki-sky.a(rpl.o)
                0x000000000000a898                rpl_link_neighbor_callback
 .text.rpl_ipv6_neighbor_callback
                0x000000000000a902       0x1e contiki-sky.a(rpl.o)
                0x000000000000a902                rpl_ipv6_neighbor_callback
 .text.rpl_init
                0x000000000000a920       0x40 contiki-sky.a(rpl.o)
                0x000000000000a920                rpl_init
 .text.lollipop_greater_than
                0x000000000000a960       0x44 contiki-sky.a(rpl-dag.o)
 .text.acceptable_rank
                0x000000000000a9a4       0x50 contiki-sky.a(rpl-dag.o)
 .text.find_parent_any_dag_any_instance
                0x000000000000a9f4       0x14 contiki-sky.a(rpl-dag.o)
 .text.rpl_set_preferred_parent
                0x000000000000aa08       0x30 contiki-sky.a(rpl-dag.o)
 .text.set_ip_from_prefix
                0x000000000000aa38       0x38 contiki-sky.a(rpl-dag.o)
 .text.check_prefix
                0x000000000000aa70       0x80 contiki-sky.a(rpl-dag.o)
 .text.rpl_dag_init
                0x000000000000aaf0        0xe contiki-sky.a(rpl-dag.o)
                0x000000000000aaf0                rpl_dag_init
 .text.rpl_get_parent_ipaddr
                0x000000000000aafe       0x10 contiki-sky.a(rpl-dag.o)
                0x000000000000aafe                rpl_get_parent_ipaddr
 .text.rpl_set_prefix
                0x000000000000ab0e       0x8e contiki-sky.a(rpl-dag.o)
                0x000000000000ab0e                rpl_set_prefix
 .text.rpl_set_default_route
                0x000000000000ab9c       0x5a contiki-sky.a(rpl-dag.o)
                0x000000000000ab9c                rpl_set_default_route
 .text.rpl_alloc_instance
                0x000000000000abf6       0x2c contiki-sky.a(rpl-dag.o)
                0x000000000000abf6                rpl_alloc_instance
 .text.rpl_add_parent
                0x000000000000ac22       0x3c contiki-sky.a(rpl-dag.o)
                0x000000000000ac22                rpl_add_parent
 .text.rpl_find_parent
                0x000000000000ac5e       0x1a contiki-sky.a(rpl-dag.o)
                0x000000000000ac5e                rpl_find_parent
 .text.rpl_find_parent_any_dag
                0x000000000000ac78       0x22 contiki-sky.a(rpl-dag.o)
                0x000000000000ac78                rpl_find_parent_any_dag
 .text.rpl_select_parent
                0x000000000000ac9a       0x5c contiki-sky.a(rpl-dag.o)
                0x000000000000ac9a                rpl_select_parent
 .text.rpl_select_dag
                0x000000000000acf6      0x182 contiki-sky.a(rpl-dag.o)
                0x000000000000acf6                rpl_select_dag
 .text.rpl_nullify_parent
                0x000000000000ae78       0x4e contiki-sky.a(rpl-dag.o)
                0x000000000000ae78                rpl_nullify_parent
 .text.rpl_remove_parent
                0x000000000000aec6       0x16 contiki-sky.a(rpl-dag.o)
                0x000000000000aec6                rpl_remove_parent
 .text.remove_parents.constprop.2
                0x000000000000aedc       0x32 contiki-sky.a(rpl-dag.o)
 .text.rpl_free_dag
                0x000000000000af0e       0x36 contiki-sky.a(rpl-dag.o)
                0x000000000000af0e                rpl_free_dag
 .text.rpl_free_instance
                0x000000000000af44       0x5c contiki-sky.a(rpl-dag.o)
                0x000000000000af44                rpl_free_instance
 .text.rpl_move_parent
                0x000000000000afa0       0x6e contiki-sky.a(rpl-dag.o)
                0x000000000000afa0                rpl_move_parent
 .text.rpl_get_any_dag
                0x000000000000b00e       0x18 contiki-sky.a(rpl-dag.o)
                0x000000000000b00e                rpl_get_any_dag
 .text.rpl_get_instance
                0x000000000000b026       0x1a contiki-sky.a(rpl-dag.o)
                0x000000000000b026                rpl_get_instance
 .text.get_dag  0x000000000000b040       0x56 contiki-sky.a(rpl-dag.o)
 .text.rpl_alloc_dag
                0x000000000000b096       0x66 contiki-sky.a(rpl-dag.o)
                0x000000000000b096                rpl_alloc_dag
 .text.rpl_repair_root
                0x000000000000b0fc       0x50 contiki-sky.a(rpl-dag.o)
                0x000000000000b0fc                rpl_repair_root
 .text.rpl_find_of
                0x000000000000b14c       0x10 contiki-sky.a(rpl-dag.o)
                0x000000000000b14c                rpl_find_of
 .text.rpl_join_instance
                0x000000000000b15c      0x13c contiki-sky.a(rpl-dag.o)
                0x000000000000b15c                rpl_join_instance
 .text.rpl_local_repair
                0x000000000000b298       0x7c contiki-sky.a(rpl-dag.o)
                0x000000000000b298                rpl_local_repair
 .text.rpl_process_parent_event
                0x000000000000b314       0x4e contiki-sky.a(rpl-dag.o)
                0x000000000000b314                rpl_process_parent_event
 .text.rpl_recalculate_ranks
                0x000000000000b362       0x42 contiki-sky.a(rpl-dag.o)
                0x000000000000b362                rpl_recalculate_ranks
 .text.rpl_add_dag
                0x000000000000b3a4      0x112 contiki-sky.a(rpl-dag.o)
                0x000000000000b3a4                rpl_add_dag
 .text.rpl_process_dio
                0x000000000000b4b6      0x26c contiki-sky.a(rpl-dag.o)
                0x000000000000b4b6                rpl_process_dio
 .text.get32    0x000000000000b722       0x46 contiki-sky.a(rpl-icmp6.o)
 .text.set32    0x000000000000b768       0x2a contiki-sky.a(rpl-icmp6.o)
 .text.get16    0x000000000000b792        0xe contiki-sky.a(rpl-icmp6.o)
 .text.set16    0x000000000000b7a0       0x10 contiki-sky.a(rpl-icmp6.o)
 .text.dis_output
                0x000000000000b7b0       0x50 contiki-sky.a(rpl-icmp6.o)
                0x000000000000b7b0                dis_output
 .text.dio_output
                0x000000000000b800      0x264 contiki-sky.a(rpl-icmp6.o)
                0x000000000000b800                dio_output
 .text.dao_output_target
                0x000000000000ba64       0xe2 contiki-sky.a(rpl-icmp6.o)
                0x000000000000ba64                dao_output_target
 .text.dao_output
                0x000000000000bb46       0x80 contiki-sky.a(rpl-icmp6.o)
                0x000000000000bb46                dao_output
 .text.dao_ack_output
                0x000000000000bbc6       0x32 contiki-sky.a(rpl-icmp6.o)
                0x000000000000bbc6                dao_ack_output
 .text.uip_rpl_input
                0x000000000000bbf8      0x538 contiki-sky.a(rpl-icmp6.o)
                0x000000000000bbf8                uip_rpl_input
 .text.new_dio_interval
                0x000000000000c130       0x92 contiki-sky.a(rpl-timers.o)
 .text.handle_periodic_timer
                0x000000000000c1c2       0x2e contiki-sky.a(rpl-timers.o)
 .text.handle_dao_timer
                0x000000000000c1f0       0x50 contiki-sky.a(rpl-timers.o)
 .text.handle_dio_timer
                0x000000000000c240       0x82 contiki-sky.a(rpl-timers.o)
 .text.rpl_reset_periodic_timer
                0x000000000000c2c2       0x60 contiki-sky.a(rpl-timers.o)
                0x000000000000c2c2                rpl_reset_periodic_timer
 .text.rpl_reset_dio_timer
                0x000000000000c322       0x18 contiki-sky.a(rpl-timers.o)
                0x000000000000c322                rpl_reset_dio_timer
 .text.rpl_schedule_dao
                0x000000000000c33a       0x50 contiki-sky.a(rpl-timers.o)
                0x000000000000c33a                rpl_schedule_dao
 .text.reset    0x000000000000c38a        0x2 contiki-sky.a(rpl-mrhof.o)
 .text.neighbor_link_callback
                0x000000000000c38c       0x8a contiki-sky.a(rpl-mrhof.o)
 .text.calculate_rank
                0x000000000000c416       0x30 contiki-sky.a(rpl-mrhof.o)
 .text.best_parent
                0x000000000000c446       0x52 contiki-sky.a(rpl-mrhof.o)
 .text.update_metric_container
                0x000000000000c498        0x6 contiki-sky.a(rpl-mrhof.o)
 .text.best_dag
                0x000000000000c49e       0x34 contiki-sky.a(rpl-mrhof.o)
 .text.rpl_verify_header
                0x000000000000c4d2       0xbc contiki-sky.a(rpl-ext-header.)
                0x000000000000c4d2                rpl_verify_header
 .text.rpl_update_header_empty
                0x000000000000c58e       0xf0 contiki-sky.a(rpl-ext-header.)
                0x000000000000c58e                rpl_update_header_empty
 .text.rpl_update_header_final
                0x000000000000c67e       0x86 contiki-sky.a(rpl-ext-header.)
                0x000000000000c67e                rpl_update_header_final
 .text.rpl_invert_header
                0x000000000000c704       0x4c contiki-sky.a(rpl-ext-header.)
                0x000000000000c704                rpl_invert_header
 .text.rpl_insert_header
                0x000000000000c750       0x1c contiki-sky.a(rpl-ext-header.)
                0x000000000000c750                rpl_insert_header
 .text.stimer_set
                0x000000000000c76c       0x1c contiki-sky.a(stimer.o)
                0x000000000000c76c                stimer_set
 .text.stimer_expired
                0x000000000000c788       0x30 contiki-sky.a(stimer.o)
                0x000000000000c788                stimer_expired
 .text.uip_icmp6_echo_request_input
                0x000000000000c7b8      0x12c contiki-sky.a(uip-icmp6.o)
                0x000000000000c7b8                uip_icmp6_echo_request_input
 .text.uip_icmp6_error_output
                0x000000000000c8e4      0x17a contiki-sky.a(uip-icmp6.o)
                0x000000000000c8e4                uip_icmp6_error_output
 .text.uip_icmp6_send
                0x000000000000ca5e       0x96 contiki-sky.a(uip-icmp6.o)
                0x000000000000ca5e                uip_icmp6_send
 .text.spi_init
                0x000000000000caf4       0x32 contiki-sky.a(spi.o)
                0x000000000000caf4                spi_init
 .text.field_len
                0x000000000000cb26       0x98 contiki-sky.a(frame802154.o)
 .text.frame802154_hdrlen
                0x000000000000cbbe       0x2e contiki-sky.a(frame802154.o)
                0x000000000000cbbe                frame802154_hdrlen
 .text.frame802154_create
                0x000000000000cbec      0x172 contiki-sky.a(frame802154.o)
                0x000000000000cbec                frame802154_create
 .text.frame802154_parse
                0x000000000000cd5e      0x1e8 contiki-sky.a(frame802154.o)
                0x000000000000cd5e                frame802154_parse
 .text.libgcc   0x000000000000cf46       0x2c /usr/lib/gcc/msp430/4.6.3/mmpy-16/libgcc.a(_mulsi3.o)
                0x000000000000cf46                __mulsi3
 .text.libgcc   0x000000000000cf72       0x22 /usr/lib/gcc/msp430/4.6.3/mmpy-16/libgcc.a(_udivmod16.o)
                0x000000000000cf72                __udivhi3
                0x000000000000cf72                __ext_udivmod16
                0x000000000000cf8c                __umodhi3
 .text.libgcc   0x000000000000cf94       0x3a /usr/lib/gcc/msp430/4.6.3/mmpy-16/libgcc.a(_divmod16.o)
                0x000000000000cf94                __ext_divmod16
                0x000000000000cf94                __divhi3
                0x000000000000cfc6                __modhi3
 .text.libgcc   0x000000000000cfce       0x40 /usr/lib/gcc/msp430/4.6.3/mmpy-16/libgcc.a(_udivmod32.o)
                0x000000000000cfce                __udivsi3
                0x000000000000cfce                __ext_udivmod32
                0x000000000000d004                __umodsi3
 .text          0x000000000000d00e       0x20 /usr/lib/gcc/msp430/4.6.3/../../../../msp430/lib/mmpy-16/libc.a(memcmp.o)
                0x000000000000d00e                memcmp
 .text          0x000000000000d02e       0xfa /usr/lib/gcc/msp430/4.6.3/../../../../msp430/lib/mmpy-16/libc.a(memcpy.o)
                0x000000000000d02e                memcpy
 .text          0x000000000000d128       0xfa /usr/lib/gcc/msp430/4.6.3/../../../../msp430/lib/mmpy-16/libc.a(memmove.o)
                0x000000000000d128                memmove
 .text          0x000000000000d222       0x6a /usr/lib/gcc/msp430/4.6.3/../../../../msp430/lib/mmpy-16/libc.a(memset.o)
                0x000000000000d222                memset
 .text          0x000000000000d28c       0x1e /usr/lib/gcc/msp430/4.6.3/../../../../msp430/lib/mmpy-16/libc.a(printf.o)
                0x000000000000d28c                printf
                0x000000000000d29c                vprintf
 .text          0x000000000000d2aa      0x836 /usr/lib/gcc/msp430/4.6.3/../../../../msp430/lib/mmpy-16/libc.a(vuprintf.o)
                0x000000000000d442                vuprintf
 .text          0x000000000000dae0       0x2c /usr/lib/gcc/msp430/4.6.3/../../../../msp430/lib/mmpy-16/libc.a(puts.o)
                0x000000000000dae0                puts
 .text          0x000000000000db0c       0x54 /usr/lib/gcc/msp430/4.6.3/../../../../msp430/lib/mmpy-16/libc.a(rand.o)
                0x000000000000db0c                rand_r
                0x000000000000db30                rand
                0x000000000000db56                srand
 .text.libgcc   0x000000000000db60       0xf0 /usr/lib/gcc/msp430/4.6.3/mmpy-16/libgcc.a(_udivmod64.o)
                0x000000000000db60                __xabi_udivmod64
                0x000000000000dbbe                __udivdi3
                0x000000000000dbe4                __umoddi3
                0x000000000000dc12                __udivmoddi4
 .text.crt0     0x000000000000dc50        0x2 /usr/lib/gcc/msp430/4.6.3/mmpy-16/libcrt0.a(_unexpected_.o)
                0x000000000000dc50                _unexpected_
                0x000000000000dc52                . = ALIGN (0x2)

.rodata         0x000000000000dc52      0x18e
                0x000000000000dc52                . = ALIGN (0x2)
 *(.rodata .rodata.* .gnu.linkonce.r.*)
 .rodata        0x000000000000dc52        0x4 node.co
                0x000000000000dc52                autostart_processes
 .rodata        0x000000000000dc56       0xfc obj_sky/contiki-sky-main.o
 .rodata        0x000000000000dd52        0x8 contiki-sky.a(rimeaddr.o)
                0x000000000000dd52                rimeaddr_null
 .rodata        0x000000000000dd5a       0x14 contiki-sky.a(csma.o)
                0x000000000000dd60                csma_driver
 .rodata        0x000000000000dd6e       0x1c contiki-sky.a(contikimac.o)
                0x000000000000dd7a                contikimac_driver
 .rodata        0x000000000000dd8a       0x24 contiki-sky.a(sicslowpan.o)
                0x000000000000dd96                sicslowpan_driver
                0x000000000000dd9c                llprefix
                0x000000000000dd9e                unc_mxconf
                0x000000000000dda2                unc_ctxconf
                0x000000000000dda6                unc_llconf
 .rodata        0x000000000000ddae       0x10 contiki-sky.a(button-sensor.o)
                0x000000000000ddb6                button_sensor
 .rodata        0x000000000000ddbe       0x14 contiki-sky.a(cc2420.o)
                0x000000000000ddbe                cc2420_driver
 .rodata        0x000000000000ddd2        0x4 contiki-sky.a(framer-802154.o)
                0x000000000000ddd2                framer_802154
 .rodata        0x000000000000ddd6        0x2 contiki-sky.a(frame802154.o)
 .rodata        0x000000000000ddd8        0x7 /usr/lib/gcc/msp430/4.6.3/../../../../msp430/lib/mmpy-16/libc.a(vuprintf.o)
                0x000000000000dde0                . = ALIGN (0x2)
 *fill*         0x000000000000dddf        0x1 00
                0x000000000000dde0                _etext = .

.data           0x0000000000001100       0xbc load address 0x000000000000dde0
                0x0000000000001100                . = ALIGN (0x2)
                0x0000000000001100                PROVIDE (__data_start, .)
 *(.data .data.* .gnu.linkonce.d.*)
 .data          0x0000000000001100        0x8 node.co
                0x0000000000001100                main_proc
 .data          0x0000000000001108       0x18 contiki-sky.a(csma.o)
 .data          0x0000000000001120       0x10 contiki-sky.a(phase.o)
 .data          0x0000000000001130        0x8 contiki-sky.a(etimer.o)
                0x0000000000001130                etimer_process
 .data          0x0000000000001138        0x8 contiki-sky.a(ctimer.o)
                0x0000000000001138                ctimer_process
 .data          0x0000000000001140        0x8 contiki-sky.a(nbr-table.o)
 .data          0x0000000000001148       0x18 contiki-sky.a(queuebuf.o)
 .data          0x0000000000001160        0x8 contiki-sky.a(tcpip.o)
                0x0000000000001160                tcpip_process
 .data          0x0000000000001168       0x18 contiki-sky.a(uip-ds6-route.o)
 .data          0x0000000000001180        0xa contiki-sky.a(uip-ds6-nbr.o)
                0x0000000000001180                ds6_neighbors
 .data          0x000000000000118a        0x4 contiki-sky.a(contiki-sky-pla)
                0x000000000000118a                sensors
 .data          0x000000000000118e        0x8 contiki-sky.a(sensors.o)
                0x000000000000118e                sensors_process
 .data          0x0000000000001196        0x8 contiki-sky.a(cc2420.o)
                0x0000000000001196                cc2420_process
 .data          0x000000000000119e        0x2 contiki-sky.a(msp430.o)
 .data          0x00000000000011a0        0x8 contiki-sky.a(rpl-dag.o)
 .data          0x00000000000011a8        0x1 contiki-sky.a(rpl-icmp6.o)
 *fill*         0x00000000000011a9        0x1 00
 .data          0x00000000000011aa        0xe contiki-sky.a(rpl-mrhof.o)
                0x00000000000011aa                rpl_mrhof
 .data          0x00000000000011b8        0x4 /usr/lib/gcc/msp430/4.6.3/../../../../msp430/lib/mmpy-16/libc.a(rand.o)
                0x00000000000011bc                . = ALIGN (0x2)
                0x00000000000011bc                _edata = .
                0x000000000000dde0                PROVIDE (__data_load_start, LOADADDR (.data))
                0x00000000000000bc                PROVIDE (__data_size, SIZEOF (.data))

.bss            0x00000000000011bc     0x1af8 load address 0x000000000000de9c
                0x00000000000011bc                PROVIDE (__bss_start, .)
 *(.bss .bss.*)
 .bss           0x00000000000011bc        0xc node.co
 .bss           0x00000000000011c8       0x12 obj_sky/networking.o
 .bss           0x00000000000011da        0xc obj_sky/contiki-sky-main.o
 .bss           0x00000000000011e6       0xc2 contiki-sky.a(csma.o)
 .bss           0x00000000000012a8       0xd4 contiki-sky.a(contikimac.o)
 .bss           0x000000000000137c      0x1d8 contiki-sky.a(phase.o)
 .bss           0x0000000000001554       0x42 contiki-sky.a(process.o)
                0x0000000000001554                process_current
                0x0000000000001556                process_list
 .bss           0x0000000000001596        0x8 contiki-sky.a(compower.o)
 .bss           0x000000000000159e        0x6 contiki-sky.a(etimer.o)
 .bss           0x00000000000015a4        0x4 contiki-sky.a(ctimer.o)
 .bss           0x00000000000015a8        0x2 contiki-sky.a(rtimer.o)
 .bss           0x00000000000015aa      0x118 contiki-sky.a(nbr-table.o)
 .bss           0x00000000000016c2       0xba contiki-sky.a(packetbuf.o)
 .bss           0x000000000000177c      0x71e contiki-sky.a(queuebuf.o)
 .bss           0x0000000000001e9a      0x122 contiki-sky.a(sicslowpan.o)
 .bss           0x0000000000001fbc        0xe contiki-sky.a(tcpip.o)
 .bss           0x0000000000001fca      0x2fc contiki-sky.a(uip-ds6-route.o)
 .bss           0x00000000000022c6      0x2d0 contiki-sky.a(uip-ds6-nbr.o)
 .bss           0x0000000000002596       0x18 contiki-sky.a(uip-ds6.o)
 .bss           0x00000000000025ae        0xa contiki-sky.a(uip-nd6.o)
 .bss           0x00000000000025b8        0xa contiki-sky.a(uip6.o)
                0x00000000000025b8                uip_ext_opt_offset
                0x00000000000025ba                uip_ext_len
                0x00000000000025bc                uip_ext_bitmap
 .bss           0x00000000000025c2        0x8 contiki-sky.a(button-sensor.o)
 .bss           0x00000000000025ca        0x2 contiki-sky.a(node-id.o)
                0x00000000000025ca                node_id
 .bss           0x00000000000025cc        0x6 contiki-sky.a(sensors.o)
 .bss           0x00000000000025d2        0xa contiki-sky.a(cc2420.o)
 .bss           0x00000000000025dc       0x9a contiki-sky.a(uart1.o)
 .bss           0x0000000000002676        0xa contiki-sky.a(clock.o)
 .bss           0x0000000000002680        0x2 contiki-sky.a(leds.o)
 .bss           0x0000000000002682        0x2 contiki-sky.a(watchdog.o)
 .bss           0x0000000000002684        0x2 contiki-sky.a(framer-802154.o)
 .bss           0x0000000000002686       0xc8 contiki-sky.a(rpl-dag.o)
 .bss           0x000000000000274e       0x18 contiki-sky.a(rpl-timers.o)
 .bss           0x0000000000002766       0x10 contiki-sky.a(uip-icmp6.o)
 *(COMMON)
 COMMON         0x0000000000002776        0x8 contiki-sky.a(rimeaddr.o)
                0x0000000000002776                rimeaddr_node_addr
 COMMON         0x000000000000277e        0x1 contiki-sky.a(process.o)
                0x000000000000277e                process_maxevents
 *fill*         0x000000000000277f        0x1 00
 COMMON         0x0000000000002780        0x8 contiki-sky.a(compower.o)
                0x0000000000002780                compower_idle_activity
 COMMON         0x0000000000002788       0x56 contiki-sky.a(energest.o)
                0x0000000000002788                energest_total_time
                0x00000000000027b8                energest_total_count
                0x00000000000027ba                energest_current_mode
                0x00000000000027c6                energest_current_time
 COMMON         0x00000000000027de       0x50 contiki-sky.a(packetbuf.o)
                0x00000000000027de                packetbuf_addrs
                0x00000000000027fe                packetbuf_attrs
 COMMON         0x000000000000282e        0x8 contiki-sky.a(sicslowpan.o)
                0x000000000000282e                frag_sender
 COMMON         0x0000000000002836        0x1 contiki-sky.a(tcpip.o)
                0x0000000000002836                tcpip_event
 *fill*         0x0000000000002837        0x1 00
 COMMON         0x0000000000002838      0x15c contiki-sky.a(uip-ds6.o)
                0x0000000000002838                uip_ds6_timer_ra
                0x0000000000002840                uip_ds6_if
                0x000000000000292c                uip_ds6_netif_addr_list_offset
                0x000000000000292d                uip_ds6_addr_size
                0x000000000000292e                uip_ds6_prefix_list
                0x0000000000002988                uip_ds6_timer_periodic
 COMMON         0x0000000000002994      0x240 contiki-sky.a(uip6.o)
                0x0000000000002994                uip_len
                0x0000000000002996                uip_sappdata
                0x0000000000002998                uip_lladdr
                0x00000000000029a0                uip_aligned_buf
                0x0000000000002a90                uip_flags
                0x0000000000002a92                uip_next_hdr
                0x0000000000002a94                uip_udp_conn
                0x0000000000002a96                uip_appdata
                0x0000000000002a98                uip_conn
                0x0000000000002a9a                uip_slen
                0x0000000000002a9c                uip_udp_conns
 COMMON         0x0000000000002bd4        0x2 contiki-sky.a(contiki-sky-pla)
                0x0000000000002bd4                sensors_flags
 COMMON         0x0000000000002bd6        0x8 contiki-sky.a(ds2411.o)
                0x0000000000002bd6                ds2411_id
 COMMON         0x0000000000002bde        0x1 contiki-sky.a(sensors.o)
                0x0000000000002bde                sensors_event
 *fill*         0x0000000000002bdf        0x1 00
 COMMON         0x0000000000002be0       0x14 contiki-sky.a(cc2420.o)
                0x0000000000002be0                cc2420_last_rssi
                0x0000000000002be2                cc2420_packets_read
                0x0000000000002be4                cc2420_packets_seen
                0x0000000000002be6                cc2420_sfd_start_time
                0x0000000000002be8                cc2420_time_of_departure
                0x0000000000002bea                cc2420_time_of_arrival
                0x0000000000002bec                cc2420_last_correlation
                0x0000000000002bee                cc2420_authority_level_of_sender
                0x0000000000002bf0                cc2420_sfd_counter
                0x0000000000002bf2                cc2420_sfd_end_time
 COMMON         0x0000000000002bf4        0x2 contiki-sky.a(msp430.o)
                0x0000000000002bf4                msp430_dco_required
 COMMON         0x0000000000002bf6       0xbe contiki-sky.a(rpl-dag.o)
                0x0000000000002bf6                default_instance
                0x0000000000002bf8                instance_table
                0x0000000000002cb4                . = ALIGN (0x2)
                0x0000000000002cb4                PROVIDE (__bss_end, .)
                0x0000000000001af8                PROVIDE (__bss_size, SIZEOF (.bss))

.noinit         0x0000000000002cb4        0x2 load address 0x000000000000de9c
                0x0000000000002cb4                PROVIDE (__noinit_start, .)
 *(.noinit .noinit.*)
 .noinit.crt0   0x0000000000002cb4        0x2 /usr/lib/gcc/msp430/4.6.3/mmpy-16/libcrt0.a(__watchdog_support.o)
                0x0000000000002cb4                __wdt_clear_value
                0x0000000000002cb6                . = ALIGN (0x2)
                0x0000000000002cb6                PROVIDE (__noinit_end, .)
                0x0000000000002cb6                . = ALIGN (0x2)
                0x0000000000002cb6                _end = .

.infomem        0x0000000000001000        0x0
 *(.infomem)
                0x0000000000001000                . = ALIGN (0x2)
 *(.infomem.*)

.infomemnobits  0x0000000000001000        0x0
 *(.infomemnobits)
                0x0000000000001000                . = ALIGN (0x2)
 *(.infomemnobits.*)

.infoa
 *(.infoa .infoa.*)

.infob
 *(.infob .infob.*)

.infoc
 *(.infoc .infoc.*)

.infod
 *(.infod .infod.*)

.vectors        0x000000000000ffe0       0x20
                0x000000000000ffe0                PROVIDE (__vectors_start, .)
 *(.vectors*)
 .vectors       0x000000000000ffe0       0x20 /usr/lib/gcc/msp430/4.6.3/mmpy-16/crt0ivtbl16.o
                0x000000000000ffe0                __ivtbl_16
                0x0000000000010000                _vectors_end = .

.fartext        0x0000000000000000        0x0
                0x0000000000000000                . = ALIGN (0x2)
 *(.fartext)
                0x0000000000000000                . = ALIGN (0x2)
 *(.fartext.*)
                0x0000000000000000                _efartext = .

.profiler
 *(.profiler)

.stab
 *(.stab)

.stabstr
 *(.stabstr)

.stab.excl
 *(.stab.excl)

.stab.exclstr
 *(.stab.exclstr)

.stab.index
 *(.stab.index)

.stab.indexstr
 *(.stab.indexstr)

.comment
 *(.comment)

.debug
 *(.debug)

.line
 *(.line)

.debug_srcinfo
 *(.debug_srcinfo)

.debug_sfnames
 *(.debug_sfnames)

.debug_aranges  0x0000000000000000      0x190
 *(.debug_aranges)
 .debug_aranges
                0x0000000000000000       0x14 /usr/lib/gcc/msp430/4.6.3/mmpy-16/libgcc.a(_mulsi3.o)
 .debug_aranges
                0x0000000000000014       0x14 /usr/lib/gcc/msp430/4.6.3/mmpy-16/libgcc.a(_udivmod16.o)
 .debug_aranges
                0x0000000000000028       0x14 /usr/lib/gcc/msp430/4.6.3/mmpy-16/libgcc.a(_divmod16.o)
 .debug_aranges
                0x000000000000003c       0x14 /usr/lib/gcc/msp430/4.6.3/mmpy-16/libgcc.a(_udivmod32.o)
 .debug_aranges
                0x0000000000000050       0x14 /usr/lib/gcc/msp430/4.6.3/../../../../msp430/lib/mmpy-16/libc.a(strncmp.o)
 .debug_aranges
                0x0000000000000064       0x14 /usr/lib/gcc/msp430/4.6.3/../../../../msp430/lib/mmpy-16/libc.a(memcmp.o)
 .debug_aranges
                0x0000000000000078       0x14 /usr/lib/gcc/msp430/4.6.3/../../../../msp430/lib/mmpy-16/libc.a(memcpy.o)
 .debug_aranges
                0x000000000000008c       0x14 /usr/lib/gcc/msp430/4.6.3/../../../../msp430/lib/mmpy-16/libc.a(memmove.o)
 .debug_aranges
                0x00000000000000a0       0x14 /usr/lib/gcc/msp430/4.6.3/../../../../msp430/lib/mmpy-16/libc.a(memset.o)
 .debug_aranges
                0x00000000000000b4       0x14 /usr/lib/gcc/msp430/4.6.3/../../../../msp430/lib/mmpy-16/libc.a(printf.o)
 .debug_aranges
                0x00000000000000c8       0x14 /usr/lib/gcc/msp430/4.6.3/../../../../msp430/lib/mmpy-16/libc.a(vuprintf.o)
 .debug_aranges
                0x00000000000000dc       0x14 /usr/lib/gcc/msp430/4.6.3/../../../../msp430/lib/mmpy-16/libc.a(puts.o)
 .debug_aranges
                0x00000000000000f0       0x14 /usr/lib/gcc/msp430/4.6.3/../../../../msp430/lib/mmpy-16/libc.a(rand.o)
 .debug_aranges
                0x0000000000000104       0x14 /usr/lib/gcc/msp430/4.6.3/mmpy-16/libgcc.a(_udivmod64.o)
 .debug_aranges
                0x0000000000000118       0x14 /usr/lib/gcc/msp430/4.6.3/mmpy-16/libcrt0.a(__watchdog_support.o)
 .debug_aranges
                0x000000000000012c       0x14 /usr/lib/gcc/msp430/4.6.3/mmpy-16/libcrt0.a(__init_stack.o)
 .debug_aranges
                0x0000000000000140       0x14 /usr/lib/gcc/msp430/4.6.3/mmpy-16/libcrt0.a(_copy_data.o)
 .debug_aranges
                0x0000000000000154       0x14 /usr/lib/gcc/msp430/4.6.3/mmpy-16/libcrt0.a(_clear_bss.o)
 .debug_aranges
                0x0000000000000168       0x14 /usr/lib/gcc/msp430/4.6.3/mmpy-16/libcrt0.a(_endless_loop__.o)
 .debug_aranges
                0x000000000000017c       0x14 /usr/lib/gcc/msp430/4.6.3/mmpy-16/libcrt0.a(_unexpected_.o)

.debug_pubnames
 *(.debug_pubnames)

.debug_info     0x0000000000000000     0x1584
 *(.debug_info)
 .debug_info    0x0000000000000000       0xd6 /usr/lib/gcc/msp430/4.6.3/mmpy-16/libgcc.a(_mulsi3.o)
 .debug_info    0x00000000000000d6       0xd6 /usr/lib/gcc/msp430/4.6.3/mmpy-16/libgcc.a(_udivmod16.o)
 .debug_info    0x00000000000001ac       0xd6 /usr/lib/gcc/msp430/4.6.3/mmpy-16/libgcc.a(_divmod16.o)
 .debug_info    0x0000000000000282       0xd6 /usr/lib/gcc/msp430/4.6.3/mmpy-16/libgcc.a(_udivmod32.o)
 .debug_info    0x0000000000000358       0xbb /usr/lib/gcc/msp430/4.6.3/../../../../msp430/lib/mmpy-16/libc.a(strncmp.o)
 .debug_info    0x0000000000000413       0xe8 /usr/lib/gcc/msp430/4.6.3/../../../../msp430/lib/mmpy-16/libc.a(memcmp.o)
 .debug_info    0x00000000000004fb      0x113 /usr/lib/gcc/msp430/4.6.3/../../../../msp430/lib/mmpy-16/libc.a(memcpy.o)
 .debug_info    0x000000000000060e      0x113 /usr/lib/gcc/msp430/4.6.3/../../../../msp430/lib/mmpy-16/libc.a(memmove.o)
 .debug_info    0x0000000000000721       0xfe /usr/lib/gcc/msp430/4.6.3/../../../../msp430/lib/mmpy-16/libc.a(memset.o)
 .debug_info    0x000000000000081f      0x105 /usr/lib/gcc/msp430/4.6.3/../../../../msp430/lib/mmpy-16/libc.a(printf.o)
 .debug_info    0x0000000000000924      0x565 /usr/lib/gcc/msp430/4.6.3/../../../../msp430/lib/mmpy-16/libc.a(vuprintf.o)
 .debug_info    0x0000000000000e89       0x96 /usr/lib/gcc/msp430/4.6.3/../../../../msp430/lib/mmpy-16/libc.a(puts.o)
 .debug_info    0x0000000000000f1f      0x13f /usr/lib/gcc/msp430/4.6.3/../../../../msp430/lib/mmpy-16/libc.a(rand.o)
 .debug_info    0x000000000000105e       0xd6 /usr/lib/gcc/msp430/4.6.3/mmpy-16/libgcc.a(_udivmod64.o)
 .debug_info    0x0000000000001134       0xb8 /usr/lib/gcc/msp430/4.6.3/mmpy-16/libcrt0.a(__watchdog_support.o)
 .debug_info    0x00000000000011ec       0xb8 /usr/lib/gcc/msp430/4.6.3/mmpy-16/libcrt0.a(__init_stack.o)
 .debug_info    0x00000000000012a4       0xb8 /usr/lib/gcc/msp430/4.6.3/mmpy-16/libcrt0.a(_copy_data.o)
 .debug_info    0x000000000000135c       0xb8 /usr/lib/gcc/msp430/4.6.3/mmpy-16/libcrt0.a(_clear_bss.o)
 .debug_info    0x0000000000001414       0xb8 /usr/lib/gcc/msp430/4.6.3/mmpy-16/libcrt0.a(_endless_loop__.o)
 .debug_info    0x00000000000014cc       0xb8 /usr/lib/gcc/msp430/4.6.3/mmpy-16/libcrt0.a(_unexpected_.o)
 *(.gnu.linkonce.wi.*)

.debug_abbrev   0x0000000000000000      0x7cc
 *(.debug_abbrev)
 .debug_abbrev  0x0000000000000000       0x14 /usr/lib/gcc/msp430/4.6.3/mmpy-16/libgcc.a(_mulsi3.o)
 .debug_abbrev  0x0000000000000014       0x14 /usr/lib/gcc/msp430/4.6.3/mmpy-16/libgcc.a(_udivmod16.o)
 .debug_abbrev  0x0000000000000028       0x14 /usr/lib/gcc/msp430/4.6.3/mmpy-16/libgcc.a(_divmod16.o)
 .debug_abbrev  0x000000000000003c       0x14 /usr/lib/gcc/msp430/4.6.3/mmpy-16/libgcc.a(_udivmod32.o)
 .debug_abbrev  0x0000000000000050       0x7c /usr/lib/gcc/msp430/4.6.3/../../../../msp430/lib/mmpy-16/libc.a(strncmp.o)
 .debug_abbrev  0x00000000000000cc       0x9b /usr/lib/gcc/msp430/4.6.3/../../../../msp430/lib/mmpy-16/libc.a(memcmp.o)
 .debug_abbrev  0x0000000000000167       0x97 /usr/lib/gcc/msp430/4.6.3/../../../../msp430/lib/mmpy-16/libc.a(memcpy.o)
 .debug_abbrev  0x00000000000001fe       0x97 /usr/lib/gcc/msp430/4.6.3/../../../../msp430/lib/mmpy-16/libc.a(memmove.o)
 .debug_abbrev  0x0000000000000295       0x9c /usr/lib/gcc/msp430/4.6.3/../../../../msp430/lib/mmpy-16/libc.a(memset.o)
 .debug_abbrev  0x0000000000000331       0xd0 /usr/lib/gcc/msp430/4.6.3/../../../../msp430/lib/mmpy-16/libc.a(printf.o)
 .debug_abbrev  0x0000000000000401      0x1ef /usr/lib/gcc/msp430/4.6.3/../../../../msp430/lib/mmpy-16/libc.a(vuprintf.o)
 .debug_abbrev  0x00000000000005f0       0x60 /usr/lib/gcc/msp430/4.6.3/../../../../msp430/lib/mmpy-16/libc.a(puts.o)
 .debug_abbrev  0x0000000000000650       0xf0 /usr/lib/gcc/msp430/4.6.3/../../../../msp430/lib/mmpy-16/libc.a(rand.o)
 .debug_abbrev  0x0000000000000740       0x14 /usr/lib/gcc/msp430/4.6.3/mmpy-16/libgcc.a(_udivmod64.o)
 .debug_abbrev  0x0000000000000754       0x14 /usr/lib/gcc/msp430/4.6.3/mmpy-16/libcrt0.a(__watchdog_support.o)
 .debug_abbrev  0x0000000000000768       0x14 /usr/lib/gcc/msp430/4.6.3/mmpy-16/libcrt0.a(__init_stack.o)
 .debug_abbrev  0x000000000000077c       0x14 /usr/lib/gcc/msp430/4.6.3/mmpy-16/libcrt0.a(_copy_data.o)
 .debug_abbrev  0x0000000000000790       0x14 /usr/lib/gcc/msp430/4.6.3/mmpy-16/libcrt0.a(_clear_bss.o)
 .debug_abbrev  0x00000000000007a4       0x14 /usr/lib/gcc/msp430/4.6.3/mmpy-16/libcrt0.a(_endless_loop__.o)
 .debug_abbrev  0x00000000000007b8       0x14 /usr/lib/gcc/msp430/4.6.3/mmpy-16/libcrt0.a(_unexpected_.o)

.debug_line     0x0000000000000000      0xdff
 *(.debug_line)
 .debug_line    0x0000000000000000       0xa3 /usr/lib/gcc/msp430/4.6.3/mmpy-16/libgcc.a(_mulsi3.o)
 .debug_line    0x00000000000000a3       0x9c /usr/lib/gcc/msp430/4.6.3/mmpy-16/libgcc.a(_udivmod16.o)
 .debug_line    0x000000000000013f       0xa7 /usr/lib/gcc/msp430/4.6.3/mmpy-16/libgcc.a(_divmod16.o)
 .debug_line    0x00000000000001e6       0xab /usr/lib/gcc/msp430/4.6.3/mmpy-16/libgcc.a(_udivmod32.o)
 .debug_line    0x0000000000000291       0x75 /usr/lib/gcc/msp430/4.6.3/../../../../msp430/lib/mmpy-16/libc.a(strncmp.o)
 .debug_line    0x0000000000000306       0x73 /usr/lib/gcc/msp430/4.6.3/../../../../msp430/lib/mmpy-16/libc.a(memcmp.o)
 .debug_line    0x0000000000000379       0xe9 /usr/lib/gcc/msp430/4.6.3/../../../../msp430/lib/mmpy-16/libc.a(memcpy.o)
 .debug_line    0x0000000000000462       0xe9 /usr/lib/gcc/msp430/4.6.3/../../../../msp430/lib/mmpy-16/libc.a(memmove.o)
 .debug_line    0x000000000000054b       0xc8 /usr/lib/gcc/msp430/4.6.3/../../../../msp430/lib/mmpy-16/libc.a(memset.o)
 .debug_line    0x0000000000000613       0x72 /usr/lib/gcc/msp430/4.6.3/../../../../msp430/lib/mmpy-16/libc.a(printf.o)
 .debug_line    0x0000000000000685      0x2d2 /usr/lib/gcc/msp430/4.6.3/../../../../msp430/lib/mmpy-16/libc.a(vuprintf.o)
 .debug_line    0x0000000000000957       0x4d /usr/lib/gcc/msp430/4.6.3/../../../../msp430/lib/mmpy-16/libc.a(puts.o)
 .debug_line    0x00000000000009a4       0x4f /usr/lib/gcc/msp430/4.6.3/../../../../msp430/lib/mmpy-16/libc.a(rand.o)
 .debug_line    0x00000000000009f3       0xf1 /usr/lib/gcc/msp430/4.6.3/mmpy-16/libgcc.a(_udivmod64.o)
 .debug_line    0x0000000000000ae4       0x84 /usr/lib/gcc/msp430/4.6.3/mmpy-16/libcrt0.a(__watchdog_support.o)
 .debug_line    0x0000000000000b68       0x82 /usr/lib/gcc/msp430/4.6.3/mmpy-16/libcrt0.a(__init_stack.o)
 .debug_line    0x0000000000000bea       0x88 /usr/lib/gcc/msp430/4.6.3/mmpy-16/libcrt0.a(_copy_data.o)
 .debug_line    0x0000000000000c72       0x88 /usr/lib/gcc/msp430/4.6.3/mmpy-16/libcrt0.a(_clear_bss.o)
 .debug_line    0x0000000000000cfa       0x83 /usr/lib/gcc/msp430/4.6.3/mmpy-16/libcrt0.a(_endless_loop__.o)
 .debug_line    0x0000000000000d7d       0x82 /usr/lib/gcc/msp430/4.6.3/mmpy-16/libcrt0.a(_unexpected_.o)

.debug_frame    0x0000000000000000      0x224
 *(.debug_frame)
 .debug_frame   0x0000000000000000       0x24 /usr/lib/gcc/msp430/4.6.3/../../../../msp430/lib/mmpy-16/libc.a(strncmp.o)
 .debug_frame   0x0000000000000024       0x24 /usr/lib/gcc/msp430/4.6.3/../../../../msp430/lib/mmpy-16/libc.a(memcmp.o)
 .debug_frame   0x0000000000000048       0x38 /usr/lib/gcc/msp430/4.6.3/../../../../msp430/lib/mmpy-16/libc.a(memcpy.o)
 .debug_frame   0x0000000000000080       0x38 /usr/lib/gcc/msp430/4.6.3/../../../../msp430/lib/mmpy-16/libc.a(memmove.o)
 .debug_frame   0x00000000000000b8       0x32 /usr/lib/gcc/msp430/4.6.3/../../../../msp430/lib/mmpy-16/libc.a(memset.o)
 .debug_frame   0x00000000000000ea       0x2a /usr/lib/gcc/msp430/4.6.3/../../../../msp430/lib/mmpy-16/libc.a(printf.o)
 .debug_frame   0x0000000000000114       0xb0 /usr/lib/gcc/msp430/4.6.3/../../../../msp430/lib/mmpy-16/libc.a(vuprintf.o)
 .debug_frame   0x00000000000001c4       0x24 /usr/lib/gcc/msp430/4.6.3/../../../../msp430/lib/mmpy-16/libc.a(puts.o)
 .debug_frame   0x00000000000001e8       0x3c /usr/lib/gcc/msp430/4.6.3/../../../../msp430/lib/mmpy-16/libc.a(rand.o)

.debug_str      0x0000000000000000      0x3f7
 *(.debug_str)
 .debug_str     0x0000000000000000       0xc4 /usr/lib/gcc/msp430/4.6.3/../../../../msp430/lib/mmpy-16/libc.a(strncmp.o)
                                         0xfd (size before relaxing)
 .debug_str     0x00000000000000c4       0x19 /usr/lib/gcc/msp430/4.6.3/../../../../msp430/lib/mmpy-16/libc.a(memcmp.o)
                                         0xfb (size before relaxing)
 .debug_str     0x00000000000000dd       0x34 /usr/lib/gcc/msp430/4.6.3/../../../../msp430/lib/mmpy-16/libc.a(memcpy.o)
                                        0x116 (size before relaxing)
 .debug_str     0x0000000000000111       0x1b /usr/lib/gcc/msp430/4.6.3/../../../../msp430/lib/mmpy-16/libc.a(memmove.o)
                                        0x118 (size before relaxing)
 .debug_str     0x000000000000012c       0x26 /usr/lib/gcc/msp430/4.6.3/../../../../msp430/lib/mmpy-16/libc.a(memset.o)
                                        0x114 (size before relaxing)
 .debug_str     0x0000000000000152       0x40 /usr/lib/gcc/msp430/4.6.3/../../../../msp430/lib/mmpy-16/libc.a(printf.o)
                                        0x12a (size before relaxing)
 .debug_str     0x0000000000000192      0x221 /usr/lib/gcc/msp430/4.6.3/../../../../msp430/lib/mmpy-16/libc.a(vuprintf.o)
                                        0x375 (size before relaxing)
 .debug_str     0x00000000000003b3       0x15 /usr/lib/gcc/msp430/4.6.3/../../../../msp430/lib/mmpy-16/libc.a(puts.o)